# math_run log
command:  python3 runs/2026-10-01-warp-drive-without-negative-energy/math/idealizer/M-IDEALIZER-03.py
started:  2026-10-01T21:59:17Z
duration: 0.8 s
exit:     0
versions: python 3.11.15, sympy 1.14.0, mpmath 1.3.0, numpy 2.4.6, scipy 1.17.1
counts:   13 PASS, 0 FAIL, 0 UNDECIDED

--- stdout ---
PASS (R**(3/2) - R*sqrt(-2*M + R))/(4*pi*R**(5/2)) == (1 - sqrt(-2*M/R + 1))/(4*pi*R): symbolic
PASS (-M*R**(5/2) + R**(7/2) - R**3*sqrt(-2*M + R))/(8*pi*R**4*sqrt(-2*M + R)) == (-1 + (-M/R + 1)/sqrt(-2*M/R + 1))/(8*pi*R): symbolic
PASS (1 - sqrt(1 - x))/(4*pi) is positive: numeric at 50 points, x in [1e-06, 1]
PASS (-1 + (1 - x/2)/sqrt(1 - x))/(8*pi) is positive: numeric at 50 points, x in [1e-06, 1]
PASS (-1 + (1 - x/2)/sqrt(1 - x))/(8*pi) + (1 - sqrt(1 - x))/(4*pi) is positive: numeric at 50 points, x in [1e-06, 1]
PASS (-1 + (1 - x/2)/sqrt(1 - x))/(4*pi) + (1 - sqrt(1 - x))/(4*pi) is positive: numeric at 50 points, x in [1e-06, 1]
PASS (-1 + (1 - x/2)/sqrt(1 - x))/(8*pi) <= (1 - sqrt(1 - x))/(4*pi): numeric at 50 points, x in [1e-06, 0.96]
PASS (-1 + (1 - x/2)/sqrt(1 - x))/(8*pi) > (1 - sqrt(1 - x))/(4*pi): numeric at 50 points, x in [0.9601, 1]
DEC boundary p = sigma at x = [24/25]
PASS 24/25 == 24/25: symbolic
p/sigma at 2M/R = 1/3: 0.0562 (claim 0.056)
PASS 0.05618621784789726 == 0.056: within 0.01; 0.0561862 vs 0.056 (SI)
p/sigma at 2M/R = 2/3: 0.1830 (claim 0.183)
PASS 0.18301270189221933 == 0.183: within 0.01; 0.183013 vs 0.183 (SI)
PASS series of (1 - sqrt(1 - 2*M))/(4*pi) about M = 0 to order 2 == M/(4*pi): symbolic: M/(4*pi)
PASS series of (-M - sqrt(1 - 2*M) + 1)/(8*pi*sqrt(1 - 2*M)) about M = 0 to order 3 == M**2/(16*pi): symbolic: M**2/(16*pi)
SUMMARY: 13 pass, 0 fail, 0 undecided

--- stderr ---

