# math_run log
command:  python3 runs/2026-10-01-warp-drive-without-negative-energy/math/idealizer/M-IDEALIZER-01.py
started:  2026-10-01T21:59:23Z
duration: 1.0 s
exit:     0
versions: python 3.11.15, sympy 1.14.0, mpmath 1.3.0, numpy 2.4.6, scipy 1.17.1
counts:   14 PASS, 0 FAIL, 0 UNDECIDED

--- stdout ---
induced metric (t, th, ph): Matrix([[-N_l**2 + b**2, -R*b*sin(theta), 0], [-R*b*sin(theta), R**2, 0], [0, 0, R**2*sin(theta)**2]])
PASS -R*b*sin(theta) == -R*b*sin(theta): symbolic
relabelled induced metric (tau, th, ph): Matrix([[-N_l**2 + b**2, 0, 0], [0, R**2*(N_l**2 - b**2*cos(theta)**2)/(N_l**2 - b**2), 0], [0, 0, R**2*sin(theta)**2]])
PASS 0 == 0: symbolic
PASS -N_l**2 + b**2 == -N_l**2 + b**2: symbolic
PASS R**2*(N_l**2 - b**2*cos(theta)**2)/(N_l**2 - b**2) == R**2*(N_l**2 - b**2*cos(theta)**2)/(N_l**2 - b**2): symbolic
PASS R**2*sin(theta)**2 == R**2*sin(theta)**2: symbolic
K(pole) = N_l**2/(R**2*(N_l**2 - b**2))   K(equator) = (N_l**2 - b**2)/(N_l**2*R**2)
PASS N_l**2/(R**2*(N_l**2 - b**2)) == N_l**2/(R**2*(N_l**2 - b**2)): symbolic
PASS (N_l**2 - b**2)/(N_l**2*R**2) == (N_l**2 - b**2)/(N_l**2*R**2): symbolic
PASS R**2*(N_l**2 - b**2*cos(theta)**2)/(N_l**2 - b**2) == R**2*(N_l**2*sin(theta)**2/(N_l**2 - b**2) + cos(theta)**2): symbolic
PASS N_l*z/sqrt(N_l**2 - b**2) == N_l*z/sqrt(N_l**2 - b**2): symbolic
PASS -N_l**4*dt**2/(N_l**2 - b**2) + 2*N_l**2*b**2*dt**2/(N_l**2 - b**2) + 2*N_l**2*b*dt*dz/(N_l**2 - b**2) + N_l**2*dz**2/(N_l**2 - b**2) - b**4*dt**2/(N_l**2 - b**2) - 2*b**3*dt*dz/(N_l**2 - b**2) - b**2*dz**2/(N_l**2 - b**2) == -N_l**2*dt**2 + b**2*dt**2 + 2*b*dt*dz + dz**2: symbolic
PASS lim b->0 of N_l**2/(R**2*(N_l**2 - b**2)) == R**(-2): symbolic limit R**(-2)
b = 0.02: gamma = 1.000200 (claim 1.0002)
PASS 1.000200060020007 == 1.0002: within 0.0001; 1.0002 vs 1.0002 (SI)
b = 0.04: gamma = 1.000801 (claim 1.0008)
PASS 1.0008009612817945 == 1.0008: within 0.0001; 1.0008 vs 1.0008 (SI)
for reference, at the 2024 interior lapse N = 0.7614, b = 0.02: gamma = 1.000345
PASS 1/(10 m)^2 has the dimension of 1/m^2: dimensional analysis
SUMMARY: 14 pass, 0 fail, 0 undecided

--- stderr ---

