# math_run log
command:  python3 runs/2026-10-01-warp-drive-without-negative-energy/math/idealizer/M-IDEALIZER-08.py
started:  2026-10-01T22:20:59Z
duration: 0.9 s
exit:     0
versions: python 3.11.15, sympy 1.14.0, mpmath 1.3.0, numpy 2.4.6, scipy 1.17.1
counts:   9 PASS, 0 FAIL, 0 UNDECIDED

--- stdout ---
PASS -2*w/(w**2 - 1) == 2*w/(1 - w**2): symbolic
PASS series of -1/(w + 1) + 1/(1 - w) about w = 0 to order 2 == 2*w: symbolic: 2*w
sigmoid: int S(|z|) dz = 30.00000 m
PASS 30.0 m == 30.0 m: within 0.0001; 30 vs 30 (SI)
cubic: int S(|z|) dz = 30.00000 m
PASS 30.000000000000004 m == 30.0 m: within 0.0001; 30 vs 30 (SI)
quintic: int S(|z|) dz = 30.00000 m
PASS 30.0 m == 30.0 m: within 0.0001; 30 vs 30 (SI)
Delta t (beta = 0.04, N = 1) = 8.0055 ns
PASS 2*0.04*30 m / (2.99792458e8 m/s) == 8.0 ns: within 0.005; 8.00554e-09 vs 8e-09 (SI)
PASS 2*0.04*30 m / (2.99792458e8 m/s) has the dimension of s: dimensional analysis
non-linearised in w: 8.0167 ns
PASS 1.7271157167530227 == 1.73: within 0.003; 1.72712 vs 1.73 (SI)
PASS 13.826490992669518 == 13.8: within 0.005; 13.8265 vs 13.8 (SI)
SUMMARY: 9 pass, 0 fail, 0 undecided

--- stderr ---

