# math_run log
command:  python3 runs/2026-10-01-warp-drive-without-negative-energy/math/idealizer/M-IDEALIZER-06.py
started:  2026-10-01T22:20:50Z
duration: 4.2 s
exit:     0
versions: python 3.11.15, sympy 1.14.0, mpmath 1.3.0, numpy 2.4.6, scipy 1.17.1
counts:   13 PASS, 0 FAIL, 0 UNDECIDED

--- stdout ---
PASS 2*j*cos(alpha) + p + rho == 2*j*cos(alpha) + p + rho: symbolic
min over alpha of T_kk = rho + p - 2|j|  (cos alpha = -sign j)
PASS -2*j + p + rho == -2*j + p + rho: symbolic
PASS 1 kg * 6.6743e-11 m^3/(kg s^2) / (2.99792458e8 m/s)^2 has the dimension of m: dimensional analysis
M = 3.3343 m (geometric)
PASS 3.334345960834281 == 3.334: within 0.001; 3.33435 vs 3.334 (SI)
sigmoid: uniform 0.02723 -> 0.02723; shaped spherical 0.0667; shaped pointwise 0.0840; p=0.1rho 0.02995 (x1.100)
PASS 0.02722720362381941 == 0.0272: within 0.005; 0.0272272 vs 0.0272 (SI)
PASS 1.1 == 1.1: within 1e-09; 1.1 vs 1.1 (SI)
   claim shaped 0.084: spherical 0.0667, pointwise 0.0840
PASS 0.0840266564687878 == 0.084: within 0.02; 0.0840267 vs 0.084 (SI)
cubic: uniform 0.04764 -> 0.04764; shaped spherical 0.0860; shaped pointwise 0.1074; p=0.1rho 0.05240 (x1.100)
PASS 0.04763589564004599 == 0.0476: within 0.005; 0.0476359 vs 0.0476 (SI)
PASS 1.1 == 1.1: within 1e-09; 1.1 vs 1.1 (SI)
   claim shaped 0.107: spherical 0.0860, pointwise 0.1074
PASS 0.10739370602183701 == 0.107: within 0.02; 0.107394 vs 0.107 (SI)
quintic: uniform 0.04395 -> 0.04395; shaped spherical 0.0729; shaped pointwise 0.0906; p=0.1rho 0.04834 (x1.100)
PASS 0.043947573056634874 == 0.0439: within 0.005; 0.0439476 vs 0.0439 (SI)
PASS 1.1 == 1.1: within 1e-09; 1.1 vs 1.1 (SI)
PASS 9.999999999999997e-07 == 1e-6: within 1e-06; 1e-06 vs 1e-06 (SI)
SUMMARY: 13 pass, 0 fail, 0 undecided

--- stderr ---

