# math_run log
command:  python3 runs/2026-10-01-warp-drive-without-negative-energy/math/idealizer/M-IDEALIZER-07.py
started:  2026-10-01T22:20:54Z
duration: 4.7 s
exit:     0
versions: python 3.11.15, sympy 1.14.0, mpmath 1.3.0, numpy 2.4.6, scipy 1.17.1
counts:   9 PASS, 0 FAIL, 0 UNDECIDED

--- stdout ---
Delta/R2 = 0.09: beta_uni = 0.00548, k_uni = 0.183; beta_shaped(sph) = 0.0109, k_shaped = 0.462; pointwise 0.0139
Delta/R2 = 0.2: beta_uni = 0.01367, k_uni = 0.205; beta_shaped(sph) = 0.0270, k_shaped = 0.509; pointwise 0.0340
Delta/R2 = 0.3: beta_uni = 0.02284, k_uni = 0.228; beta_shaped(sph) = 0.0442, k_shaped = 0.553; pointwise 0.0553
Delta/R2 = 0.5: beta_uni = 0.04764, k_uni = 0.286; beta_shaped(sph) = 0.0860, k_shaped = 0.644; pointwise 0.1074
Delta/R2 = 0.7: beta_uni = 0.08364, k_uni = 0.358; beta_shaped(sph) = 0.1362, k_shaped = 0.737; pointwise 0.1721
Delta/R2 = 0.9: beta_uni = 0.11014, k_uni = 0.367; beta_shaped(sph) = 0.1911, k_shaped = 0.830; pointwise 0.2490
k_uniform range 0.183-0.367 (claim 0.18-0.37); k_shaped range 0.462-0.830 (claim 0.46-0.83)
PASS 0.18262573673344173 == 0.18: within 0.05; 0.182626 vs 0.18 (SI)
PASS 0.3670305667748228 == 0.37: within 0.05; 0.367031 vs 0.37 (SI)
PASS 0.4622219105529822 == 0.46: within 0.05; 0.462222 vs 0.46 (SI)
PASS 0.8297931606823036 == 0.83: within 0.05; 0.829793 vs 0.83 (SI)
(10,20): 0.04764; (100,200) with 10M: 0.04764
PASS 1.0 == 1: within 1e-06; 1 vs 1 (SI)
thin-wall caps: [np.float64(0.0011340892427478373), np.float64(0.0005613746553858678), np.float64(0.00027928397368901176)]
PASS 0.4975001472003443 == 0.5: within 0.03; 0.4975 vs 0.5 (SI)
2M/R2 = 0.05: cap 0.00714 (claim 7e-3)
PASS 0.007143214321426786 == 7e-3: within 0.03; 0.00714321 vs 0.007 (SI)
M for R1 = 100 m: 4.4900e+28 kg = 23.66 M_J (claim 4.48e28 kg, 23.6 M_J)
PASS 4.49e+28 kg == 4.48e28 kg: within 0.005; 4.49e+28 vs 4.48e+28 (SI)
PASS 23.656480505795574 == 23.6: within 0.005; 23.6565 vs 23.6 (SI)
SUMMARY: 9 pass, 0 fail, 0 undecided

--- stderr ---

