# math_run log
command:  python3 runs/2026-10-01-warp-drive-without-negative-energy/math/idealizer/M-IDEALIZER-10.py
started:  2026-10-01T22:20:37Z
duration: 0.5 s
exit:     0
versions: python 3.11.15, sympy 1.14.0, mpmath 1.3.0, numpy 2.4.6, scipy 1.17.1
counts:   21 PASS, 0 FAIL, 0 UNDECIDED

--- stdout ---
PASS (-b**2/N_l + (-N_l**2 + b**2)/N_l)/N_l == -1: symbolic
PASS sqrt(1 - 1/(b**2/(N_l*sqrt(N_l**2 - b**2)) - (-N_l**2 + b**2)/(N_l*sqrt(N_l**2 - b**2)))**2) == b/N_l: symbolic
PASS lim b->0 of b/N_l == 0: symbolic limit 0
beta = 0.02: N = 0.76138, v = 0.02627 c; 20 m crossing 2.540 us; 10 m 1.270 us
PASS 0.026268080919841025 == 0.026: within 0.02; 0.0262681 vs 0.026 (SI)
PASS 20 m / (0.026268080919841025 * 2.99792458e8 m/s) == 2.5e-06 s: within 0.03; 2.53969e-06 vs 2.5e-06 (SI)
beta = 0.04: N = 0.76217, v = 0.05248 c; 20 m crossing 1.271 us; 10 m 0.636 us
PASS 0.052481870235265904 == 0.053: within 0.02; 0.0524819 vs 0.053 (SI)
PASS 20 m / (0.052481870235265904 * 2.99792458e8 m/s) == 1.3e-06 s: within 0.03; 1.27116e-06 vs 1.3e-06 (SI)
PASS 0.7613803254615922 == 0.7614: within 0.0001; 0.76138 vs 0.7614 (SI)
PASS 0.7611175993235211 == 0.7611: within 0.0001; 0.761118 vs 0.7611 (SI)
PASS 20 m / (0.026 * 2.99792458e8 m/s) has the dimension of s: dimensional analysis
mass ratio 1.0833333333333333
PASS 1.0833333333333333 == 1.0833: within 0.0001; 1.08333 vs 1.0833 (SI)
PASS 0.08333333333333333 * 4.49e27 kg == 3.74e26 kg: within 0.002; 3.74167e+26 vs 3.74e+26 (SI)
PASS 0.08333333333333333 * 1e5 kg == 8.3e3 kg: within 0.005; 8333.33 vs 8300 (SI)
PASS 0.08333333333333333 * 4.49e27 / 1.898e27 == 0.197: within 0.003; 0.197137 vs 0.197 (SI)
PASS 4.49e27 / 1e5 == 4.5e22: within 0.003; 4.49e+22 vs 4.5e+22 (SI)
PASS (v + 1)/(1 - v) == (v + 1)/(1 - v): symbolic
PASS lim v->0 of -1 + (v + 1)/(1 - v) == 0: symbolic limit 0
PASS 0 == 0: symbolic
4GM/(c^2 R), R = 20.0: 0.6669
PASS 0.6668691921668561 == 0.67: within 0.005; 0.666869 vs 0.67 (SI)
4GM/(c^2 R), R = 10.0: 1.3337
PASS 1.3337383843337123 == 1.33: within 0.005; 1.33374 vs 1.33 (SI)
PASS 4 * 6.6743e-11 m^3/(kg s^2) * 4.49e27 kg / ((2.99792458e8 m/s)^2 * 20 m) has the dimension of 1: dimensional analysis
SUMMARY: 21 pass, 0 fail, 0 undecided

--- stderr ---

