# math_run log
command:  python3 runs/2026-10-01-warp-drive-without-negative-energy/math/idealizer/M-IDEALIZER-09.py
started:  2026-10-01T22:20:37Z
duration: 0.8 s
exit:     0
versions: python 3.11.15, sympy 1.14.0, mpmath 1.3.0, numpy 2.4.6, scipy 1.17.1
counts:   13 PASS, 0 FAIL, 0 UNDECIDED

--- stdout ---
PASS T00 + 2*T03 + T33 == T00 + 2*T03 + T33: symbolic
PASS 0.16671729804172236 == 0.16671729804171403: within 1e-09; 0.166717 vs 0.166717 (SI)
PASS 0.21435081176791806 == 0.21435081176791806: within 1e-09; 0.214351 vs 0.214351 (SI)
L = 20 m: delay = 16.462 m = 54.91 ns; beta for net advance = 0.549
PASS 16.462497028203565 == 16.46: within 0.003; 16.4625 vs 16.46 (SI)
L = 100 m: delay = 37.928 m = 126.51 ns; beta for net advance = 1.264
PASS 37.92818823835636 == 37.9: within 0.003; 37.9282 vs 37.9 (SI)
L = 10000 m: delay = 99.349 m = 331.39 ns; beta for net advance = 3.312
PASS 99.34911067277176 == 99.3: within 0.003; 99.3491 vs 99.3 (SI)
PASS 54.912979259149886 == 54.9: within 0.003; 54.913 vs 54.9 (SI)
PASS 0.5487499009401188 == 0.55: within 0.01; 0.54875 vs 0.55 (SI)
PASS 3.3116370224257254 == 3.3: within 0.01; 3.31164 vs 3.3 (SI)
advance/delay at beta = 0.0272, L = 20: 0.0496 (claim 0.05)
PASS 0.04956720712550642 == 0.05: within 0.05; 0.0495672 vs 0.05 (SI)
advance/delay at beta = 0.107, L = 20: 0.1950 (claim 0.2)
PASS 0.19498864567754365 == 0.2: within 0.05; 0.194989 vs 0.2 (SI)
advance/delay at beta = 0.0272, L = 10000: 0.0082 (claim 0.008)
PASS 0.008213460538038193 == 0.008: within 0.05; 0.00821346 vs 0.008 (SI)
PASS lim M->0 of 4*M*log(L/20) == 0: symbolic limit 0
SUMMARY: 13 pass, 0 fail, 0 undecided

--- stderr ---

