exit 1 in 51.9 s: 20 PASS, 0 FAIL, 0 UNDECIDED. Log: runs/2026-10-01-warp-drive-without-negative-energy/math/idealizer/M-IDEALIZER-04.py.log
PASS 0 == 0: symbolic
PASS 0 == 0: symbolic
PASS 0 == 0: symbolic
PASS 0 == 0: symbolic
PASS 0 == 0: symbolic
PASS 0 == 0: symbolic
PASS 0 == 0: symbolic
PASS 0 == 0: symbolic
point {x: 0.3, y: -1.1, z: 0.7}: rho_E series coeffs 0.000e+00, 0.000e+00, -0.095780; (K^2-KK)/16pi = -0.095780
PASS 0 == 0: symbolic
PASS 0 == 0: symbolic
PASS -0.09578043947109692 == -0.09578043947109695: within 1e-09; -0.0957804 vs -0.0957804 (SI)
point {x: 1.3, y: 0.4, z: -0.9}: rho_E series coeffs 0.000e+00, 0.000e+00, -0.115914; (K^2-KK)/16pi = -0.115914
PASS 0 == 0: symbolic
PASS 0 == 0: symbolic
PASS -0.11591353977222192 == -0.11591353977222174: within 1e-09; -0.115914 vs -0.115914 (SI)
point {x: -0.6, y: 0.8, z: 1.5}: rho_E series coeffs 0.000e+00, 0.000e+00, -0.207164; (K^2-KK)/16pi = -0.207164
PASS 0 == 0: symbolic
PASS 0 == 0: symbolic
PASS -0.2071640316755657 == -0.20716403167556557: within 1e-09; -0.207164 vs -0.207164 (SI)
PASS 0 == 0: symbolic
PASS 0 == 0: symbolic
PASS 0 == 0: symbolic
--- stderr (end) ---
Traceback (most recent call last):
  File "/home/user/Science/runs/2026-10-01-warp-drive-without-negative-energy/math/idealizer/M-IDEALIZER-04.py", line 63, in <module>
    Sp = sp.Derivative(Sf(r), r)
         ^^^^^^^^^^^^^^^^^^^^^^^
  File "/usr/local/lib/python3.11/dist-packages/sympy/core/function.py", line 1364, in __new__
    raise ValueError(filldedent('''
ValueError: 
Can't calculate derivative wrt sqrt(x**2 + y**2 + z**2).
