# math_run log
command:  python3 runs\2026-10-03-traversable-wormhole-shortcuts\math\mechanist\M-MECHANIST-03.py
started:  2026-10-08T12:05:24Z
duration: 1.1 s
exit:     0
versions: python 3.14.6, sympy 1.14.0, mpmath 1.3.0, numpy 2.5.2, scipy 1.18.0
counts:   20 PASS, 0 FAIL, 0 UNDECIDED

--- stdout ---
PASS series of 1 - sqrt(1 - b**2) about b = 0 to order 4 == b**2/2: symbolic: b**2/2
PASS series of -1 + 1/sqrt(1 - b**2) about b = 0 to order 4 == b**2/2: symbolic: b**2/2
PASS 0.005012562893380035 == 5.0e-3: within 0.01; 0.00501256 vs 0.005 (SI)
PASS 0.5641101056459328 == 0.564: within 0.002; 0.56411 vs 0.564 (SI)
PASS 1 yr / 0.005012562893380035 == 200 yr: within 0.01; 6.2957e+09 vs 6.31152e+09 (SI)
PASS 1 yr / 0.5641101056459328 == 1.8 yr: within 0.02; 5.59423e+07 vs 5.68037e+07 (SI)
PASS (1 m / c) / 0.005012562893380035 == 0.67 us: within 0.01; 6.65456e-07 vs 6.7e-07 (SI)
PASS 10424.77796076938 yr / 0.005012562893380035 == 2.1e6 yr: within 0.02; 6.56313e+13 vs 6.6271e+13 (SI)
PASS 8424.77796076938 yr / 0.005012562893380035 == 1.7e6 yr: within 0.02; 5.30399e+13 vs 5.36479e+13 (SI)
PASS 10424.77796076938 yr / 0.5641101056459328 == 1.8e4 yr: within 0.03; 5.83186e+11 vs 5.68037e+11 (SI)
PASS 0.005037815259212097 * 2.0e34 kg * c^2 == 9.1e48 J: within 0.01; 9.05553e+48 vs 9.1e+48 (SI)
PASS 0.005037815259212097 * 2.0e34 kg / Msun == 51: within 0.01; 50.6718 vs 51 (SI)
PASS 1.294157338705618 * 2.0e34 kg * c^2 == 2.3e51 J: within 0.02; 2.32626e+51 vs 2.3e+51 (SI)
PASS 1.294157338705618 * 2.0e34 kg / Msun == 1.3e4: within 0.01; 13017 vs 13000 (SI)
PASS 1.294157338705618 == 1.29: within 0.005; 1.29416 vs 1.29 (SI)
PASS 0.1 * c * (10424.77796076938 yr / 0.005012562893380035) / 2 == 1.0e5 ly: within 0.05; 9.83788e+20 vs 9.46073e+20 (SI)
PASS (0.1 c)^2 / (1000 ly) == 9.5e-5 m/s^2: within 0.01; 9.49985e-05 vs 9.5e-05 (SI)
PASS 2.0e34 kg * (0.1 c)^2 / (1000 ly) == 1.9e30 N: within 0.01; 1.89997e+30 vs 1.9e+30 (SI)
PASS G * 2.0e34 kg / (1000 ly)^2 == 1.5e-14 m/s^2: within 0.02; 1.49137e-14 vs 1.5e-14 (SI)
PASS 2.0e34 kg * (0.1 c)^2 / (1000 ly) has the dimension of force: dimensional analysis
SUMMARY: 20 pass, 0 fail, 0 undecided

--- stderr ---

