# math_run log
command:  python3 runs/2026-09-30-neutron-lifetime-beam-bottle/calc/falsifier-C6-1_nstar_evidence.py
started:  2026-09-30T19:42:32Z
duration: 0.0 s
exit:     0
versions: python 3.11.15, sympy 1.14.0, mpmath 1.3.0, numpy 2.4.6, scipy 1.17.1
counts:   no PASS/FAIL lines

--- stdout ---
== 1. n* abundance needed (rate-averaged, exact) vs Koch-Hummel eq.10 ==
reference gap: 16/9 tau_g (KH eq.19 state): tau_e = 2439.8 s; exact ne/ng = 1.7274e-02; KH eq.10 ne/ng = 6.2186e-03; ratio exact/KH = 2.778; check tau_mix(exact) - tau_g = 9.650 s
    forward check: KH abundance gives tau_mix - tau_g = 3.488 s (target 9.65 s)
reference gap: tau_e -> inf: exact ne/ng = 1.0987e-02, ne/(ne+ng) = 1.0867e-02
BL1-UCNtau: 16/9 tau_g (KH eq.19 state): tau_e = 2439.8 s; exact ne/ng = 1.7688e-02; KH eq.10 ne/ng = 6.3677e-03; ratio exact/KH = 2.778; check tau_mix(exact) - tau_g = 9.880 s
    forward check: KH abundance gives tau_mix - tau_g = 3.571 s (target 9.88 s)
BL1-UCNtau: tau_e -> inf: exact ne/ng = 1.1249e-02, ne/(ne+ng) = 1.1124e-02

== 2. C6 prediction for J-PARC if n* survives its flight (tau_gamma >> t_J) ==
pred (storage + reference gap) = 887.97 s; J-PARC obs = 877.2 s; diff = 10.77 s; sigma_J = 4.35 s -> 2.48 sigma; with S = 2.29: 1.08 sigma
pred (BL1 value) = 887.70 s; J-PARC obs = 877.2 s; diff = 10.50 s; sigma_J = 4.35 s -> 2.42 sigma; with S = 2.29: 1.05 sigma
   (J-PARC vs BL1 direct, sigma = 4.89 s: 2.15 sigma)

== 3. tau_gamma window for BL1 long and J-PARC short simultaneously ==
Model: beam shift dtau(t) ~ dtau0 * exp(-t/tau_gamma) (small-f limit).
Require BL1 shift = 9.88 s and J-PARC shift <= X s; X = 4.35 s (1 sigma_J above storage).
needed survival ratio J/BL1 <= 0.440  ->  (t_J - t_B)/tau_gamma >= 0.820
  t_J - t_B =    0 ms -> tau_gamma <=    0.00 ms (KH window lower edge t_beam ~ 20 ms; Blatnik upper edge 139 s)
  t_J - t_B =    5 ms -> tau_gamma <=    6.10 ms (KH window lower edge t_beam ~ 20 ms; Blatnik upper edge 139 s)
  t_J - t_B =   10 ms -> tau_gamma <=   12.19 ms (KH window lower edge t_beam ~ 20 ms; Blatnik upper edge 139 s)
  t_J - t_B =   20 ms -> tau_gamma <=   24.38 ms (KH window lower edge t_beam ~ 20 ms; Blatnik upper edge 139 s)
  t_J - t_B =   50 ms -> tau_gamma <=   60.95 ms (KH window lower edge t_beam ~ 20 ms; Blatnik upper edge 139 s)
  t_J - t_B =  100 ms -> tau_gamma <=  121.90 ms (KH window lower edge t_beam ~ 20 ms; Blatnik upper edge 139 s)
If J-PARC neutrons are not older than BL1's (t_J <= t_B), no tau_gamma > 0 works: J-PARC
would read at least as long as BL1.

== 4. Flight times since production: BL1 (NIST NG-6) vs J-PARC (BL05 TPC) ==
BL1: L = 68.0 m; 40 K Maxwellian v_mp = 812 m/s, <v> = 916 m/s
   v =    400 m/s -> t_B =  170.0 ms
   v =    812 m/s -> t_B =   83.7 ms
   v =    916 m/s -> t_B =   74.2 ms
   v =   1500 m/s -> t_B =   45.3 ms
   v =   2000 m/s -> t_B =   34.0 ms
J-PARC: lambda = 0.32 nm -> v = 1236 m/s -> t_J = 15.6-16.4 ms (TPC entry to exit)
J-PARC: lambda = 0.55 nm -> v = 719 m/s -> t_J = 26.8-28.2 ms (TPC entry to exit)
J-PARC: lambda = 0.78 nm -> v = 507 m/s -> t_J = 38.1-40.0 ms (TPC entry to exit)
BL1 needs 68 m; J-PARC needs 19.3-20.3 m: for equal speeds t_J/t_B = 0.28-0.30. J-PARC neutrons are younger; exp(-t/tau_gamma) is larger,
so under n* J-PARC's rate-averaged lifetime is >= BL1's for every tau_gamma.
Extreme case: slowest J-PARC t_J = 40.0 ms vs BL1 at 2000 m/s t_B = 34.0 ms

Width of the surviving window (KH lower edge 2e-2 s to Blatnik 139 s): 3.84 decades in tau_gamma

--- stderr ---

