# math_run log
command:  python3 runs/2026-09-30-neutron-lifetime-beam-bottle/calc/falsifier-C3-0_magnitude.py
started:  2026-09-30T19:08:07Z
duration: 0.0 s
exit:     0
versions: python 3.11.15, sympy 1.14.0, mpmath 1.3.0, numpy 2.4.6, scipy 1.17.1
counts:   3 PASS, 0 FAIL, 0 UNDECIDED

--- stdout ---
==============================================================================
1. Branch needed to carry the whole gap
Br_X needed (proton-beam combo vs all storage) = 1.087 %  (gap 9.65 s)
Br_X needed (BL1 vs UCNtau)                    = 1.113 %  (gap 9.88 s)
==============================================================================
2. Shift C3 produces in each class, relative to tau_n = storage 878.32 s
proton-counting beam : predicted +9.65 s ; observed +9.65 s (fit by construction)
electron-counting J-PARC : predicted +9.65 s ; observed -1.12 s
   J-PARC vs C3 prediction (tau_beta = 887.97): z = 2.24 (upper J-PARC error 4.35 s)
   fraction of the C3 shift J-PARC shows: -0.12 +- 0.45  (C3 needs 1.00)
material & magnetic bottles: predicted 0 shift between them (both read tau_n)
==============================================================================
3. SM tau_beta from each lambda (GS2023 RC, Vud 0.97361(32)) and the implied Br_X
PERKEO III   tau_beta = 878.50 +- 0.88 s ; Br_X = +0.020 +- 0.112 % ; needed 1.087% at +9.5 sigma ; fraction of gap = +0.02
UCNA 2018    tau_beta = 877.60 +- 2.36 s ; Br_X = -0.082 +- 0.274 % ; needed 1.087% at +4.3 sigma ; fraction of gap = -0.07
PERKEO II    tau_beta = 880.34 +- 1.61 s ; Br_X = +0.230 +- 0.189 % ; needed 1.087% at +4.5 sigma ; fraction of gap = +0.21
aSPECT 2024  tau_beta = 889.58 +- 3.31 s ; Br_X = +1.265 +- 0.371 % ; needed 1.087% at -0.5 sigma ; fraction of gap = +1.17
aCORN        tau_beta = 874.86 +- 7.07 s ; Br_X = -0.395 +- 0.813 % ; needed 1.087% at +1.8 sigma ; fraction of gap = -0.36
==============================================================================
4. lambda that C3 needs (tau_beta = proton-beam 887.97 +- 2.04 s)
lambda_from_tau output: {'lam': 1.2681839329031643, 'sigma': 0.0018365209299570702, 'components': {'tau': 0.0017586714899395367, 'Vud': 0.0005032083017245857, 'K(RC,f)': 0.0001632945857023129}}
   PERKEO III   1.27641(0.00056) : distance from needed 1.26818 = +4.3 sigma (= +14.7 x its own error)
   UCNA 2018    1.27720(0.00200) : distance from needed 1.26818 = +3.3 sigma (= +4.5 x its own error)
   PERKEO II    1.27480(0.00130) : distance from needed 1.26818 = +2.9 sigma (= +5.1 x its own error)
   aSPECT 2024  1.26680(0.00280) : distance from needed 1.26818 = -0.4 sigma (= -0.5 x its own error)
   aCORN        1.27960(0.00620) : distance from needed 1.26818 = +1.8 sigma (= +1.8 x its own error)
lambda world (5 expts) weighted mean 1.27596(0.00049); chi2 = 12.87/4
chi2 of same data at C3's lambda 1.26818: 265.64/5 ; Delta chi2 = 252.8
with PDG-style scale factor S = 1.79: Delta chi2/S^2 = 78.5 -> 8.9 sigma
==============================================================================
5. Joint consistency of the tau_beta class under C3 (tau_beta free; PB, J-PARC, SM-lambda)
world-lambda (S-scaled) tau_beta = 879.02 +- 1.17 s
C3: PB + J-PARC + PERKEO III tau_beta      tau_beta fit 879.90 s ; chi2 = 18.56/2 ; p = 9.35e-05 ; 3.9 sigma
C3: PB + J-PARC + aSPECT tau_beta          tau_beta fit 886.87 s ; chi2 = 5.90/2 ; p = 5.23e-02 ; 1.9 sigma
C3: PB + J-PARC + world-lambda tau_beta    tau_beta fit 881.03 s ; chi2 = 15.29/2 ; p = 4.78e-04 ; 3.5 sigma
C3: PB + J-PARC only                       tau_beta fit 886.03 s ; chi2 = 5.02/1 ; p = 2.50e-02 ; 2.2 sigma
--- same data under 'no branch' (tau_beta = tau_n = 878.32 +- 0.43; proton beam biased, C1-like)
Br=0: PB + J-PARC + PERKEO III tau_beta      chi2 = 0.10/2
Br=0: PB + J-PARC + aSPECT tau_beta          chi2 = 11.42/2
Br=0: PB + J-PARC + world-lambda tau_beta    chi2 = 0.38/2
Br=0: PB + J-PARC only                       chi2 = 0.07/1
==============================================================================
6. What part of the gap can C3 carry if every tau_beta-class datum is used?
world lambda: best tau_beta 881.03 +- 0.99 s -> Br_X = 0.31 % ; carries 28 % of the gap; proton beam then 3.1 sigma high
PERKEO III  : best tau_beta 879.90 +- 0.80 s -> Br_X = 0.18 % ; carries 16 % of the gap; proton beam then 3.7 sigma high
==============================================================================
7. Sanity checks
PASS PERKEO III tau_beta 878.50 s reproduces U-01 calc 878.50 s
PASS BL1/UCNtau Br_X 0.01113 matches candidates' 1.113%
PASS round trip lambda_needed -> tau_beta 887.970 s
==============================================================================
8. Robustness: J-PARC stat error inflated by S = sqrt(15.8/3) = 2.29 (its internal scatter)
J-PARC inflated errors +5.59/-5.31 s
C3 with world lambda: tau_beta fit 881.11 s ; chi2 = 14.98/2 ; 3.5 sigma ; Br_X best 0.32 % = 29 % of gap
C3 with PERKEO III  : tau_beta fit 879.93 s ; chi2 = 18.40/2 ; 3.9 sigma ; Br_X best 0.18 % = 17 % of gap
C3 with aSPECT 2024 : tau_beta fit 887.42 s ; chi2 = 3.84/2 ; 1.5 sigma ; Br_X best 1.03 % = 94 % of gap
C3 with none        : tau_beta fit 886.70 s ; chi2 = 3.28/1 ; 1.8 sigma ; Br_X best 0.95 % = 87 % of gap
==============================================================================
9. Note: the candidates' '9.5 sigma' treats the needed Br_X (1.087%) as exact; including the proton-beam
error (the needed value's own uncertainty), PERKEO III vs proton beam under C3 is 4.26 sigma

--- stderr ---

