# math_run log
command:  python3 runs/2026-09-30-neutron-lifetime-beam-bottle/calc/falsifier-C4-2_sns_regeneration.py
started:  2026-09-30T19:19:11Z
duration: 175.3 s
exit:     0
versions: python 3.11.15, sympy 1.14.0, mpmath 1.3.0, numpy 2.4.6, scipy 1.17.1
counts:   no PASS/FAIL lines

--- stdout ---
SNS split-pair model: loop radius a = 0.0745 m, half-separation d = 0.0675 m; peak 6.60 T at z = +-0.0636 m, centre 4.812 T (target 4.8 T)
  max |dB/dz| = 73.6 T/m

mu_n * 4.6 T = 277.4 neV ; mu_n * 4.8 T = 289.5 neV ; mu_n * 6.6 T = 398.0 neV
Delta_m  radius  theta0(needed)  tau_nn'(s)   P_trap     SNS p (zc=-3,0,+3 cm)            min p / 2.5e-8
   278   0.05   4.791e-04      4.941e-06  1.117e-02  6.34e-04 6.37e-04 6.34e-04     2.53e+04
   278   0.10   6.444e-04      3.674e-06  1.117e-02  2.01e-03 2.02e-03 2.01e-03     8.04e+04
   280   0.05   1.648e-03      1.427e-06  1.118e-02  6.05e-02 6.07e-02 6.05e-02     2.42e+06
   280   0.10   1.990e-03      1.181e-06  1.118e-02  1.06e-01 1.06e-01 1.06e-01     4.26e+06
   285   0.05   4.363e-03      5.294e-07  1.121e-02  4.41e-01 4.02e-01 4.41e-01     1.61e+07
   285   0.10   4.830e-03      4.782e-07  1.122e-02  4.65e-01 4.15e-01 4.65e-01     1.66e+07
   290   0.05   6.972e-03      3.255e-07  1.127e-02  4.96e-01 1.36e-01 4.96e-01     5.43e+06
   290   0.10   7.477e-03      3.035e-07  1.129e-02  4.97e-01 1.35e-01 4.97e-01     5.40e+06
   300   0.05   1.196e-02      1.835e-07  1.146e-02  4.89e-01 4.63e-03 4.89e-01     1.85e+05
   300   0.10   1.249e-02      1.757e-07  1.148e-02  4.88e-01 5.25e-03 4.88e-01     2.10e+05
   310   0.05   1.668e-02      1.272e-07  1.172e-02  4.59e-01 1.62e-03 4.59e-01     6.49e+04
   310   0.10   1.722e-02      1.233e-07  1.176e-02  4.57e-01 1.80e-03 4.57e-01     7.21e+04
   320   0.05   2.119e-02      9.703e-08  1.206e-02  3.67e-01 1.03e-03 3.67e-01     4.10e+04
   320   0.10   2.173e-02      9.462e-08  1.211e-02  3.63e-01 1.12e-03 3.63e-01     4.47e+04

Smallest exclusion factor over the window: p_pred / p_limit >= 2.53e+04

Worked-example check (Delta_m = 289 neV, theta0 = 5e-3, v = 500 m/s, spin +1, no phase averaging): P(n') at magnet centre = 0.682  (paper: ~0.6 at the beam-catcher)
  same point, phase-averaged LZ composition: 0.688

--- stderr ---

