# math_run log
command:  python3 runs/2026-09-30-neutron-lifetime-beam-bottle/calc/falsifier-C1-0_magnitude.py
started:  2026-09-30T18:56:24Z
duration: 0.0 s
exit:     0
versions: python 3.11.15, sympy 1.14.0, mpmath 1.3.0, numpy 2.4.6, scipy 1.17.1
counts:   no PASS/FAIL lines

--- stdout ---
== Gap C1 must carry ==
proton class - storage = 9.65 +- 2.08 s  (4.63 sigma), frac of tau_true = 1.099 %
equivalent multiplicative count deficit f = 1 - tau_true/tau_meas = 1.087 %
  if true tau = magnetic 877.8: needed shift = 10.17 s = 1.159 %
  if true tau = UCNtau 877.82: needed shift = 10.15 s = 1.156 %
  if true tau = material 880.0: needed shift = 7.97 s = 0.906 %

== C1 predictions (true tau = storage 878.32 s) vs non-proton classes ==
J-PARC 2024: obs-pred = -1.12 s, sigma = 4.37 s -> -0.26 sigma
SM A-route tau_beta: obs-pred = +0.38 s -> +0.41 sigma
storage internal (material - magnetic) = +2.20 s -> 3.02 sigma unscaled (C1 predicts 0; residual left to C7)

== Proton-counting members under C1 scopes ==
A-BL1 (Sussex-ILL unshifted): Sussex-ILL residual +10.88 s = 2.24 sigma, p2 = 0.025
A-gen: common factor k-1 = 1.098 +- 0.232 %, chi2 = 0.079/1 -> consistent

== Named sub-hypotheses: fraction of gap each can carry at quoted size ==
A1 fluence monitor: needed eps0 shift 1.09 %; 2005 mass-based vs 2013 Alpha-Gamma calibrations differ by 1.4 s = 0.158 %
   needed / (two-method difference) = 6.9x; needed / 0.5 s uncertainty = 19.3x
A4 trap nonlinearity (-5.3 s) at 100% error: 55 % of gap
A4 6Li absorption (+5.4 s) sign-flipped (shift 10.8 s): 112 % of gap
A3 proton backscatter/dead layer budgets 0.4, 0.5 s: 4.1 %, 5.2 % of gap
Nico 2005 ion-pump pressure 1e-9 mbar = 1.0e-07 Pa
A2: if 100% of data at 10 ms (mean 10.0 ms) and every H2+ lost: need P_H2 = 3.62e-07 Pa = 3.6x pump reading
A2: if 50% of data at 10 ms (mean 7.5 ms) and every H2+ lost: need P_H2 = 4.83e-07 Pa = 4.8x pump reading
A2 Caylor worst case < 0.5 s = < 5.2 % of gap
Linear stack of itemised budgets (fluence 0.5, backscatter 0.4, Si 0.5, H2 0.5, halo 1.0, nonlin 0.8, 6Li mass 0.9) = 4.6 s = 48 % of gap

--- stderr ---

