# math_run log
command:  python3 runs/2026-09-30-neutron-lifetime-beam-bottle/calc/falsifier-C8-0_magnitude.py
started:  2026-09-30T19:53:20Z
duration: 18.1 s
exit:     0
versions: python 3.11.15, sympy 1.14.0, mpmath 1.3.0, numpy 2.4.6, scipy 1.17.1
counts:   no PASS/FAIL lines

--- stdout ---
E0 = 1.29258 MeV; a(PERKEO III lam) = -0.10687; aSPECT a = -0.10402; required Da = +0.00285 (2.67% of |a|)
Tmax = 751.2 eV (expected ~751 eV)
closure: undistorted fit a = -0.106871

(i) sharp low-energy loss, eps = 0 for T < Tc
  Tc =   10 eV: BL1-type count deficit =  0.275%  -> dtau =   2.42 s ; aSPECT Da = -0.00000
  Tc =   20 eV: BL1-type count deficit =  0.784%  -> dtau =   6.94 s ; aSPECT Da = -0.00000
  Tc =   30 eV: BL1-type count deficit =  1.433%  -> dtau =  12.77 s ; aSPECT Da = -0.00000
  Tc =   40 eV: BL1-type count deficit =  2.193%  -> dtau =  19.69 s ; aSPECT Da = -0.00000
  Tc =   50 eV: BL1-type count deficit =  3.055%  -> dtau =  27.68 s ; aSPECT Da = -0.00000
  Tc =   60 eV: BL1-type count deficit =  3.999%  -> dtau =  36.58 s ; aSPECT Da = +0.00481
  Tc =   80 eV: BL1-type count deficit =  6.102%  -> dtau =  57.08 s ; aSPECT Da = +0.04388
  Tc =  100 eV: BL1-type count deficit =  8.445%  -> dtau =  81.02 s ; aSPECT Da = +0.09126
  Tc =  150 eV: BL1-type count deficit = 15.168%  -> dtau = 157.04 s ; aSPECT Da = +0.24247
  Tc =  200 eV: BL1-type count deficit = 22.813%  -> dtau = 259.59 s ; aSPECT Da = +0.48714
  Tc for 1.11% deficit ~ 25 eV; aSPECT Da there = -0.000000 (required +0.00285)
  Tc for aSPECT Da = required: 58 eV, Da = +0.00282, BL1 deficit = 3.79% -> dtau = 34.6 s

(ii) linear loss eps = 1 - k(1 - T/Tmax)
  k needed for Da = 0.0048 (fit check Da = +0.00284); BL1 deficit if same eps = 0.25% -> dtau = 2.2 s (needed 9.9 s)

(iii) eps = 1 - k exp(-T/T0)
  T0 =  10 eV: k = 45.742 unphysical (k>1); BL1 deficit = 16.77% -> dtau = 177.0 s
  T0 =  15 eV: k = 4.447 unphysical (k>1); BL1 deficit = 2.98% -> dtau = 27.0 s
  T0 =  20 eV: k = 1.248 unphysical (k>1); BL1 deficit = 1.28% -> dtau = 11.4 s
  T0 =  22 eV: k = 0.864 ; BL1 deficit = 1.02% -> dtau = 9.1 s
  T0 =  25 eV: k = 0.546 ; BL1 deficit = 0.78% -> dtau = 6.9 s
  T0 =  30 eV: k = 0.301 ; BL1 deficit = 0.56% -> dtau = 5.0 s
  T0 =  50 eV: k = 0.075 ; BL1 deficit = 0.29% -> dtau = 2.6 s
  T0 = 100 eV: k = 0.019 ; BL1 deficit = 0.19% -> dtau = 1.7 s
  T0 = 200 eV: k = 0.009 ; BL1 deficit = 0.21% -> dtau = 1.8 s
  T0 = 400 eV: k = 0.007 ; BL1 deficit = 0.32% -> dtau = 2.8 s

(iv) sensitivity: Da per unit removed fraction, thin band [Tb, Tb+10 eV]
  max positive dDa/df = +2.7373 at Tb = 240 eV (loss of protons in this band raises a toward aSPECT)
  minimum lost fraction in aSPECT to shift a by +0.00285: 0.10% of protons

(v) same gas density & cross-section: loss in aSPECT = 1.11% x 1e-03 = 1.11e-05
    max Da from that loss = +3.04e-05 vs required +0.00285: ratio 94x short
    pressure ratio aSPECT/BL1 needed = 94

(v-b) settings without 150 V: linear k = 0.0048, BL1 dtau = 2.2 s; threshold 25 eV Da = -0.000000

(vi) SM: |lam| -0.0094 -> tau_beta +1.23% (10.8 s), Da = +0.00279
    ratio (Da/|a|)/(dtau/tau) implied by SM = 2.12

--- stderr ---

