# math_run log
command:  python3 runs/2026-09-30-neutron-lifetime-beam-bottle/calc/falsifier-C5-1_stability.py
started:  2026-09-30T19:29:50Z
duration: 14.8 s
exit:     0
versions: python 3.11.15, sympy 1.14.0, mpmath 1.3.0, numpy 2.4.6, scipy 1.17.1
counts:   no PASS/FAIL lines

--- stdout ---
PART A: Fornal-Grinstein conditions applied to f = 2A0 + e+ + e- + nubar
  m_A =  370.0 MeV: M_f =  741.022 MeV; 9Be condition (M_f > 937.900) violated by 196.878 MeV; proton-decay condition (M_f > m_p - m_e = 937.761) violated by 196.739 MeV
  m_A =  400.0 MeV: M_f =  801.022 MeV; 9Be condition (M_f > 937.900) violated by 136.878 MeV; proton-decay condition (M_f > m_p - m_e = 937.761) violated by 136.739 MeV
  m_A =  460.0 MeV: M_f =  921.022 MeV; 9Be condition (M_f > 937.900) violated by  16.878 MeV; proton-decay condition (M_f > m_p - m_e = 937.761) violated by  16.739 MeV
  Window allowed by 9Be stability AND on-shell X+ chain: 468.439 MeV < m_A < 469.272 MeV (width 0.833 MeV); preprint's scanned range tops out at 460 MeV -> below window by 8.44 MeV
  In that window the total kinetic energy shared by e-, e+, nubar and A0s is < m_n - 937.900 = 1.665 MeV, i.e. the positron is NOT 'energetic' (MeV scale, the same class as n -> chi e+e- searched by UCNA/PERKEO II)

PART B: off-shell X+* decays of bound neutrons in 130Te; Gamma_1 = 1.299e-05 s^-1 (Br = 0.0114, tau = 877.8 s)
  mode-independent limit tau_N > 1.6e+25 yr -> Gamma_bound < 1.981e-33 s^-1 per neutron
  m_X= 937.600 m_A=370.0 Qcut=   1.0 nX=4.0: C=9.615e-05/MeV; tau_X(max for BL1)=1e-03 s -> tau_N=3.86e+19 yr; 130Te limit needs tau_X > 4.15e+02 s (factor 4.2e+05 over BL1 max)
  m_X= 937.600 m_A=370.0 Qcut=  10.0 nX=3.0: C=5.502e+00/MeV; tau_X(max for BL1)=1e-03 s -> tau_N=6.74e+14 yr; 130Te limit needs tau_X > 2.37e+07 s (factor 2.4e+10 over BL1 max)
  m_X= 937.600 m_A=370.0 Qcut= 999.0 nX=2.5: C=7.441e+04/MeV; tau_X(max for BL1)=1e-03 s -> tau_N=4.98e+10 yr; 130Te limit needs tau_X > 3.21e+11 s (factor 3.2e+14 over BL1 max)
  m_X= 937.600 m_A=400.0 Qcut=   1.0 nX=4.0: C=8.943e-05/MeV; tau_X(max for BL1)=1e-03 s -> tau_N=4.15e+19 yr; 130Te limit needs tau_X > 3.86e+02 s (factor 3.9e+05 over BL1 max)
  m_X= 937.600 m_A=400.0 Qcut=  10.0 nX=3.0: C=4.921e+00/MeV; tau_X(max for BL1)=1e-03 s -> tau_N=7.53e+14 yr; 130Te limit needs tau_X > 2.12e+07 s (factor 2.1e+10 over BL1 max)
  m_X= 937.600 m_A=400.0 Qcut= 999.0 nX=2.5: C=1.552e+04/MeV; tau_X(max for BL1)=1e-03 s -> tau_N=2.39e+11 yr; 130Te limit needs tau_X > 6.70e+10 s (factor 6.7e+13 over BL1 max)
  m_X= 937.600 m_A=460.0 Qcut=   1.0 nX=4.0: C=9.998e-06/MeV; tau_X(max for BL1)=1e-03 s -> tau_N=3.71e+20 yr; 130Te limit needs tau_X > 4.32e+01 s (factor 4.3e+04 over BL1 max)
  m_X= 937.600 m_A=460.0 Qcut=  10.0 nX=3.0: C=3.167e-02/MeV; tau_X(max for BL1)=1e-03 s -> tau_N=1.17e+17 yr; 130Te limit needs tau_X > 1.37e+05 s (factor 1.4e+08 over BL1 max)
  m_X= 937.600 m_A=460.0 Qcut= 999.0 nX=2.5: C=6.442e-02/MeV; tau_X(max for BL1)=1e-03 s -> tau_N=5.75e+16 yr; 130Te limit needs tau_X > 2.78e+05 s (factor 2.8e+08 over BL1 max)
  m_X= 938.272 m_A=370.0 Qcut=   1.0 nX=4.0: C=9.963e-04/MeV; tau_X(max for BL1)=1e-03 s -> tau_N=3.72e+18 yr; 130Te limit needs tau_X > 4.30e+03 s (factor 4.3e+06 over BL1 max)
  m_X= 938.272 m_A=370.0 Qcut=  10.0 nX=3.0: C=6.186e+01/MeV; tau_X(max for BL1)=1e-03 s -> tau_N=5.99e+13 yr; 130Te limit needs tau_X > 2.67e+08 s (factor 2.7e+11 over BL1 max)
  m_X= 938.272 m_A=370.0 Qcut= 999.0 nX=2.5: C=9.023e+05/MeV; tau_X(max for BL1)=1e-03 s -> tau_N=4.11e+09 yr; 130Te limit needs tau_X > 3.89e+12 s (factor 3.9e+15 over BL1 max)
  m_X= 938.272 m_A=400.0 Qcut=   1.0 nX=4.0: C=9.211e-04/MeV; tau_X(max for BL1)=1e-03 s -> tau_N=4.02e+18 yr; 130Te limit needs tau_X > 3.98e+03 s (factor 4.0e+06 over BL1 max)
  m_X= 938.272 m_A=400.0 Qcut=  10.0 nX=3.0: C=5.508e+01/MeV; tau_X(max for BL1)=1e-03 s -> tau_N=6.73e+13 yr; 130Te limit needs tau_X > 2.38e+08 s (factor 2.4e+11 over BL1 max)
  m_X= 938.272 m_A=400.0 Qcut= 999.0 nX=2.5: C=1.865e+05/MeV; tau_X(max for BL1)=1e-03 s -> tau_N=1.99e+10 yr; 130Te limit needs tau_X > 8.05e+11 s (factor 8.0e+14 over BL1 max)
  m_X= 938.272 m_A=460.0 Qcut=   1.0 nX=4.0: C=8.998e-05/MeV; tau_X(max for BL1)=1e-03 s -> tau_N=4.12e+19 yr; 130Te limit needs tau_X > 3.88e+02 s (factor 3.9e+05 over BL1 max)
  m_X= 938.272 m_A=460.0 Qcut=  10.0 nX=3.0: C=3.144e-01/MeV; tau_X(max for BL1)=1e-03 s -> tau_N=1.18e+16 yr; 130Te limit needs tau_X > 1.36e+06 s (factor 1.4e+09 over BL1 max)
  m_X= 938.272 m_A=460.0 Qcut= 999.0 nX=2.5: C=6.537e-01/MeV; tau_X(max for BL1)=1e-03 s -> tau_N=5.67e+15 yr; 130Te limit needs tau_X > 2.82e+06 s (factor 2.8e+09 over BL1 max)
  m_X= 938.900 m_A=370.0 Qcut=   1.0 nX=4.0: C=3.775e-01/MeV; tau_X(max for BL1)=1e-03 s -> tau_N=9.82e+15 yr; 130Te limit needs tau_X > 1.63e+06 s (factor 1.6e+09 over BL1 max)
  m_X= 938.900 m_A=370.0 Qcut=  10.0 nX=3.0: C=2.510e+04/MeV; tau_X(max for BL1)=1e-03 s -> tau_N=1.48e+11 yr; 130Te limit needs tau_X > 1.08e+11 s (factor 1.1e+14 over BL1 max)
  m_X= 938.900 m_A=370.0 Qcut= 999.0 nX=2.5: C=3.915e+08/MeV; tau_X(max for BL1)=1e-03 s -> tau_N=9.47e+06 yr; 130Te limit needs tau_X > 1.69e+15 s (factor 1.7e+18 over BL1 max)
  m_X= 938.900 m_A=400.0 Qcut=   1.0 nX=4.0: C=3.471e-01/MeV; tau_X(max for BL1)=1e-03 s -> tau_N=1.07e+16 yr; 130Te limit needs tau_X > 1.50e+06 s (factor 1.5e+09 over BL1 max)
  m_X= 938.900 m_A=400.0 Qcut=  10.0 nX=3.0: C=2.225e+04/MeV; tau_X(max for BL1)=1e-03 s -> tau_N=1.67e+11 yr; 130Te limit needs tau_X > 9.60e+10 s (factor 9.6e+13 over BL1 max)
  m_X= 938.900 m_A=400.0 Qcut= 999.0 nX=2.5: C=8.025e+07/MeV; tau_X(max for BL1)=1e-03 s -> tau_N=4.62e+07 yr; 130Te limit needs tau_X > 3.46e+14 s (factor 3.5e+17 over BL1 max)
  m_X= 938.900 m_A=460.0 Qcut=   1.0 nX=4.0: C=3.005e-02/MeV; tau_X(max for BL1)=1e-03 s -> tau_N=1.23e+17 yr; 130Te limit needs tau_X > 1.30e+05 s (factor 1.3e+08 over BL1 max)
  m_X= 938.900 m_A=460.0 Qcut=  10.0 nX=3.0: C=1.142e+02/MeV; tau_X(max for BL1)=1e-03 s -> tau_N=3.25e+13 yr; 130Te limit needs tau_X > 4.93e+08 s (factor 4.9e+11 over BL1 max)
  m_X= 938.900 m_A=460.0 Qcut= 999.0 nX=2.5: C=2.421e+02/MeV; tau_X(max for BL1)=1e-03 s -> tau_N=1.53e+13 yr; 130Te limit needs tau_X > 1.04e+09 s (factor 1.0e+12 over BL1 max)
  Note: interpretation: every row with tau_N(pred) << 1.6e25 yr means the preprint's parameters are excluded unless tau_X >> 1 ms, in which case X+ survives to the proton detector and C5's proton deficit vanishes.

PART C: maximum X+ recoil kinetic energy in free n -> X+ e- nubar (two-body limit, nubar at rest)
  m_X =  937.400 MeV: T_X,max =  2356.4 eV  (a proton-like recoil; far too little to leave a TPC track)
  m_X =  937.600 MeV: T_X,max =  1916.7 eV  (a proton-like recoil; far too little to leave a TPC track)
  m_X =  938.272 MeV: T_X,max =   751.2 eV  (a proton-like recoil; far too little to leave a TPC track)
  m_X =  938.900 MeV: T_X,max =    96.7 eV  (a proton-like recoil; far too little to leave a TPC track)

--- stderr ---

