# math_run log
command:  python3 runs/2026-09-30-neutron-lifetime-beam-bottle/calc/lens-empiricist_skeptic.py
started:  2026-09-30T17:42:16Z
duration: 0.0 s
exit:     0
versions: python 3.11.15, sympy 1.14.0, mpmath 1.3.0, numpy 2.4.6, scipy 1.17.1
counts:   no PASS/FAIL lines

--- stdout ---
Gap proton-beam minus storage: 9.56 s
  to tell a new measurement at one value from the other at 3 sigma: total sigma on difference 3.19 s; new-measurement sigma allowed 3.18 s (storage value error 0.25 s)
  to tell a new measurement at one value from the other at 5 sigma: total sigma on difference 1.91 s; new-measurement sigma allowed 1.90 s (storage value error 0.25 s)
  new beam at storage value with sigma 1.0 s: vs BL1 z 3.77; beam-class mean shift test (new vs storage) z if at 888 s: 9.3
  new beam at storage value with sigma 0.5 s: vs BL1 z 4.03; beam-class mean shift test (new vs storage) z if at 888 s: 17.1
  new beam at storage value with sigma 0.3 s: vs BL1 z 4.09; beam-class mean shift test (new vs storage) z if at 888 s: 24.5
Material-magnetic difference 2.20 s: needs sigma on difference 0.73 s at 3 sigma; new material bottle alone would need 0.67 s
Material-magnetic difference 2.20 s: needs sigma on difference 0.44 s at 5 sigma; new material bottle alone would need 0.33 s
Electron-counting or in-bottle beta counting with sigma 4.16 s separates 888 vs 878.4 at z = 2.29
Electron-counting or in-bottle beta counting with sigma 2.0 s separates 888 vs 878.4 at z = 4.74
Electron-counting or in-bottle beta counting with sigma 1.0 s separates 888 vs 878.4 at z = 9.27

History: PDG 2006 (885.7 +- 0.8 s) vs Serebrov 2005 (878.5 +- 0.8 s): diff 7.2 s, z 6.36; as a fraction of today's gap 0.75

--- stderr ---

