# math_run log
command:  python3 runs/2026-09-30-neutron-lifetime-beam-bottle/calc/lens-constraints_nstar.py
started:  2026-09-30T18:11:52Z
duration: 24.6 s
exit:     0
versions: python 3.11.15, sympy 1.14.0, mpmath 1.3.0, numpy 2.4.6, scipy 1.17.1
counts:   no PASS/FAIL lines

--- stdout ---
case                                                        M_max (Msun)  R (km) | M_max dr/1.5 | max c_s^2
free neutron gas (OV check)                                        0.709    8.76 |        0.709 | 0.33 (all P); 0.14 (P <= Pc of M_max star)
toy neutron matter, no chi                                         2.357   10.83 |        2.357 | 2.00 (all P); 1.30 (P <= Pc of M_max star)
toy n + free chi, m_chi = 937.993 MeV                              0.687    7.17 |        0.687 | 0.33 (all P); 0.16 (P <= Pc of M_max star)
toy n + free chi, m_chi = 938.543 MeV                              0.688    7.17 |        0.688 | 0.33 (all P); 0.16 (P <= Pc of M_max star)
toy n + chi (937.993) with repulsion m_V/g = 200 MeV               1.132    8.16 |        1.132 | 0.80 (all P); 0.33 (P <= Pc of M_max star)
toy n + chi (937.993) with repulsion m_V/g = 100 MeV               1.620    8.97 |        1.620 | 0.93 (all P); 0.59 (P <= Pc of M_max star)
toy n + chi (937.993) with repulsion m_V/g = 60 MeV                1.904   10.38 |        1.904 | 1.11 (all P); 0.69 (P <= Pc of M_max star)
toy n + chi (937.993) with repulsion m_V/g = 45 MeV                2.060    9.54 |        2.060 | 1.25 (all P); 1.05 (P <= Pc of M_max star)
toy n + chi (937.993) with repulsion m_V/g = 30 MeV                2.213   10.08 |        2.213 | 1.48 (all P); 1.19 (P <= Pc of M_max star)

Born-level chi-chi elastic cross-section for the repulsion needed (sigma = m_chi^2 G^2/(4 pi), contact limit):
  m_V/g = 60 MeV: sigma = 2.10e-24 cm^2, sigma/m = 1.26 cm^2/g (Born parameter alpha' m_chi/m_V = 1.24 for g=1: Born unreliable)
  m_V/g = 45 MeV: sigma = 6.65e-24 cm^2, sigma/m = 3.98 cm^2/g (Born parameter alpha' m_chi/m_V = 1.66 for g=1: Born unreliable)
  m_V/g = 30 MeV: sigma = 3.37e-23 cm^2, sigma/m = 20.13 cm^2/g (Born parameter alpha' m_chi/m_V = 2.49 for g=1: Born unreliable)

--- stderr ---

