# math_run log
command:  python3 runs/2026-09-30-neutron-lifetime-beam-bottle/calc/quantitative_master_formula.py
started:  2026-09-30T16:40:34Z
duration: 0.0 s
exit:     0
versions: python 3.11.15, sympy 1.14.0, mpmath 1.3.0, numpy 2.4.6, scipy 1.17.1
counts:   no PASS/FAIL lines

--- stdout ---
== tau_beta (s) predicted for each lambda and Vud, K=4908.6 s (CMS18) | K=4907.3 s (x(1-0.00026), EFT23 shift) ==
PDG24 superallowed 0.97367     PERKEO III 2019            tau=  879.41 s |   879.18 s
PDG24 superallowed 0.97367     UCNA 2018                  tau=  878.51 s |   878.28 s
PDG24 superallowed 0.97367     PERKEO II 2013             tau=  881.25 s |   881.02 s
PDG24 superallowed 0.97367     aSPECT 2020 (PDG)          tau=  889.45 s |   889.22 s
PDG24 superallowed 0.97367     aSPECT reanalysis 2024     tau=  890.50 s |   890.27 s
PDG24 superallowed 0.97367     PDG 2024 avg               tau=  880.57 s |   880.34 s
PDG24 superallowed 0.97367     aCORN 2021                 tau=  875.77 s |   875.54 s
Ma+24 lattice box 0.97386      PERKEO III 2019            tau=  879.07 s |   878.84 s
Ma+24 lattice box 0.97386      UCNA 2018                  tau=  878.16 s |   877.93 s
Ma+24 lattice box 0.97386      PERKEO II 2013             tau=  880.91 s |   880.68 s
Ma+24 lattice box 0.97386      aSPECT 2020 (PDG)          tau=  889.10 s |   888.87 s
Ma+24 lattice box 0.97386      aSPECT reanalysis 2024     tau=  890.15 s |   889.92 s
Ma+24 lattice box 0.97386      PDG 2024 avg               tau=  880.22 s |   879.99 s
Ma+24 lattice box 0.97386      aCORN 2021                 tau=  875.43 s |   875.20 s
HT20+Seng 0.97361              PERKEO III 2019            tau=  879.52 s |   879.29 s
HT20+Seng 0.97361              UCNA 2018                  tau=  878.61 s |   878.39 s
HT20+Seng 0.97361              PERKEO II 2013             tau=  881.36 s |   881.13 s
HT20+Seng 0.97361              aSPECT 2020 (PDG)          tau=  889.56 s |   889.33 s
HT20+Seng 0.97361              aSPECT reanalysis 2024     tau=  890.61 s |   890.38 s
HT20+Seng 0.97361              PDG 2024 avg               tau=  880.67 s |   880.44 s
HT20+Seng 0.97361              aCORN 2021                 tau=  875.88 s |   875.65 s

== Vud implied by tau_n and lambda, K=4908.6 s ==
tau_n= 877.75 s lambda[PERKEO III 2019]=1.27641: Vud=0.97459
tau_n= 877.75 s lambda[PDG 2024 avg]=1.2754: Vud=0.97523
tau_n= 878.40 s lambda[PERKEO III 2019]=1.27641: Vud=0.97423
tau_n= 878.40 s lambda[PDG 2024 avg]=1.2754: Vud=0.97487
tau_n= 881.50 s lambda[PERKEO III 2019]=1.27641: Vud=0.97251
tau_n= 881.50 s lambda[PDG 2024 avg]=1.2754: Vud=0.97315
tau_n= 887.70 s lambda[PERKEO III 2019]=1.27641: Vud=0.96911
tau_n= 887.70 s lambda[PDG 2024 avg]=1.2754: Vud=0.96975

== sensitivities at lambda=1.27641, Vud=0.97367 ==
tau=879.41 s; dln(tau)/dlambda=-1.3008; dtau/dlambda=-1143.9 s per unit lambda; dtau/dVud=-1806 s per unit Vud
delta_lambda for 1 s: 0.00087; for 0.5 s: 0.00044; for 0.1 s: 0.000087
relative lambda precision for 1 s: 0.068% ; for 0.5 s: 0.034%
delta_Vud for 1 s: 0.000554 (relative 5.69e-4)
K uncertainty 1.9 s => tau uncertainty 0.34 s (RC only)

== gap translation: tau shift of 10 s vs lambda / Vud ==
Delta_lambda for 10 s: 0.0087; Delta_Vud for 10 s: 0.00554
== fractional gap: (887.7-877.75)/877.75 = 0.01133580176587872
== lambda-free CKM test: Vud from superallowed 0.97367, Vus 0.22431 (PDG), Vub=3.7e-3
sum = 0.99836
sum with Vus=0.2243 and Vud 0.97386: 0.99873
sum with Vus=0.2250 (K_mu2) and Vud 0.97367: 0.99867
sum with Vus=0.2233 (Kl3) and Vud 0.97367: 0.99791

--- stderr ---

