# math_run log
command:  python3 runs/2026-09-30-neutron-lifetime-beam-bottle/calc/theory_scales.py
started:  2026-09-30T16:40:09Z
duration: 0.0 s
exit:     0
versions: python 3.11.15, sympy 1.14.0, mpmath 1.3.0, numpy 2.4.6, scipy 1.17.1
counts:   no PASS/FAIL lines

--- stdout ---
mu_n = 60.308 neV/T
B = 4.6 T: |mu_n|B = 277.4 neV ; ratio to Q = 3.55e-13
B = 4.8 T: |mu_n|B = 289.5 neV ; ratio to Q = 3.70e-13
B = 5.0 T: |mu_n|B = 301.5 neV ; ratio to Q = 3.86e-13
B = 6.6 T: |mu_n|B = 398.0 neV ; ratio to Q = 5.09e-13
Delta m = 60 neV: B_res = 0.99 T
Delta m = 100 neV: B_res = 1.66 T
Delta m = 200 neV: B_res = 3.32 T
Delta m = 280 neV: B_res = 4.64 T
beam 888.00 bottle 878.00: Br_missing = 0.0113 ; dGamma = 1.283e-05 1/s
beam 888.00 bottle 879.40: Br_missing = 0.0097 ; dGamma = 1.101e-05 1/s
beam 887.70 bottle 877.75: Br_missing = 0.0112 ; dGamma = 1.277e-05 1/s
beam 888.00 bottle 877.20: Br_missing = 0.0122 ; dGamma = 1.386e-05 1/s
bound-state branch 4e-6 vs 1.1e-2 gap: ratio = 2750
radiative branch 3.35e-3 vs gap 1.1e-2 ratio = 3.3

--- stderr ---

