# math_run log
command:  python3 runs/2026-09-30-neutron-lifetime-beam-bottle/calc/user_rc_pairing.py
started:  2026-09-30T18:49:08Z
duration: 1.2 s
exit:     0
versions: python 3.11.15, sympy 1.14.0, mpmath 1.3.0, numpy 2.4.6, scipy 1.17.1
counts:   no PASS/FAIL lines

--- stdout ---
==============================================================================
Part 1. Symbolic: Delta_R^V cancels when Vud comes from superallowed decays
==============================================================================
tau_beta after substituting superallowed Vud^2 = Ft*K0/(C_nuc*(delta_out + 1)*(3*lambda**2 + 1))
d tau_beta / d Delta_R^V = 0 (zero => Delta_R^V cancels)

==============================================================================
Part 2. Numeric: PERKEO III lambda = 1.27641(56) (D-40) with each Vud / RC pairing
==============================================================================
rc set         Vud     K (s)   tau_beta (s)  pairing
CMS2018    0.97420   4908.59    878.45 +- 0.92  consistent: CMS 2018 superallowed Vud with MS2006 inner RC (D-49)
SGPR2018   0.97366   4903.49    878.51 +- 0.88  consistent: Seng 2018 Vud with Delta_R^V = 0.02467 (D-43, D-48)
AVG2020    0.97373   4904.12    878.50 +- 0.88  consistent: Hardy-Towner 2020 Vud with Delta_R^V = 0.02454 (D-43, D-48)
GS2023     0.97361   4902.92    878.50 +- 0.88  consistent: Gorchtein-Seng 2024 Vud with Delta_R^V = 0.02479 (D-43, D-48)
GS2023     0.97367   4902.92    878.39 +- 0.88  near-consistent: PDG 2024 Vud with GS2023 RC
CMS2018    0.97367   4908.59    879.41 +- 0.92  MIXED (as in D-50): CMS 2018 K with PDG 2024 Vud
CMS 2018 superallowed-combined constant: 5172.0(1.1) s / (1 + 3 lam^2) = 878.45 s (D-01, D-49)
Consistent pairings span 878.45 - 878.51 s (spread 0.06 s)
Bias of the mixed pairing used in D-50: +0.91 s (+0.103 %)

==============================================================================
Part 3. D-50 recomputed with a consistent pairing (GS2023 RC, Vud = 0.97361(32))
==============================================================================
lambda source   |lambda|  tau_beta consistent (s)  D-50 mixed (s) shift (s)
PERKEO III       1.27641          878.50 +-  0.88          879.41     -0.91
UCNA 2018        1.27720          877.60 +-  2.36          878.50     -0.91
PERKEO II        1.27480          880.34 +-  1.63          881.25     -0.91
PDG 2024 avg     1.27540          879.65 +-  1.61          880.56     -0.91
aSPECT 2020      1.26770          888.53 +-  3.31          889.45     -0.92
aSPECT 2024      1.26680          889.58 +-  3.20          890.50     -0.92
aCORN            1.27960          874.86 +-  7.07          875.77     -0.90
(PERKEO II error: 0.0008 stat (+) 0.00105 sys, the systematic symmetrised from +0.0010/-0.0011; corrected after M-EMPIRICIST-11)

==============================================================================
Part 4. The 'unresolved 5.7e-4 Vud offset' (dossier section 6)
==============================================================================
Vud(CMS2018 K) = 0.97459; Vud(GS2023 K) = 0.97403; difference = 5.63e-04
sqrt(K_CMS2018 / K_GS2023) = 1.000578; Vud(GS2023) * ratio = 0.97459 (= Vud(CMS2018))
=> the offset is the inner-RC update 0.02361 -> 0.02479, not unexplained physics.

--- stderr ---

