# math_run log
command:  python3 runs/2026-10-01-warp-drive-without-negative-energy/math/examiner/M-EXAMINER-01.py
started:  2026-10-01T21:44:57Z
duration: 0.8 s
exit:     0
versions: python 3.11.15, sympy 1.14.0, mpmath 1.3.0, numpy 2.4.6, scipy 1.17.1
counts:   7 PASS, 0 FAIL, 0 UNDECIDED

--- stdout ---
ds^2 along x = v t with f = f1: dt**2*(v**2*(f1 - 1)**2 - 1)
PASS -dt**2 == -dt**2: symbolic
PASS -1 + (-dt**2*v**2/4 + dt**2)/dt**2 is negative: numeric at 50 points, dt in [0.1, 10], v in [0.01, 0.99]
toolkit symbols: {'t': t, 'x': x, 'y': y, 'z': z, 'v': v, 'R': R, 'sigma': sigma, 'f': f, 'r_s': sqrt(y**2 + z**2 + (-t*v + x)**2)}
geodesic acceleration Gamma^mu_ab u^a u^b at centre, t=0.0: [0.0, 0.0, 0.0, 0.0]
geodesic acceleration Gamma^mu_ab u^a u^b at centre, t=3.0: [0.0, 0.0, 0.0, 0.0]
PASS centre worldline x = v t is geodesic (numeric, v=10, R=100 m, sigma=2 1/m)
PASS lim v->0 of f1*v == 0: symbolic limit 0
PASS 4.37 ly / (10 * c) == 0.437 yr: within 1e-06; 1.37907e+07 vs 1.37907e+07 (SI)
PASS 4.37 ly / c == 4.37 yr: within 1e-06; 1.37907e+08 vs 1.37907e+08 (SI)
PASS 4.37 ly / (10 * c) has the dimension of time: dimensional analysis
SUMMARY: 6 pass, 0 fail, 0 undecided

--- stderr ---

