# math_run log
command:  python3 runs/2026-10-01-warp-drive-without-negative-energy/math/examiner/M-EXAMINER-02.py
started:  2026-10-01T21:45:47Z
duration: 0.7 s
exit:     0
versions: python 3.11.15, sympy 1.14.0, mpmath 1.3.0, numpy 2.4.6, scipy 1.17.1
counts:   9 PASS, 0 FAIL, 0 UNDECIDED

--- stdout ---
comoving g_tt = (v*F(X, y, z) - v - 1)*(v*F(X, y, z) - v + 1)   g_tX = -v*(F(X, y, z) - 1)
PASS v**2*F(X, y, z)**2 - 2*v**2*F(X, y, z) + v**2 - 1 == v**2*(1 - F(X, y, z))**2 - 1: symbolic
PASS 0 == 0: symbolic
axial null speeds dX/dt: [fs*v - v - 1, fs*v - v + 1]
PASS fs*v - v + 1 == -v*(1 - fs) + 1: symbolic
PASS (v - 1)/v == 1 - 1/v: symbolic
PASS (v - 1)/v == 1 - 1/v: symbolic
PASS v**2*(1 - fs)**2 - 1 < 0: numeric at 50 points, fs in [0, 1], v in [0.01, 0.999]
PASS lim v->0 of v**2*(1 - fs)**2 - 1 == -1: symbolic limit -1
profile decreasing on [0,300] m: True; within [0,1]: True; f(0) = 1.0
PASS Alcubierre tanh profile monotone in [0,1] (sampled 0.1 m)
r where f = 0.9 (v=10, R=100 m, sigma=2 1/m): 99.45069386 m
PASS horizon radius 99.450694 m vs claimed 99.4507 m
closed-form approx r = R - atanh(0.8)/s = 99.45069386 m
SUMMARY: 7 pass, 0 fail, 0 undecided

--- stderr ---

