# math_run log
command:  python3 runs/2026-10-01-warp-drive-without-negative-energy/math/examiner/M-EXAMINER-04.py
started:  2026-10-01T21:46:33Z
duration: 0.7 s
exit:     0
versions: python 3.11.15, sympy 1.14.0, mpmath 1.3.0, numpy 2.4.6, scipy 1.17.1
counts:   29 PASS, 0 FAIL, 0 UNDECIDED

--- stdout ---
GM/c^2 = 3.33435 m
PASS 6.67430e-11 m^3/(kg*s^2) * 4.49e27 kg / c^2 == 3.3342 m: within 0.0001; 3.33435 vs 3.3342 (SI)
PASS G * 4.49e27 kg / c^2 has the dimension of length: dimensional analysis
interior axial null speeds: [-N_n + b, N_n + b]
PASS N_n + b == N_n + b: symbolic
PASS lim N_n->1 of 2*R_s*(-1 + 1/N_n) == 0: symbolic limit 0
PASS 2*R_s*(-1/(N_n + b) + 1/(N_n - b)) == 4*R_s*b/(N_n**2 - b**2): symbolic
PASS 2*R_s*(-1/(N_n*(b + 1)) + 1/(N_n*(1 - b))) == 4*R_s*b/(N_n*(1 - b**2)): symbolic
radial Shapiro excess (one side): 2*m*(-log(-2*m + r1) + log(-2*m + r2))
PASS lim m->0 of 2*m*log((-2*m + r2)/(-2*m + r1)) == 0: symbolic limit 0
integral 22.22382 vs closed form 22.22382
R_s=10.0: N=0.5772 d0=14.652 m (48.9 ns) Shapiro(2 sides)=44.45 m d(0.04)=12.406 m threshold=0.4228 (10.57x) alt-convention threshold=0.3334 (8.34x) co-counter: beta-reading 16.10 ns, beta*N-reading 9.26 ns
PASS N_in R_s=10.0: ours 0.5772 vs claimed 0.5772 (tol 6e-05)
PASS unshifted delay R_s=10.0: ours 14.6515 vs claimed 14.65 (tol 0.006)
PASS exterior Shapiro both sides R_s=10.0: ours 44.4507 vs claimed 44.4 (tol 0.06)
PASS forward delay beta=0.04 R_s=10.0: ours 12.4057 vs claimed 12.4 (tol 0.06)
PASS advance threshold R_s=10.0: ours 0.4228 vs claimed 0.4228 (tol 6e-05)
PASS threshold factor R_s=10.0: ours 10.5706 vs claimed 10.6 (tol 0.06)
R_s=14.2: N=0.7283 d0=10.597 m (35.3 ns) Shapiro(2 sides)=33.57 m d(0.04)=8.566 m threshold=0.2717 (6.79x) alt-convention threshold=0.2348 (5.87x) co-counter: beta-reading 14.33 ns, beta*N-reading 10.42 ns
PASS N_in R_s=14.2: ours 0.7283 vs claimed 0.7283 (tol 6e-05)
PASS unshifted delay R_s=14.2: ours 10.5967 vs claimed 10.6 (tol 0.006)
PASS exterior Shapiro both sides R_s=14.2: ours 33.5714 vs claimed 33.6 (tol 0.06)
PASS forward delay beta=0.04 R_s=14.2: ours 8.5663 vs claimed 8.6 (tol 0.06)
PASS advance threshold R_s=14.2: ours 0.2717 vs claimed 0.2717 (tol 6e-05)
PASS threshold factor R_s=14.2: ours 6.7933 vs claimed 6.8 (tol 0.06)
R_s=20.0: N=0.8164 d0=8.994 m (30.0 ns) Shapiro(2 sides)=25.96 m d(0.04)=6.705 m threshold=0.1836 (4.59x) alt-convention threshold=0.1667 (4.17x) co-counter: beta-reading 16.05 ns, beta*N-reading 13.09 ns
PASS N_in R_s=20.0: ours 0.8164 vs claimed 0.8164 (tol 6e-05)
PASS unshifted delay R_s=20.0: ours 8.9935 vs claimed 8.99 (tol 0.006)
PASS exterior Shapiro both sides R_s=20.0: ours 25.9551 vs claimed 26.0 (tol 0.06)
PASS forward delay beta=0.04 R_s=20.0: ours 6.7053 vs claimed 6.7 (tol 0.06)
PASS advance threshold R_s=20.0: ours 0.1836 vs claimed 0.1836 (tol 6e-05)
PASS threshold factor R_s=20.0: ours 4.5891 vs claimed 4.6 (tol 0.06)
PASS co-minus-counter range min [ns]: ours 9.2616 vs claimed 9.3 (tol 0.06)
PASS co-minus-counter range max [ns]: ours 16.0981 vs claimed 16.1 (tol 0.06)
PASS 1/2 - N_n**2/2 > 0.0400000000000000: numeric at 50 points, N_n in [0.5772, 0.8164]
PASS 2*3.3342 m * 1 == 6.6684 m: within 0.001; 6.6684 vs 6.6684 (SI)
SUMMARY: 9 pass, 0 fail, 0 undecided

--- stderr ---

