# math_run log
command:  python3 runs\2026-10-03-traversable-wormhole-shortcuts\math\examiner\M-EXAMINER-03.py
started:  2026-10-08T12:02:30Z
duration: 0.9 s
exit:     0
versions: python 3.14.6, sympy 1.14.0, mpmath 1.3.0, numpy 2.5.2, scipy 1.18.0
counts:   11 PASS, 0 FAIL, 0 UNDECIDED

--- stdout ---
PASS 2*M/(-2*M + r) + 1 == 1/(-2*M/r + 1): symbolic
PASS lim M->0 of 2*M*log((-2*M + r)/(-2*M + a)) - a + r == -a + r: symbolic limit -a + r
M_geom = 1476.625037531741 m; T_thru(inf) = 0.0006520862600015941 s; T_thru(obs) = 0.0006423852303396296 s; L = 187485.905203891 m
PASS 0.0006520862600015941 s == 6.5209e-4 s: within 0.0002; 0.000652086 vs 0.00065209 (SI)
PASS 0.0006423852303396296 s == 6.42e-4 s: within 0.002; 0.000642385 vs 0.000642 (SI)
PASS 187485.90520389137 m == 1.8749e5 m: within 0.0002; 187486 vs 187490 (SI)
PASS 0.0062225087834742844 s == 6.22e-3 s: within 0.002; 0.00622251 vs 0.00622 (SI)
D=1e+07 m Shapiro=9.11e-05 s T_ext=0.0327804 s ratio=0.01989 (lens 0.01989)
PASS 0.0198900000000000 == 0.0198900000000000: symbolic
D=1.496e+11 m Shapiro=0.000281 s T_ext=499.004 s ratio=1.307e-06 (lens 1.307e-06)
PASS 0.00000130700000000000 == 0.00000130700000000000: symbolic
D=9.461e+15 m Shapiro=0.000499 s T_ext=3.15576e+07 s ratio=2.066e-11 (lens 2.066e-11)
PASS 2.06600000000000E-11 == 2.06600000000000E-11: symbolic
max Shapiro delay over listed D: 0.0004985183540582101 s
PASS 1 == 1: symbolic
PASS 2*1476.6 m / c has the dimension of s: dimensional analysis
SUMMARY: 11 pass, 0 fail, 0 undecided

--- stderr ---

