# math_run log
command:  python3 runs\2026-10-03-traversable-wormhole-shortcuts\math\examiner\M-EXAMINER-01.py
started:  2026-10-08T12:02:27Z
duration: 1.3 s
exit:     0
versions: python 3.14.6, sympy 1.14.0, mpmath 1.3.0, numpy 2.5.2, scipy 1.18.0
counts:   13 PASS, 0 FAIL, 0 UNDECIDED

--- stdout ---
mismatches shortcut rule: 0  CTC rule: 0
PASS 0 == 0: symbolic
PASS 0 == 0: symbolic
PASS 2*X == 2*X: symbolic
PASS 2*X is positive: symbolic, X in [0.1, 10]
PASS T_w > X: numeric at 50 points, T_w in [5, 10], X in [0.1, 4.9]
PASS T_w + X > 0: symbolic, T_w in [0.1, 10], X in [0.1, 10]
PASS lim T_w->0 of -T_w + X == X: symbolic limit X
X=3000.0 yr: shortcut needs Delta < -6424.78 yr ; CTC needs |Delta| > 12424.8 yr
PASS -6424.777960769379 yr == -6424.8 yr: within 0.0002; -2.02751e+11 vs -2.02751e+11 (SI)
PASS 12424.77796076938 yr == 12425.0 yr: within 0.0002; 3.92096e+11 vs 3.92103e+11 (SI)
X=30.0 yr: shortcut needs Delta < -9394.78 yr ; CTC needs |Delta| > 9454.78 yr
PASS -9394.77796076938 yr == -9394.8 yr: within 0.0002; -2.96477e+11 vs -2.96477e+11 (SI)
PASS 9454.77796076938 yr == 9454.8 yr: within 0.0002; 2.9837e+11 vs 2.98371e+11 (SI)
Ellis 1 ly: shortcut-without-CTC window for Delta: -1.000000000000002 to 0.9999999999999979 yr
PASS 0.9999999999999979 yr == 1 yr: within 1e-06; 3.15576e+07 vs 3.15576e+07 (SI)
PASS 3000 ly / c == 3000 yr: within 1e-06; 9.46728e+10 vs 9.46728e+10 (SI)
SUMMARY: 13 pass, 0 fail, 0 undecided

--- stderr ---

