# math_run log
command:  python3 runs\2026-10-03-traversable-wormhole-shortcuts\math\examiner\M-EXAMINER-02.py
started:  2026-10-08T12:02:29Z
duration: 1.2 s
exit:     0
versions: python 3.14.6, sympy 1.14.0, mpmath 1.3.0, numpy 2.5.2, scipy 1.18.0
counts:   12 PASS, 0 FAIL, 0 UNDECIDED

--- stdout ---
PASS 2*sqrt(-b0**2 + r**2) == 2*sqrt(-b0**2 + r**2): symbolic
PASS lim b0->0 of 2*sqrt(-b0**2 + r**2) == 2*r: symbolic limit 2*r
T_thru (b0=1 m, r_obs=10 m) = 6.637841683839958e-08 s
PASS 19.8997487421324 m / c == 6.6378e-8 s: within 0.0001; 6.63784e-08 vs 6.6378e-08 (SI)
D=1000 m ratio=0.02031 (lens 0.02031)
PASS 0.0203100000000000 == 0.0203100000000000: symbolic
D=1.496e+11 m ratio=1.33e-10 (lens 1.33e-10)
PASS 1.33000000000000E-10 == 1.33000000000000E-10: symbolic
D=9.461e+15 m ratio=2.103e-15 (lens 2.103e-15)
PASS 2.10300000000000E-15 == 2.10300000000000E-15: symbolic
r_obs=100 m D=1000 m ratio=0.25 (lens 0.25)
PASS 0.250000000000000 == 0.250000000000000: symbolic
r_obs=100 m D=1.496e+11 m ratio=1.337e-09 (lens 1.337e-09)
PASS 1.33700000000000E-9 == 1.33700000000000E-9: symbolic
r_obs=100 m D=9.461e+15 m ratio=2.114e-14 (lens 2.114e-14)
PASS 2.11400000000000E-14 == 2.11400000000000E-14: symbolic
PASS 980.0 m / c == 3.27e-6 s: within 0.002; 3.26893e-06 vs 3.27e-06 (SI)
tau at 0.1c = 6.604569084923411e-07 s
PASS 6.604569084923411e-07 s == 6.60e-7 s: within 0.002; 6.60457e-07 vs 6.6e-07 (SI)
PASS 19.9 m / (0.1 * c) has the dimension of s: dimensional analysis
SUMMARY: 12 pass, 0 fail, 0 undecided

--- stderr ---

