# math_run log
command:  python3 runs/2026-09-30-neutron-lifetime-beam-bottle/math/decomposer/M-DECOMPOSER-12.py
started:  2026-09-30T18:25:09Z
duration: 0.5 s
exit:     0
versions: python 3.11.15, sympy 1.14.0, mpmath 1.3.0, numpy 2.4.6, scipy 1.17.1
counts:   12 PASS, 0 FAIL, 0 UNDECIDED

--- stdout ---
SIL vs UCNtau 2.346; SIL vs storage 2.223
PASS SIL vs UCNtau: got 2.34639, lens 2.35, tol 0.005
PASS SIL vs all storage: got 2.22297, lens 2.22, tol 0.005
storage w/o UCNtau 879.923 +- 0.475, S 1.340 -> 0.637; BL1 vs it 3.330
PASS storage w/o UCNtau mean: got 879.923, lens 879.92, tol 0.005
PASS scaled sigma: got 0.636531, lens 0.64, tol 0.005
PASS S: got 1.34019, lens 1.34, tol 0.005
PASS BL1 vs rest storage: got 3.32985, lens 3.33, tol 0.005
PASS BL1 vs Gravitrap: got 2.5525, lens 2.55, tol 0.005
H2 0.3% = 2.663 s = 0.270 of gap; 5.3 s -> 0.536, 5.4 s -> 0.547
PASS H2 shift s: got 2.6631, lens 2.7, tol 0.05
PASS H2 fraction: got 0.269545, lens 0.27, tol 0.005
PASS 100% of one correction, fraction: got 0.541498, lens 0.54, tol 0.006
two-sided p at 4.36 sigma = 1.301e-05
PASS p (1e-5): got 1.30062, lens 1.0, tol 0.35
PASS lim x->0 of erfc(sqrt(2)*x/2) == 1: symbolic limit 1
SUMMARY: 1 pass, 0 fail, 0 undecided

--- stderr ---

