# math_run log
command:  python3 runs/2026-09-30-neutron-lifetime-beam-bottle/math/decomposer/M-DECOMPOSER-11.py
started:  2026-09-30T18:27:43Z
duration: 0.8 s
exit:     0
versions: python 3.11.15, sympy 1.14.0, mpmath 1.3.0, numpy 2.4.6, scipy 1.17.1
counts:   7 PASS, 0 FAIL, 0 UNDECIDED

--- stdout ---
E0 = 1.292581 MeV total, W0 = 2.52952, R = 2.175e-03
<m_e/E> with Fermi function 0.65550; without 0.65424
PASS <m/E> Fermi: got 0.6555, lens 0.6555, tol 0.0005
PASS <m/E> no Coulomb: got 0.654239, lens 0.6542, tol 0.0005
rho(b,lam) = +0.0: tau_beta = 893.70 +- 4.19 s (b 3.85, lam 1.51, fixed 0.62)
rho(b,lam) = -0.5: tau_beta = 893.70 +- 3.42 s (b 3.85, lam 1.51, fixed 0.62)
rho(b,lam) = +0.5: tau_beta = 893.70 +- 4.83 s (b 3.85, lam 1.51, fixed 0.62)
PASS Fierz tau_beta: got 893.701, lens 893.7, tol 0.05
PASS Fierz tau_beta error (rho = 0): got 4.18592, lens 4.18, tol 0.05
above BL1 1.26 sigma, above UCNtau 3.79 sigma
PASS vs BL1: got 1.26316, lens 1.3, tol 0.05
PASS vs UCNtau: got 3.78506, lens 3.8, tol 0.05
PASS lim bb->0 of t0/(a*bb + 1) == t0: symbolic limit t0
<1/W> without Coulomb at W0 = 50: 0.0497 (-> 0 as W0 -> inf, the massless limit)
SUMMARY: 1 pass, 0 fail, 0 undecided

--- stderr ---

