# math_run log
command:  python3 runs/2026-09-30-neutron-lifetime-beam-bottle/math/decomposer/M-DECOMPOSER-01.py
started:  2026-09-30T18:24:11Z
duration: 0.9 s
exit:     0
versions: python 3.11.15, sympy 1.14.0, mpmath 1.3.0, numpy 2.4.6, scipy 1.17.1
counts:   7 PASS, 2 FAIL, 0 UNDECIDED

--- stdout ---
sigma_BL1 = 2.2472 s, sigma_SIL = 4.8415 s
mean = 887.966 +- 2.038 s, chi2 = 0.079/1, BL1 weight = 0.8227
PASS class mean (s): got 887.966, lens 887.97, tol 0.01
PASS class sigma (s): got 2.03835, lens 2.04, tol 0.01
PASS chi2: got 0.0789751, lens 0.08, tol 0.01
FAIL BL1 weight (lens: 85%): got 0.822745, lens 0.85, tol 0.01
FAIL Sussex-ILL weight (ledger L2: 15%): got 0.177255, lens 0.15, tol 0.01
alt: stat-only weight 0.8621; 1/sigma weight 0.6830
PASS (x2/s2**2 + x1/s1**2)/(s2**(-2) + s1**(-2)) == s1**2*(-x1 + x2)/(s1**2 + s2**2) + x1: symbolic
PASS (x1 - x2)**2/(s1**2 + s2**2) == (x2 - (x2/s2**2 + x1/s1**2)/(s2**(-2) + s1**(-2)))**2/s2**2 + (x1 - (x2/s2**2 + x1/s1**2)/(s2**(-2) + s1**(-2)))**2/s1**2: symbolic
PASS lim s2->oo of (x2/s2**2 + x1/s1**2)/(s2**(-2) + s1**(-2)) == x1: symbolic limit x1
PASS 887.7 s * 0.8 + 889.2 s * 0.2 has the dimension of s: dimensional analysis
SUMMARY: 4 pass, 0 fail, 0 undecided

--- stderr ---

