# math_run log
command:  python3 runs/2026-09-30-neutron-lifetime-beam-bottle/math/decomposer/M-DECOMPOSER-07.py
started:  2026-09-30T18:27:17Z
duration: 0.6 s
exit:     0
versions: python 3.11.15, sympy 1.14.0, mpmath 1.3.0, numpy 2.4.6, scipy 1.17.1
counts:   19 PASS, 1 FAIL, 0 UNDECIDED

--- stdout ---
PASS 0 == 0: symbolic
PASS Ft*Kn/(K0*(3*lam**2 + 1)) == Ft*Kn/(K0*(3*lam**2 + 1)): symbolic
PASS lim l->0 of C/(v**2*(3*l**2 + 1)) == C/v**2: symbolic limit C/v**2
PASS 5024.7 s has the dimension of s: dimensional analysis
GS2023: tau(1+3lam^2) = 5172.56 s (CMS 2018 with its own Vud 0.97420: 5172.0(1.1) s)
Tan/AVG2020: tau(1+3lam^2) = 5172.30 s (CMS 2018 with its own Vud 0.97420: 5172.0(1.1) s)
D-50 mixed pairing PERKEO III: 879.41 s
C=5024.7: PERKEO III tau_beta 878.541 +- 0.879 (lam 0.638, Vud 0.578, RC 0.180)
C=5024.46: PERKEO III tau_beta 878.499 +- 0.879 (lam 0.638, Vud 0.577, RC 0.180)
PASS PERKEO III tau_beta (Tan C): got 878.499, lens 878.5, tol 0.02
PASS PERKEO III error: got 0.87893, lens 0.88, tol 0.02
PASS D-50 mixed-pairing offset (+0.91 s): got 0.909935, lens 0.91, tol 0.02
A route lambda 1.27623 +- 0.00050, chi2 1.513/2
PASS A-route lambda: got 1.27623, lens 1.27623, tol 1e-05
PASS A-route sigma: got 0.000497815, lens 0.0005, tol 5e-06
PASS A-route chi2 (F7: 1.51): got 1.51281, lens 1.51, tol 0.01
FAIL A-route chi2 (ledger L8: 2.14): got 1.51281, lens 2.14, tol 0.01
A route tau_beta 878.705 +- 0.831; aSPECT 889.577 +- 3.199; difference 10.872 s
PASS A-route tau_beta: got 878.705, lens 878.7, tol 0.03
PASS A-route error: got 0.830589, lens 0.83, tol 0.02
PASS aSPECT tau_beta: got 889.577, lens 889.58, tol 0.03
PASS aSPECT error: got 3.19901, lens 3.2, tol 0.02
PASS Delta tau for Delta lambda (10.8 s): got 10.8724, lens 10.8, tol 0.1
Delta lambda 0.00943, A-route vs aSPECT 3.435 sigma; PERKEO III vs aSPECT 3.486
PASS Delta lambda: got 0.00942997, lens 0.0094, tol 5e-05
PASS split z (3.4): got 3.43469, lens 3.4, tol 0.05
A route vs BL1 3.755 sigma; a route vs UCNtau 3.660 sigma
PASS A-route vs BL1: got 3.75465, lens 3.75, tol 0.02
PASS a-route vs UCNtau: got 3.66044, lens 3.7, tol 0.05
SUMMARY: 4 pass, 0 fail, 0 undecided

--- stderr ---

