# math_run log
command:  python3 runs/2026-09-30-neutron-lifetime-beam-bottle/math/decomposer/M-DECOMPOSER-06.py
started:  2026-09-30T18:25:08Z
duration: 0.5 s
exit:     0
versions: python 3.11.15, sympy 1.14.0, mpmath 1.3.0, numpy 2.4.6, scipy 1.17.1
counts:   13 PASS, 0 FAIL, 0 UNDECIDED

--- stdout ---
Delta 9.880 s = 1.113% of BL1
PASS fraction (%): got 1.11299, lens 1.11, tol 0.005
PASS x BL1 sys 1.9 s: got 5.2, lens 5.2, tol 0.05
PASS x 1.7 s line: got 5.81176, lens 5.8, tol 0.05
PASS x 0.5 s fluence: got 19.76, lens 20, tol 0.5
r = 1.2679e-05 s^-1, 1/r = 7.8871e+04 s = 0.913 d
PASS loss rate 1e-5: got 1.2679, lens 1.27, tol 0.005
PASS time constant 1e4 s: got 7.88705, lens 7.9, tol 0.05
PASS time constant d: got 0.912853, lens 0.91, tol 0.005
UCNtau 0.2 s -> 2.595e-07 s^-1 (x48.9); Gravitrap 0.6 s -> 7.722e-07 s^-1 (x16.4)
PASS UCNtau rate 1e-7: got 2.59549, lens 2.6, tol 0.05
PASS x UCNtau: got 48.8502, lens 49, tol 0.5
PASS x Gravitrap: got 16.4202, lens 16, tol 0.5
PASS 1/(1/(877.82 s) - 1/(887.7 s)) == 78870 s: within 0.002; 78870.5 vs 78870 (SI)
PASS 0.2 s/(877.82 s)^2 has the dimension of Hz: dimensional analysis
PASS series of 1/(-d + t) - 1/t about d = 0 to order 2 == d/t**2: symbolic: d/t**2
SUMMARY: 3 pass, 0 fail, 0 undecided

--- stderr ---

