# math_run log
command:  python3 runs/2026-09-29-problem-of-time-quantum-gravity/math/constraints/M-CONSTRAINTS-03.py
started:  2026-09-30T00:03:35Z
duration: 0.8 s
exit:     0
versions: python 3.11.15, sympy 1.14.0, mpmath 1.3.0, numpy 2.4.6, scipy 1.17.1
counts:   11 PASS, 0 FAIL, 0 UNDECIDED

--- stdout ---
stationary points: [3*Om/(2*K)]
PASS 3*Om/(2*K) == 3*Om/(2*K): symbolic
PASS 32*K**5/(81*Om**4) is positive: symbolic, K in [0.0001, 0.1], Om in [0.1, 1]
PASS -4*K**3/(27*Om**2) == -4*K**3/(27*Om**2): symbolic
PASS lim K->0 of 2*K/(3*Om) == 0: symbolic limit 0
Ok = -0.001: a* = 472.5, t* = 120.51204 Gyr, H_min/(H0 sqrt OL) = 0.999999998912
PASS 472.5 == 472.5: within 0.002; 472.5 vs 472.5 (SI)
PASS 120.51204147839066 Gyr == 120.5 Gyr: within 0.002; 3.80307e+18 vs 3.80269e+18 (SI)
Ok = -0.01: a* = 47.25, t* = 79.846197 Gyr, H_min/(H0 sqrt OL) = 0.999998925861
PASS 47.25 == 47.25: within 0.002; 47.25 vs 47.25 (SI)
PASS 79.84619700713189 Gyr == 79.9 Gyr: within 0.002; 2.51975e+18 vs 2.52145e+18 (SI)
Ok = -0.05: a* = 9.45, t* = 51.205058 Gyr, H_min/(H0 sqrt OL) = 0.999873031681
PASS 9.45 == 9.45: within 0.002; 9.45 vs 9.45 (SI)
PASS 51.20505837990167 Gyr == 51.2 Gyr: within 0.002; 1.61591e+18 vs 1.61575e+18 (SI)
flat LCDM age today (Gyr): 13.7962
PASS 13.796234644007173 Gyr == 13.8 Gyr: within 0.01; 4.35376e+17 vs 4.35495e+17 (SI)
SUMMARY: 11 pass, 0 fail, 0 undecided

--- stderr ---

