# math_run log
command:  python3 runs/2026-09-29-problem-of-time-quantum-gravity/math/constraints/M-CONSTRAINTS-06.py
started:  2026-09-30T00:05:11Z
duration: 1.0 s
exit:     0
versions: python 3.11.15, sympy 1.14.0, mpmath 1.3.0, numpy 2.4.6, scipy 1.17.1
counts:   12 PASS, 0 FAIL, 0 UNDECIDED

--- stdout ---
null space dim: 2
PASS J Psi = 0
t1=0.7854, t2=2.3562: naive 0.00e+00, memory 0.500000, Born 0.500000
PASS 1.0 == 1: within 1e-12; 1 vs 1 (SI)
PASS 0.49999999999999956 == 0.4999999999999999: within 1e-09; 0.5 vs 0.5 (SI)
PASS 0.4999999999999999 == 0.5: within 1e-06; 0.5 vs 0.5 (SI)
t1=0.0000, t2=2.3562: naive 0.00e+00, memory 0.853553, Born 0.853553
PASS 1.0 == 1: within 1e-12; 1 vs 1 (SI)
PASS 0.8535533905932736 == 0.8535533905932737: within 1e-09; 0.853553 vs 0.853553 (SI)
PASS 0.8535533905932737 == 0.853553: within 1e-06; 0.853553 vs 0.853553 (SI)
t1=1.5708, t2=4.7124: naive 0.00e+00, memory 1.000000, Born 1.000000
PASS 1.0 == 1: within 1e-12; 1 vs 1 (SI)
PASS 0.9999999999999999 == 1.0: within 1e-09; 1 vs 1 (SI)
PASS 1.0 == 1.0: within 1e-06; 1 vs 1 (SI)
PASS sin(t/2)**2 == 1/2 - cos(t)/2: symbolic
PASS 0.9999999999999998 == 1: within 1e-12; 1 vs 1 (SI)
SUMMARY: 11 pass, 0 fail, 0 undecided

--- stderr ---

