# math_run log
command:  python3 runs/2026-09-29-problem-of-time-quantum-gravity/math/constraints/M-CONSTRAINTS-07.py
started:  2026-09-30T00:06:17Z
duration: 0.8 s
exit:     0
versions: python 3.11.15, sympy 1.14.0, mpmath 1.3.0, numpy 2.4.6, scipy 1.17.1
counts:   12 PASS, 0 FAIL, 0 UNDECIDED

--- stdout ---
PASS G * (hbar*2*pi*429 THz) / (c^4 * 1 mm) == 2.35e-60: within 0.003; 2.34875e-60 vs 2.35e-60 (SI)
PASS G * (hbar*2*pi*429 THz) / (c^4 * 1 m) == 2.35e-63: within 0.003; 2.34875e-63 vs 2.35e-63 (SI)
PASS G * (hbar*2*pi*429 THz) / (c^4 * 1 mm) has the dimension of dimensionless: dimensional analysis
PASS 1e-18 * c^4 / G == 1.2e26 J/m: within 0.02; 1.21026e+26 vs 1.2e+26 (SI)
PASS 1e-18 * c^2 / G == 1.3e9 kg/m: within 0.04; 1.34659e+09 vs 1.3e+09 (SI)
PASS -e/(e*lam - 1) == e/(-e*lam + 1): symbolic
PASS series of e/(-e*lam + 1) about lam = 0 to order 2 == e**2*lam + e: symbolic: e**2*lam + e
H_eff eigenvalues: [0.         1.05263158] non-Hermiticity: 1.7513780414349077e-17
PASS 1.0526315789473686 == 1.052632: within 1e-06; 1.05263 vs 1.05263 (SI)
PASS H_eff Hermitian
PASS 1.0 == 1: within 1e-12; 1 vs 1 (SI)
PASS 1.0 == 1: within 1e-12; 1 vs 1 (SI)
PASS generic coupling: no exact null vector in 40 random trials
SUMMARY: 10 pass, 0 fail, 0 undecided

--- stderr ---

