# math_run log
command:  python3 runs/2026-09-29-problem-of-time-quantum-gravity/math/constraints/M-CONSTRAINTS-02.py
started:  2026-09-30T00:05:08Z
duration: 1.3 s
exit:     0
versions: python 3.11.15, sympy 1.14.0, mpmath 1.3.0, numpy 2.4.6, scipy 1.17.1
counts:   8 PASS, 0 FAIL, 0 UNDECIDED

--- stdout ---
PASS -2*V + 2*pd**2 == -2*V + 2*pd**2: symbolic
PASS pd**2 == pd**2: symbolic
PASS 0 == 0: symbolic
PASS -4*pi*pd**2 is nonpositive: symbolic, pd in [-3, 3]
(i) closed massless {'a': 1, 'H': 0, 'phi': 0, 'T4': 0, 'res': np.float64(5.002662168207782e-11), 'sec': 0, 'npts': 60000, 'tend': np.float64(0.7130118835313922)}
(ii) flat massive {'a': 0, 'H': 0, 'phi': 17, 'T4': 0, 'res': np.float64(5.7970015982024314e-08), 'sec': 26238, 'npts': 60000, 'tend': np.float64(60.0)}
(iii) closed massive {'a': 0, 'H': 38, 'phi': 18, 'T4': 0, 'res': np.float64(2.292294290634349e-08), 'sec': 23490, 'npts': 60000, 'tend': np.float64(60.0)}
PASS (i) closed massless: volume turns once, phi/H/T4 monotonic
PASS (ii) flat massive: phi turns, a/H/T4 monotonic, SEC violated somewhere
PASS (iii) closed massive: phi and H both turn (York time fails), T4 monotonic
(iii) at 1.5n: {'a': 0, 'H': 38, 'phi': 18, 'T4': 0, 'res': np.float64(2.292294290634349e-08), 'sec': 35234, 'npts': 90000, 'tend': np.float64(60.0)}
PASS counts stable under n -> 1.5n
SUMMARY: 4 pass, 0 fail, 0 undecided

--- stderr ---

