# math_run log
command:  python3 runs/2026-09-29-problem-of-time-quantum-gravity/math/constraints/M-CONSTRAINTS-09.py
started:  2026-09-30T00:06:26Z
duration: 0.4 s
exit:     0
versions: python 3.11.15, sympy 1.14.0, mpmath 1.3.0, numpy 2.4.6, scipy 1.17.1
counts:   10 PASS, 0 FAIL, 0 UNDECIDED

--- stdout ---
Tolman ratio - 1 (50 digits): -1.0926502e-19  float64: 0.0
PASS 1.0926502268389694e-19 == 1.0927e-19: within 0.0005; 1.09265e-19 vs 1.0927e-19 (SI)
PASS (3.986004418e14 m^3/s^2)/(6.371e6 m)^2 * 1 mm / c^2 == 1.0927e-19: within 0.0005; 1.09265e-19 vs 1.0927e-19 (SI)
PASS series of sqrt((-u*v + 1)/(1 - u)) about u = 0 to order 2 == u*(1 - v)/2 + 1: symbolic: u*(1/2 - v/2) + 1
PASS hbar * 9.80665 m/s^2 / (2*pi*c*kB) == 3.98e-20 K: within 0.003; 3.97661e-20 vs 3.98e-20 (SI)
PASS hbar * 9.80665 m/s^2 / (2*pi*c*kB) has the dimension of K: dimensional analysis
PASS 2*pi*c/(9.80665 m/s^2) == 1.92e8 s: within 0.003; 1.92079e+08 vs 1.92e+08 (SI)
PASS hbar * c^3 / (8*pi*G*Msun*kB) == 6.17e-8 K: within 0.003; 6.17026e-08 vs 6.17e-08 (SI)
PASS 2*G*Msun/c^2 == 2953.25 m: within 1e-05; 2953.25 vs 2953.25 (SI)
PASS c^2/(4*G*Msun) == 1.6930e-4 1/m: within 0.0001; 0.000169305 vs 0.0001693 (SI)
PASS hbar*c*(1.6930e-4 1/m)/(2*pi*kB) == 6.17e-8 K: within 0.003; 6.17008e-08 vs 6.17e-08 (SI)
horizons_1p1: [{'x': np.float64(2953.2500765008035), 'kappa': np.float64(0.00016930499848805678)}]
SUMMARY: 10 pass, 0 fail, 0 undecided

--- stderr ---

