# math_run log
command:  python3 runs/2026-09-29-problem-of-time-quantum-gravity/math/constraints/M-CONSTRAINTS-14.py
started:  2026-09-30T00:07:35Z
duration: 0.5 s
exit:     0
versions: python 3.11.15, sympy 1.14.0, mpmath 1.3.0, numpy 2.4.6, scipy 1.17.1
counts:   13 PASS, 0 FAIL, 0 UNDECIDED

--- stdout ---
PASS -3*G*m**2/(5*R) == -3*G*m**2/(5*R): symbolic
PASS G*(-2*m**2/d + 12*m**2/(5*R))/2 == G*m**2*(-1/d + 6/(5*R)): symbolic
PASS lim R->oo of 7*G*m**2/(10*R) == 0: symbolic limit 0
PASS (3*1e-14 kg/(4*pi*3510 kg/m^3))^(1/3) == 0.88 um: within 0.01; 8.7943e-07 vs 8.8e-07 (SI)
PASS G*(1e-14 kg)^2*(1.2/(3*1e-14 kg/(4*pi*3510 kg/m^3))^(1/3) - 1/(250 um)) has the dimension of energy: dimensional analysis
PASS G*(1e-14 kg)^2*(1.2/(3*1e-14 kg/(4*pi*3510 kg/m^3))^(1/3) - 1/(250 um)) == 0.9e-32 J: within 0.03; 9.08052e-33 vs 9e-33 (SI)
PASS 2*G*(1e-14 kg)^2*(1.2/(3*1e-14 kg/(4*pi*3510 kg/m^3))^(1/3) - 1/(250 um)) == 1.8e-32 J: within 0.03; 1.8161e-32 vs 1.8e-32 (SI)
PASS hbar/(G*(1e-14 kg)^2*(1.2/(3*1e-14 kg/(4*pi*3510 kg/m^3))^(1/3) - 1/(250 um))) == 12 ms: within 0.05; 0.0116136 vs 0.012 (SI)
PASS hbar/(2*G*(1e-14 kg)^2*(1.2/(3*1e-14 kg/(4*pi*3510 kg/m^3))^(1/3) - 1/(250 um))) == 6 ms: within 0.05; 0.00580678 vs 0.006 (SI)
PASS (1e-14 kg/(12.011 amu)) * G * (12.011 amu)^2 * 1.2/(0.54e-10 m) == 3e-40 J: within 0.05; 2.95816e-40 vs 3e-40 (SI)
PASS 4*pi^0.5*mp*G*hbar/(3*kB*(1e-15 m)^3) has the dimension of K/s: dimensional analysis
PASS 4*pi^0.5*mp*G*hbar/(3*kB*(1e-15 m)^3) == 2.0e-3 K/s: within 0.02; 0.00201516 vs 0.002 (SI)
PASS 4*pi^0.5*mp*G*hbar/(3*kB*(0.54e-10 m)^3) == 1.3e-17 K/s: within 0.03; 1.27976e-17 vs 1.3e-17 (SI)
SUMMARY: 13 pass, 0 fail, 0 undecided

--- stderr ---

