# math_run log
command:  python3 runs/2026-09-29-problem-of-time-quantum-gravity/math/constraints/M-CONSTRAINTS-01.py
started:  2026-09-30T00:03:33Z
duration: 2.7 s
exit:     0
versions: python 3.11.15, sympy 1.14.0, mpmath 1.3.0, numpy 2.4.6, scipy 1.17.1
counts:   15 PASS, 0 FAIL, 0 UNDECIDED

--- stdout ---
k = 1: rho = 3*(Ad**2 + 1)/(8*pi*A**2), p = (-2*A*Add - Ad**2 - 1)/(8*pi*A**2)
PASS 3*(Ad**2 + 1)/(8*pi*A**2) == (3*Ad**2 + 3)/(8*pi*A**2): symbolic
PASS Add/A - Ad**2/A**2 == -4*pi*(3*(Ad**2 + 1)/(8*pi*A**2) + (-2*A*Add - Ad**2 - 1)/(8*pi*A**2)) + A**(-2): symbolic
PASS Add/A - Ad**2/A**2 == -4*pi*(3*(Ad**2 + 1)/(8*pi*A**2) + 3*(-2*A*Add - Ad**2 - 1)/(8*pi*A**2))/3 - Ad**2/A**2: symbolic
k = 0: rho = 3*Ad**2/(8*pi*A**2), p = (-2*A*Add - Ad**2)/(8*pi*A**2)
PASS 3*Ad**2/(8*pi*A**2) == 3*Ad**2/(8*pi*A**2): symbolic
PASS Add/A - Ad**2/A**2 == -4*pi*(3*Ad**2/(8*pi*A**2) + (-2*A*Add - Ad**2)/(8*pi*A**2)): symbolic
PASS Add/A - Ad**2/A**2 == -4*pi*(3*Ad**2/(8*pi*A**2) + 3*(-2*A*Add - Ad**2)/(8*pi*A**2))/3 - Ad**2/A**2: symbolic
k = -1: rho = 3*(Ad**2 - 1)/(8*pi*A**2), p = (-2*A*Add - Ad**2 + 1)/(8*pi*A**2)
PASS 3*(Ad**2 - 1)/(8*pi*A**2) == (3*Ad**2 - 3)/(8*pi*A**2): symbolic
PASS Add/A - Ad**2/A**2 == -4*pi*(3*(Ad**2 - 1)/(8*pi*A**2) + (-2*A*Add - Ad**2 + 1)/(8*pi*A**2)) - 1/A**2: symbolic
PASS Add/A - Ad**2/A**2 == -4*pi*(3*(Ad**2 - 1)/(8*pi*A**2) + 3*(-2*A*Add - Ad**2 + 1)/(8*pi*A**2))/3 - Ad**2/A**2: symbolic
PASS -h**2 - 4*pi*x/3 is nonpositive: numeric at 50 points, h in [-5, 5], x in [0, 5]
PASS -4*pi*y + kk/A2**2 is nonpositive: numeric at 50 points, A2 in [0.1, 10], kk in [-1, 0], y in [0, 5]
PASS 0 == 0: symbolic
PASS 3/(8*pi*aE**2) == 3/(8*pi*aE**2): symbolic
PASS 0 == 0: symbolic
PASS lim x->0 of -4*pi*x == 0: symbolic limit 0
SUMMARY: 15 pass, 0 fail, 0 undecided

--- stderr ---

