# math_run log
command:  python3 runs/2026-09-30-neutron-lifetime-beam-bottle/math/examiner/M-EXAMINER-03.py
started:  2026-09-30T18:20:34Z
duration: 0.6 s
exit:     1
versions: python 3.11.15, sympy 1.14.0, mpmath 1.3.0, numpy 2.4.6, scipy 1.17.1
counts:   10 PASS, 1 FAIL, 0 UNDECIDED

--- stdout ---
  internal S: mine = 2.29492   lens = 2.3 
FAIL 2.2949219304078006 == 2.3: relative tolerance 0.00217413; 2.29492 vs 2.3 (SI)
as quoted: J-BL1 = -10.50 s, 2.146 sigma; J-UCNtau 0.142 sigma; LR 9.90
  J-PARC - BL1: mine = -10.5 s  lens = -10.5 s
PASS -10.5 s == -10.5 s: within 0.000476238; -10.5 vs -10.5 (SI)
  z vs BL1: mine = 2.14599   lens = 2.15 
PASS 2.1459876881973807 == 2.15: within 0.00232581; 2.14599 vs 2.15 (SI)
  z vs UCNtau: mine = 0.14236   lens = 0.14 
PASS 0.14236031254972906 == 0.14: within 0.0357179; 0.14236 vs 0.14 (SI)
  LR: mine = 9.89964   lens = 9.9 
PASS 9.89963957243192 == 9.9: within 0.00505101; 9.89964 vs 9.9 (SI)
inflated: 1.743 sigma vs BL1; 0.111 vs UCNtau; LR 4.54
  inflated z vs BL1: mine = 1.74346   lens = 1.74 
PASS 1.7434581619682028 == 1.74: within 0.00287385; 1.74346 vs 1.74 (SI)
  inflated LR: mine = 4.54343   lens = 4.5 
PASS 4.5434298811563805 == 4.5: within 0.0111122; 4.54343 vs 4.5 (SI)
three low conditions: 869.61 +- 2.49 s (stat); UCNtau - m = 8.21 s
  low-3 mean: mine = 869.608 s  lens = 869.6 s
PASS 869.607824265043 s == 869.6 s: within 5.75034e-05; 869.608 vs 869.6 (SI)
  low-3 sigma: mine = 2.49223 s  lens = 2.5 s
PASS 2.492232416659266 s == 2.5 s: within 0.020002; 2.49223 vs 2.5 (SI)
  884.8 vs BL1, stat only: 0.882 sigma
  884.8 vs BL1, stat+colB up+colC up: 0.623 sigma
  884.8 vs BL1, stat+colC up: 0.632 sigma
  884.8 vs BL1 (stat (+) upper sys cols): mine = 0.622685   lens = 0.64 
PASS 0.622684738854156 == 0.64: within 0.0312531; 0.622685 vs 0.64 (SI)
PASS lim s->oo of exp(-a**2/(2*s**2) + b**2/(2*s**2)) == 1: symbolic limit 1
SUMMARY: 10 pass, 1 fail, 0 undecided

--- stderr ---

