# math_run log
command:  python3 runs/2026-09-30-neutron-lifetime-beam-bottle/math/examiner/M-EXAMINER-11.py
started:  2026-09-30T18:23:19Z
duration: 0.5 s
exit:     0
versions: python 3.11.15, sympy 1.14.0, mpmath 1.3.0, numpy 2.4.6, scipy 1.17.1
counts:   3 PASS, 0 FAIL, 0 UNDECIDED

--- stdout ---
Delta = 9.88 s; lens's numbers are Delta/n: 1.976 s (5 sigma), 3.293 s (3 sigma), i.e. pole errors set to zero
  n = 3, UCNtau pole: required s = 3.281 s
  n = 3, BL1 pole: required s = 2.407 s
  n = 5, UCNtau pole: required s = 1.955 s
  n = 5, BL1 pole: impossible (s_P = 2.247 s > Delta/n = 1.976 s)
max separation from the BL1 pole even with s -> 0: 4.40 sigma
  ceiling vs BL1 pole: mine = 4.39654   lens = 4.4 
PASS 4.396542295761048 == 4.4: within 0.00113648; 4.39654 vs 4.4 (SI)
PASS d/sqrt(s**2 + sP**2) < d/sP: numeric at 50 points, d in [1, 20], s in [0.1, 5], sP in [0.1, 5]
PASS lim sP->0 of d/sqrt(s**2 + sP**2) == d/s: symbolic limit d/s
SUMMARY: 3 pass, 0 fail, 0 undecided

--- stderr ---

