# math_run log
command:  python3 runs/2026-09-30-neutron-lifetime-beam-bottle/math/examiner/M-EXAMINER-07.py
started:  2026-09-30T18:23:19Z
duration: 0.6 s
exit:     0
versions: python 3.11.15, sympy 1.14.0, mpmath 1.3.0, numpy 2.4.6, scipy 1.17.1
counts:   6 PASS, 0 FAIL, 0 UNDECIDED

--- stdout ---
tau_beta(PERKEO III) = 878.499 s; Vud needed for BL1 = 0.96855 +- 0.00128; below superallowed by 0.00506
  Vud needed: mine = 0.968551   lens = 0.96855 
PASS 0.9685510374838663 == 0.96855: within 6.19545e-06; 0.968551 vs 0.96855 (SI)
  sigma: mine = 0.0012792   lens = 0.00128 
PASS 0.0012792038397158494 == 0.00128: within 0.00468797; 0.0012792 vs 0.00128 (SI)
  offset: mine = 0.00505896   lens = 0.00506 
PASS 0.0050589625161336915 == 0.00506: within 0.00118589; 0.00505896 vs 0.00506 (SI)
unitarity closure: dVud = 0.000852; dtau = -1.536 s
  dVud: mine = 0.000852125   lens = 0.00085 
PASS 0.0008521245076691386 == 0.00085: within 0.00705953; 0.000852125 vs 0.00085 (SI)
  dtau: mine = -1.53575 s  lens = -1.54 s
PASS -1.53574584952662 s == -1.54 s: within 0.00389649; -1.53575 vs -1.54 (SI)
PASS -2/V**3 is negative: symbolic, V in [0.1, 10]
SUMMARY: 6 pass, 0 fail, 0 undecided

--- stderr ---

