# math_run log
command:  python3 runs/2026-09-30-neutron-lifetime-beam-bottle/math/examiner/M-EXAMINER-08.py
started:  2026-09-30T18:22:39Z
duration: 0.7 s
exit:     0
versions: python 3.11.15, sympy 1.14.0, mpmath 1.3.0, numpy 2.4.6, scipy 1.17.1
counts:   9 PASS, 0 FAIL, 0 UNDECIDED

--- stdout ---
proton vs rest: p_loc 3.023e-06 -> p_glob 1.512e-05, z 4.327; Sellke max odds 9.57e+03; with p_glob 2.19e+03
  proton vs rest z_glob: mine = 4.327   lens = 4.33 
PASS 4.326995167119474 == 4.33: within 0.00138582; 4.327 vs 4.33 (SI)
  proton vs rest odds: mine = 9574.7   lens = 9600.0 
PASS 9574.704860289105 == 9600.0: within 0.00520885; 9574.7 vs 9600 (SI)
beam vs bottle: p_loc 4.897e-05 -> p_glob 2.448e-04, z 3.668; Sellke max odds 757; with p_glob 181
  beam vs bottle z_glob: mine = 3.66762   lens = 3.67 
PASS 3.667616003343416 == 3.67: within 0.00163504; 3.66762 vs 3.67 (SI)
  beam vs bottle odds: mine = 756.974   lens = 760.0 
PASS 756.9741473594388 == 760.0: within 0.00657961; 756.974 vs 760 (SI)
BL1 vs rest: p_loc 3.740e-05 -> p_glob 1.870e-04, z 3.736; Sellke max odds 965; with p_glob 229
  BL1 vs rest z_glob: mine = 3.73601   lens = 3.73 
PASS 3.7360091423298765 == 3.73: within 0.00160874; 3.73601 vs 3.73 (SI)
material vs magnetic: p_loc 1.035e-04 -> p_glob 5.174e-04, z 3.472; Sellke max odds 387; with p_glob 94
  material vs magnetic z_glob: mine = 3.47159   lens = 3.47 
PASS 3.471591641488258 == 3.47: within 0.00172928; 3.47159 vs 3.47 (SI)
p_glob proton vs rest (lens 1.5e-5): 1.512e-05
PASS 1 - (1 - p)**5 <= 5*p: numeric at 50 points, p in [0, 1]
PASS 1 - (1 - p)**5 >= p: numeric at 50 points, p in [0, 1]
PASS lim p->0 of (1 - (1 - p)**5)/p == 5: symbolic limit 5
SUMMARY: 9 pass, 0 fail, 0 undecided

--- stderr ---

