# math_run log
command:  python3 runs/2026-09-29-problem-of-time-quantum-gravity/math/idealizer/M-IDEALIZER-11.py
started:  2026-09-29T23:59:26Z
duration: 0.5 s
exit:     0
versions: python 3.11.15, sympy 1.14.0, mpmath 1.3.0, numpy 2.4.6, scipy 1.17.1
counts:   10 PASS, 0 FAIL, 0 UNDECIDED

--- stdout ---
PASS series of G*M*x/(R**2*sqrt(-2*G*M*x/R + 1)) about x = 0 to order 2 == G*M*x/R**2: symbolic: G*M*x/R**2
d(dtau/dt)/dh = G*M*x/R**2
PASS 2*pi*429.2e12 Hz * 9.807 m/s^2 * 1 mm / c^2 has the dimension of 1/s: dimensional analysis
PASS 2*pi*429.2e12 Hz * 9.807 m/s^2 * 1 mm / c^2 == 2.94e-4 1/s: within 0.003; 0.000294262 vs 0.000294 (SI)
PASS pi * c^2 / (2*pi*429.2e12 Hz * 9.807 m/s^2 * 1 mm) == 1.07e4 s: within 0.005; 10676.2 vs 10700 (SI)
PASS 2*pi*429.2e12 Hz * 9.807 m/s^2 * 1 cm / c^2 == 2.94e-3 1/s: within 0.003; 0.00294262 vs 0.00294 (SI)
PASS pi * c^2 / (2*pi*429.2e12 Hz * 9.807 m/s^2 * 1 cm) == 1.07e3 s: within 0.005; 1067.62 vs 1070 (SI)
PASS 2*pi*429.2e12 Hz * 9.807 m/s^2 * 1 m / c^2 == 0.294 1/s: within 0.003; 0.294262 vs 0.294 (SI)
PASS pi * c^2 / (2*pi*429.2e12 Hz * 9.807 m/s^2 * 1 m) == 10.7 s: within 0.005; 10.6762 vs 10.7 (SI)
PASS 2*pi*429.2e12 Hz * 9.807 m/s^2 * 10 m / c^2 == 2.94 1/s: within 0.003; 2.94262 vs 2.94 (SI)
PASS pi * c^2 / (2*pi*429.2e12 Hz * 9.807 m/s^2 * 10 m) == 1.07 s: within 0.005; 1.06762 vs 1.07 (SI)
SUMMARY: 10 pass, 0 fail, 0 undecided

--- stderr ---

