# math_run log
command:  python3 runs/2026-09-29-problem-of-time-quantum-gravity/math/idealizer/M-IDEALIZER-06.py
started:  2026-09-29T23:57:49Z
duration: 0.4 s
exit:     0
versions: python 3.11.15, sympy 1.14.0, mpmath 1.3.0, numpy 2.4.6, scipy 1.17.1
counts:   8 PASS, 0 FAIL, 0 UNDECIDED

--- stdout ---
null dim 3
|J Psi| = 0.0
PASS 1.0 == 1: within 1e-12; 1 vs 1 (SI)
rho_S off-diagonal max 0.0
PASS 1.0 == 1: within 1e-12; 1 vs 1 (SI)
non-Gibbs ratios (np.float64(0.9162907318741554), np.float64(0.17027520792199702))
PASS 0.9162907318741554 == 0.916: within 0.002; 0.916291 vs 0.916 (SI)
PASS 0.17027520792199702 == 0.170: within 0.005; 0.170275 vs 0.17 (SI)
Gibbs beta=0.7 ratios (np.float64(0.7), np.float64(0.6999999999999998))
PASS 0.7 == 0.7: within 1e-12; 0.7 vs 0.7 (SI)
PASS 0.6999999999999998 == 0.7: within 1e-12; 0.7 vs 0.7 (SI)
PASS (1 - p0)/(p0*(1 + (1 - p0)/p0)) == 1 - p0: symbolic
PASS lim b->0 of exp(-3*b)/(1 + exp(-b) + exp(-3*b)) == 1/3: symbolic limit 1/3
SUMMARY: 8 pass, 0 fail, 0 undecided

--- stderr ---

