# math_run log
command:  python3 runs/2026-09-29-problem-of-time-quantum-gravity/math/idealizer/M-IDEALIZER-09.py
started:  2026-09-29T23:57:57Z
duration: 0.4 s
exit:     1
versions: python 3.11.15, sympy 1.14.0, mpmath 1.3.0, numpy 2.4.6, scipy 1.17.1
counts:   8 PASS, 2 FAIL, 0 UNDECIDED

--- stdout ---
PASS 2*M**2*g*x*airyai(2**(1/3)*M**(2/3)*g**(1/3)*x) == 2*M**2*g*x*airyai(2**(1/3)*M**(2/3)*g**(1/3)*x): symbolic
PASS 0.7937005259840998 == 0.7937: within 0.0001; 0.793701 vs 0.7937 (SI)
M=10: l=0.17100, dt=0.5848, dt*M^(1/3)=1.2599
PASS 0.7937005259840997 == 0.7937: within 0.0001; 0.793701 vs 0.7937 (SI)
M=100: l=0.03684, dt=0.2714, dt*M^(1/3)=1.2599
PASS 0.7937005259840998 == 0.7937: within 0.0001; 0.793701 vs 0.7937 (SI)
M=1000: l=0.00794, dt=0.1260, dt*M^(1/3)=1.2599
PASS 0.7937005259840998 == 0.7937: within 0.0001; 0.793701 vs 0.7937 (SI)
M=10000.0: l=0.00171, dt=0.0585, dt*M^(1/3)=1.2599
PASS 0.5848035476425733 == 0.585: within 0.002; 0.584804 vs 0.585 (SI)
PASS 0.05848035476425733 == 0.0585: within 0.002; 0.0584804 vs 0.0585 (SI)
z=1: Ai=0.535561, WKB=0.560218, pointwise rel err=0.046, 5/(72 zeta)=0.104
PASS 0.04603889641246469 == 4.5e-2: within 0.1; 0.0460389 vs 0.045 (SI)
z=3: Ai=-0.378814, WKB=-0.383579, pointwise rel err=0.0126, 5/(72 zeta)=0.02
FAIL 0.012576667085193663 == 1.1e-2: relative tolerance 0.1; 0.0125767 vs 0.011 (SI)
z=10: Ai=0.0402412, WKB=0.0392087, pointwise rel err=0.0257, 5/(72 zeta)=0.00329
FAIL 0.025658912173338693 == 3.3e-3: relative tolerance 0.1; 0.0256589 vs 0.0033 (SI)
SUMMARY: 8 pass, 2 fail, 0 undecided

--- stderr ---

