# math_run log
command:  python3 runs/2026-09-29-problem-of-time-quantum-gravity/math/idealizer/M-IDEALIZER-03.py
started:  2026-09-29T23:52:28Z
duration: 0.6 s
exit:     0
versions: python 3.11.15, sympy 1.14.0, mpmath 1.3.0, numpy 2.4.6, scipy 1.17.1
counts:   10 PASS, 0 FAIL, 0 UNDECIDED

--- stdout ---
PASS -s/(-lam*s + 1) == s/(lam*s - 1): symbolic
PASS 1/(1 - lam) == 1/(1 - lam): symbolic
PASS series of 1/(1 - lam) about lam = 0 to order 2 == lam + 1: symbolic: lam + 1
PASS 1/(2*(lam/2 + 1)) + 1/(2*(1 - lam/2)) == 1/(1 - lam**2/4): symbolic
PASS series of -E_a/(-E_a*lam + 1) + E_b/(-E_b*lam + 1) about lam = 0 to order 2 == -E_a + E_b + lam*(-E_a**2 + E_b**2): symbolic: -E_a + E_b + lam*(-E_a**2 + E_b**2)
PASS lim lam->0 of s/(lam*s - 1) == -s: symbolic limit -s
null dim 2 max dev from H_eff evolution 0.0
PASS 1.0 == 1: within 1e-12; 1 vs 1 (SI)
1-F = 0.0001001969537453018 sin^2(lam t/2) = 9.99966667111108e-05
PASS 0.0001001969537453018 == 1.0e-4: within 0.03; 0.000100197 vs 0.0001 (SI)
PASS hbar * G / (c^4 * 1 mm) has the dimension of s: dimensional analysis
PASS hbar * G / (c^4 * 1 mm) == 8.7e-76 s: within 0.01; 8.71363e-76 vs 8.7e-76 (SI)
SUMMARY: 10 pass, 0 fail, 0 undecided

--- stderr ---

