# math_run log
command:  python3 runs/2026-09-29-problem-of-time-quantum-gravity/math/idealizer/M-IDEALIZER-02.py
started:  2026-09-29T23:52:12Z
duration: 0.4 s
exit:     0
versions: python 3.11.15, sympy 1.14.0, mpmath 1.3.0, numpy 2.4.6, scipy 1.17.1
counts:   11 PASS, 0 FAIL, 0 UNDECIDED

--- stdout ---
J Psi norm: 5.229493604278633e-15
PASS 1.0000000000000053 == 1: within 1e-12; 1 vs 1 (SI)
t2-t1=0.785: naive 0.00e+00, textbook 1.464466e-01
PASS 1.0 == 1: within 1e-12; 1 vs 1 (SI)
t2-t1=1.571: naive 0.00e+00, textbook 5.000000e-01
PASS 1.0 == 1: within 1e-12; 1 vs 1 (SI)
t2-t1=2.356: naive 0.00e+00, textbook 8.535534e-01
PASS 1.0 == 1: within 1e-12; 1 vs 1 (SI)
t2-t1=0.100: naive 0.00e+00, textbook 2.497917e-03
PASS 1.0 == 1: within 1e-12; 1 vs 1 (SI)
t2-t1=0.300: naive 0.00e+00, textbook 2.233176e-02
PASS 1.0 == 1: within 1e-12; 1 vs 1 (SI)
PASS 0.002497917360987117 == 2.50e-3: within 0.002; 0.00249792 vs 0.0025 (SI)
PASS 0.02233175543719699 == 2.23e-2: within 0.002; 0.0223318 vs 0.0223 (SI)
GLM k1=1,k2=2: 0.146447; textbook 0.146447
PASS 0.1464466094067262 == 0.146447: within 1e-05; 0.146447 vs 0.146447 (SI)
GLM k1=1,k2=3: 0.500000; textbook 0.500000
PASS 0.49999999999999994 == 0.5: within 1e-05; 0.5 vs 0.5 (SI)
GLM k1=1,k2=4: 0.853553; textbook 0.853553
PASS 0.8535533905932738 == 0.853553: within 1e-05; 0.853553 vs 0.853553 (SI)
SUMMARY: 11 pass, 0 fail, 0 undecided

--- stderr ---

