# math_run log
command:  python3 runs\2026-10-03-traversable-wormhole-shortcuts\math\decomposer\M-DECOMPOSER-01.py
started:  2026-10-08T12:01:43Z
duration: 0.9 s
exit:     0
versions: python 3.14.6, sympy 1.14.0, mpmath 1.3.0, numpy 2.5.2, scipy 1.18.0
counts:   9 PASS, 0 FAIL, 0 UNDECIDED

--- stdout ---
lag for shortcut: -(-L + d)/c  lag for CTC: -(-L - d)/c
PASS -(-L + d)/c == (L - d)/c: symbolic
PASS -(-L - d)/c == (L + d)/c: symbolic
PASS -(-L - d)/c + (-L + d)/c == 2*d/c: symbolic
PASS -(-L - d)/c + (-L + d)/c is positive: numeric at 50 points, L in [0.1, 10], c in [0.1, 10], d in [0.1, 10]
PASS L/c + u + d/c is positive: symbolic, L in [0.1, 10], c in [0.1, 10], d in [0.1, 10], u in [0.1, 10]
PASS lim L->0 of -(-L - d)/c == d/c: symbolic limit d/c
PASS lim L->0 of -(-L + d)/c == -d/c: symbolic limit -d/c
PASS lim d->0 of -(-L - d)/c + (-L + d)/c == 0: symbolic limit 0
PASS (9.4e3 ly + 1e3 ly)/c has the dimension of time: dimensional analysis
SUMMARY: 9 pass, 0 fail, 0 undecided

--- stderr ---

