# math_run log
command:  python3 runs\2026-10-03-traversable-wormhole-shortcuts\math\decomposer\M-DECOMPOSER-08.py
started:  2026-10-08T12:08:52Z
duration: 15.8 s
exit:     0
versions: python 3.14.6, sympy 1.14.0, mpmath 1.3.0, numpy 2.5.2, scipy 1.18.0
counts:   14 PASS, 0 FAIL, 0 UNDECIDED

--- stdout ---
PASS lim Lam->oo of -Lam + sqrt(Lam**2 + 2*Lam*d*k + d**2) == d*k: symbolic limit d*k
PASS lim Lam->0 of -Lam + sqrt(Lam**2 + 2*Lam*d*k + d**2) == d: symbolic limit d
PASS (Lam + d*k)/sqrt(Lam**2 + 2*Lam*d*k + d**2) - 1 is nonpositive: numeric at 50 points, Lam in [0.01, 100], d in [0.1, 10], k in [-1, 1]
PASS lim Lam->oo of -2*Lam + sqrt(4*Lam**2 + d**2) == 0: symbolic limit 0
[aligned mouths (R = I), static shortcut L = 0.5d] T_thru(A->B) = +0.50 d/c vs T_ext = 1 d/c -> shortcut
aligned mouths (R = I), static shortcut L = 0.5d: best margin over lines = 0 at u = [1. 0. 0.] -> achronal line exists
PASS 0.0 is nonnegative: symbolic, constant
[aligned mouths, static long throat L = 1.5d] T_thru(A->B) = +1.50 d/c vs T_ext = 1 d/c -> not a shortcut
aligned mouths, static long throat L = 1.5d: best margin over lines = -0.5 at u = [1. 0. 0.] -> every throat-crossing line chronal
PASS -0.500000000000001 is negative: symbolic, constant
[aligned mouths, L = 0.5d, lag s = -2d (past CTC threshold)] T_thru(A->B) = -1.50 d/c vs T_ext = 1 d/c -> shortcut
aligned mouths, L = 0.5d, lag s = -2d (past CTC threshold): best margin over lines = -1.498 at u = [1. 0. 0.] -> every throat-crossing line chronal
PASS -1.49800000002142 is negative: symbolic, constant
[R = 180 deg about z (perp to e), static shortcut L = 0.5d] T_thru(A->B) = +0.50 d/c vs T_ext = 1 d/c -> shortcut
R = 180 deg about z (perp to e), static shortcut L = 0.5d: best margin over lines = -0.5 at u = [0. 0. 1.] -> every throat-crossing line chronal
PASS -0.499999749939889 is negative: symbolic, constant
[R = 10 deg about z (perp to e), static shortcut L = 0.5d] T_thru(A->B) = +0.50 d/c vs T_ext = 1 d/c -> shortcut
R = 10 deg about z (perp to e), static shortcut L = 0.5d: best margin over lines = -0.5 at u = [0. 0. 1.] -> every throat-crossing line chronal
PASS -0.499999749939889 is negative: symbolic, constant
[R = 180 deg about z, zero-length throat L = 0 (thin shell), static] T_thru(A->B) = +0.00 d/c vs T_ext = 1 d/c -> shortcut
R = 180 deg about z, zero-length throat L = 0 (thin shell), static: best margin over lines = 0 at u = [0. 0. 1.] -> achronal line exists
PASS 0.0 is nonnegative: symbolic, constant
[R = 180 deg about z, L = 0.5d with lag s = -1d (tf = -0.5d)] T_thru(A->B) = -0.50 d/c vs T_ext = 1 d/c -> shortcut
R = 180 deg about z, L = 0.5d with lag s = -1d (tf = -0.5d): best margin over lines = 0 at u = [0. 0. 1.] -> achronal line exists
PASS 0.0 is nonnegative: symbolic, constant
[R = 90 deg about x (axis along e), static shortcut L = 0.5d] T_thru(A->B) = +0.50 d/c vs T_ext = 1 d/c -> shortcut
R = 90 deg about x (axis along e), static shortcut L = 0.5d: best margin over lines = 0 at u = [1. 0. 0.] -> achronal line exists
PASS 0.0 is nonnegative: symbolic, constant
[R = 180 deg about axis with e.n = 0.5, static L = 0.4d] T_thru(A->B) = +0.40 d/c vs T_ext = 1 d/c -> shortcut
R = 180 deg about axis with e.n = 0.5, static L = 0.4d: best margin over lines = 0 at u = [0.5   0.    0.866] -> achronal line exists
PASS 0.0 is nonnegative: symbolic, constant
[R = 180 deg about axis with e.n = 0.5, static L = 0.6d] T_thru(A->B) = +0.60 d/c vs T_ext = 1 d/c -> shortcut
R = 180 deg about axis with e.n = 0.5, static L = 0.6d: best margin over lines = -0.1 at u = [0.5   0.    0.866] -> every throat-crossing line chronal
PASS -0.0999998124316335 is negative: symbolic, constant
SUMMARY: 14 pass, 0 fail, 0 undecided

--- stderr ---

