# math_run log
command:  python3 runs/2026-10-01-warp-drive-without-negative-energy/calc/crux-C6_nongeneric_strongfield.py
started:  2026-10-02T04:24:10Z
duration: 326.0 s
exit:     0
versions: python 3.11.15, sympy 1.14.0, mpmath 1.3.0, numpy 2.4.6, scipy 1.17.1
counts:   no PASS/FAIL lines

--- stdout ---
geometric units (G=c=1), lengths and times in m; 1 m of light time = 3.336 ns

=== compactness 2M/R2 = 0.10: M = 1.000 m, rho0 = 6.631e-05 m^-2, min f = 0.8894 (no horizon if > 0)
  NEC radial: rho + p_r = 0 exactly; NEC transverse min(rho+p_perp) = 0.000e+00 m^-2 (>= 0 pass); DEC min(rho-|p_perp|) = -4.461e-05 m^-2
  D = 1e+03 m: radial (non-generic) T - 2D = +18.5566 m
     lensed ray b = 8.002 m (ray through matter), r_min = 7.863 m: T - 2D = +18.5898 m;  radial minus this = -0.0332 m -> RADIAL ADVANCED
     lensed ray b = 46.243 m (exterior vacuum ray), r_min = 45.209 m: T - 2D = +15.4689 m;  radial minus this = +3.0877 m -> radial delayed (no advance)
  D = 1e+04 m: radial (non-generic) T - 2D = +27.7741 m
     lensed ray b = 143.048 m (exterior vacuum ray), r_min = 142.038 m: T - 2D = +19.8819 m;  radial minus this = +7.8922 m -> radial delayed (no advance)
  D = 1e+05 m: radial (non-generic) T - 2D = +36.9852 m
     lensed ray b = 449.375 m (exterior vacuum ray), r_min = 448.372 m: T - 2D = +24.4333 m;  radial minus this = +12.5519 m -> radial delayed (no advance)

=== compactness 2M/R2 = 0.30: M = 3.000 m, rho0 = 1.989e-04 m^-2, min f = 0.6683 (no horizon if > 0)
  NEC radial: rho + p_r = 0 exactly; NEC transverse min(rho+p_perp) = 0.000e+00 m^-2 (>= 0 pass); DEC min(rho-|p_perp|) = -1.338e-04 m^-2
  D = 1e+03 m: radial (non-generic) T - 2D = +60.5112 m
     lensed ray b = 4.828 m (ray through matter), r_min = 4.737 m: T - 2D = +60.5230 m;  radial minus this = -0.0117 m -> RADIAL ADVANCED
     lensed ray b = 82.089 m (exterior vacuum ray), r_min = 78.907 m: T - 2D = +40.3739 m;  radial minus this = +20.1373 m -> radial delayed (no advance)
  D = 1e+04 m: radial (non-generic) T - 2D = +88.2073 m
     lensed ray b = 249.692 m (exterior vacuum ray), r_min = 246.637 m: T - 2D = +53.2345 m;  radial minus this = +34.9728 m -> radial delayed (no advance)
  D = 1e+05 m: radial (non-generic) T - 2D = +115.8448 m
     lensed ray b = 779.060 m (exterior vacuum ray), r_min = 776.042 m: T - 2D = +66.7982 m;  radial minus this = +49.0466 m -> radial delayed (no advance)

=== compactness 2M/R2 = 0.50: M = 5.000 m, rho0 = 3.316e-04 m^-2, min f = 0.4472 (no horizon if > 0)
  NEC radial: rho + p_r = 0 exactly; NEC transverse min(rho+p_perp) = 0.000e+00 m^-2 (>= 0 pass); DEC min(rho-|p_perp|) = -2.231e-04 m^-2
  D = 1e+03 m: radial (non-generic) T - 2D = +113.1460 m
     lensed ray b = 3.769 m (ray through matter), r_min = 3.697 m: T - 2D = +113.1533 m;  radial minus this = -0.0073 m -> RADIAL ADVANCED
     lensed ray b = 107.834 m (exterior vacuum ray), r_min = 102.436 m: T - 2D = +62.8324 m;  radial minus this = +50.3137 m -> radial delayed (no advance)
  D = 1e+04 m: radial (non-generic) T - 2D = +159.3787 m
     lensed ray b = 323.829 m (exterior vacuum ray), r_min = 318.708 m: T - 2D = +83.8559 m;  radial minus this = +75.5228 m -> radial delayed (no advance)
  D = 1e+05 m: radial (non-generic) T - 2D = +205.4484 m
     lensed ray b = 1010.000 m (exterior vacuum ray), r_min = 1004.962 m: T - 2D = +106.1553 m;  radial minus this = +99.2932 m -> radial delayed (no advance)

=== compactness 2M/R2 = 0.70: M = 7.000 m, rho0 = 4.642e-04 m^-2, min f = 0.2261 (no horizon if > 0)
  NEC radial: rho + p_r = 0 exactly; NEC transverse min(rho+p_perp) = 0.000e+00 m^-2 (>= 0 pass); DEC min(rho-|p_perp|) = -3.123e-04 m^-2
  D = 1e+03 m: radial (non-generic) T - 2D = +192.3603 m
     lensed ray b = 3.172 m (ray through matter), r_min = 3.112 m: T - 2D = +192.3651 m;  radial minus this = -0.0048 m -> RADIAL ADVANCED
     lensed ray b = 129.397 m (exterior vacuum ray), r_min = 121.729 m: T - 2D = +84.0108 m;  radial minus this = +108.3495 m -> radial delayed (no advance)
  D = 1e+04 m: radial (non-generic) T - 2D = +257.1883 m
     lensed ray b = 384.751 m (exterior vacuum ray), r_min = 377.550 m: T - 2D = +112.9363 m;  radial minus this = +144.2520 m -> radial delayed (no advance)
  D = 1e+05 m: radial (non-generic) T - 2D = +321.6960 m
     lensed ray b = 1193.599 m (exterior vacuum ray), r_min = 1186.536 m: T - 2D = +144.1391 m;  radial minus this = +177.5569 m -> radial delayed (no advance)
PASS: flat-space radial time = 20000.0 m (expect 20000)
FAIL: flat-space b=100 m sweep 3.1216232007 (expect 3.1215923202), T 19999.003063 m (expect 19998.999975)

--- stderr ---

