# math_run log
command:  python3 runs/2026-10-01-warp-drive-without-negative-energy/calc/crux-C8_timing.py
started:  2026-10-02T04:20:37Z
duration: 0.0 s
exit:     0
versions: python 3.11.15, sympy 1.14.0, mpmath 1.3.0, numpy 2.4.6, scipy 1.17.1
counts:   no PASS/FAIL lines

--- stdout ---
D = 4.37 ly (c = 1, years)
v=0.100000 delta=0.10: t_B=43.700 yr; one-way advance=-39.330 yr; t_home=39.7670 yr; return-leg advance=8.303 yr; round-trip advance vs 2D light=-31.027 yr; home before departure? False
v=0.100000 delta=0.01: t_B=43.700 yr; one-way advance=-39.330 yr; t_home=39.3737 yr; return-leg advance=8.696 yr; round-trip advance vs 2D light=-30.634 yr; home before departure? False
   C8-1 instantaneous-return round trip at v=0.100000: 43.700 yr (advance -34.960 yr)
v=0.500000 delta=0.10: t_B=8.740 yr; one-way advance=-4.370 yr; t_home=4.8070 yr; return-leg advance=8.303 yr; round-trip advance vs 2D light=3.933 yr; home before departure? False
v=0.500000 delta=0.01: t_B=8.740 yr; one-way advance=-4.370 yr; t_home=4.4137 yr; return-leg advance=8.696 yr; round-trip advance vs 2D light=4.326 yr; home before departure? False
   C8-1 instantaneous-return round trip at v=0.500000: 8.740 yr (advance 0.000 yr)
v=0.900000 delta=0.10: t_B=4.856 yr; one-way advance=-0.486 yr; t_home=0.9226 yr; return-leg advance=8.303 yr; round-trip advance vs 2D light=7.817 yr; home before departure? False
v=0.900000 delta=0.01: t_B=4.856 yr; one-way advance=-0.486 yr; t_home=0.5293 yr; return-leg advance=8.696 yr; round-trip advance vs 2D light=8.211 yr; home before departure? False
   C8-1 instantaneous-return round trip at v=0.900000: 4.856 yr (advance 3.884 yr)
v=0.990000 delta=0.10: t_B=4.414 yr; one-way advance=-0.044 yr; t_home=0.4811 yr; return-leg advance=8.303 yr; round-trip advance vs 2D light=8.259 yr; home before departure? False
v=0.990000 delta=0.01: t_B=4.414 yr; one-way advance=-0.044 yr; t_home=0.0878 yr; return-leg advance=8.696 yr; round-trip advance vs 2D light=8.652 yr; home before departure? False
   C8-1 instantaneous-return round trip at v=0.990000: 4.414 yr (advance 4.326 yr)
v=0.999999 delta=0.10: t_B=4.370 yr; one-way advance=-0.000 yr; t_home=0.4370 yr; return-leg advance=8.303 yr; round-trip advance vs 2D light=8.303 yr; home before departure? False
v=0.999999 delta=0.01: t_B=4.370 yr; one-way advance=-0.000 yr; t_home=0.0437 yr; return-leg advance=8.696 yr; round-trip advance vs 2D light=8.696 yr; home before departure? False
   C8-1 instantaneous-return round trip at v=0.999999: 4.370 yr (advance 4.370 yr)
round-trip advance threshold with tube return (delta=0.10): v > 0.3448 c
round-trip advance threshold with tube return (delta=0.01): v > 0.3344 c
round-trip advance threshold with instantaneous return (C8-1): v > 0.5000 c
one-way first-arrival advance is max(D - D/v) over v<=1 = 0.000 yr (never positive)

--- stderr ---

