# math_run log
command:  python3 runs/2026-10-01-warp-drive-without-negative-energy/calc/crux-C2_tail.py
started:  2026-10-02T04:11:58Z
duration: 0.5 s
exit:     0
versions: python 3.11.15, sympy 1.14.0, mpmath 1.3.0, numpy 2.4.6, scipy 1.17.1
counts:   no PASS/FAIL lines

--- stdout ---
span_P[m] span_rho[m] | maxS(r>R2) | matter edge r[m] | tail min NEC/eps_pk  min WEC/eps_pk  min SEC/eps_pk  min DEC/eps_pk | tail max|p|/eps | whole-shell max|p|/eps (r)
0.603 1.032 beta=0.00 | 0.0e+00 | 22.06 | +3.437e-11 +3.437e-11 +3.437e-11 +3.064e-11 | 0.1155 | 0.9711 (r=9.80 m); all-hold True
0.603 1.032 beta=0.02 | 0.0e+00 | 22.06 | +3.437e-11 +3.437e-11 +3.437e-11 +3.064e-11 | 0.1155 | 0.9711 (r=9.80 m); all-hold True
1.001 1.720 beta=0.00 | 0.0e+00 | 23.43 | +8.898e-12 +8.898e-12 +8.898e-12 +8.007e-12 | 0.1103 | 0.5986 (r=9.71 m); all-hold True
1.001 1.720 beta=0.02 | 0.0e+00 | 23.43 | +8.898e-12 +8.898e-12 +8.898e-12 +8.007e-12 | 0.1103 | 0.5986 (r=9.71 m); all-hold True
2.003 3.438 beta=0.00 | 0.0e+00 | 26.86 | +3.490e-12 +3.490e-12 +3.490e-12 +3.195e-12 | 0.0999 | 0.3200 (r=9.62 m); all-hold True
2.003 3.438 beta=0.02 | 0.0e+00 | 26.86 | +3.490e-12 +3.490e-12 +3.490e-12 +3.195e-12 | 0.0999 | 0.3200 (r=9.62 m); all-hold True
3.006 5.160 beta=0.00 | 0.0e+00 | 30.31 | +2.629e-12 +2.629e-12 +2.629e-12 +2.434e-12 | 0.0924 | 0.2280 (r=9.65 m); all-hold True
3.006 5.160 beta=0.02 | 0.0e+00 | 30.31 | +2.629e-12 +2.629e-12 +2.629e-12 +2.434e-12 | 0.0924 | 0.2280 (r=9.65 m); all-hold True
4.008 6.886 beta=0.00 | 0.0e+00 | 33.76 | +2.483e-12 +2.483e-12 +2.483e-12 +2.317e-12 | 0.0869 | 0.1824 (r=9.77 m); all-hold True
4.008 6.886 beta=0.02 | 0.0e+00 | 33.76 | +2.483e-12 +2.483e-12 +2.483e-12 +2.317e-12 | 0.0869 | 0.1824 (r=9.77 m); all-hold True

eps(r=23.9 m)/eps_peak by span_P (0 means exact Schwarzschild vacuum there):
  span_P = 0.6 m: 0.000e+00
  span_P = 1.0 m: 0.000e+00
  span_P = 2.0 m: 2.358e-02
  span_P = 3.0 m: 1.097e-01
  span_P = 4.0 m: 2.177e-01

--- stderr ---

