# math_run log
command:  python3 runs/2026-10-01-warp-drive-without-negative-energy/calc/crux-C7_sagnac_window.py
started:  2026-10-02T04:18:25Z
duration: 0.0 s
exit:     0
versions: python 3.11.15, sympy 1.14.0, mpmath 1.3.0, numpy 2.4.6, scipy 1.17.1
counts:   no PASS/FAIL lines

--- stdout ---
[1] Sagnac co-minus-counter difference at the NEC cap beta_crit = 0.02386
  rebuild (nonlinear lapse):       8.18 ns
  linear, N = 1:                   4.78 ns
  linear x 1/N^2 (N^2 = 0.5794):    8.25 ns
  Fuchs Table 1 scaled linearly:   4.53 ns
  rebuild at 0.04 / Fuchs 7.6 ns: ratio 1.81 (beta-definition mismatch)
  check: linear/N^2 at 0.04 = 13.82 ns vs rebuild 13.72 ns

[2] corrected two-sheet counterflow law beta/C = u*gamma*(R2/R1 - 1)
  R2/R1 = 1.2, u = 0.072 c: beta/C = 0.0144, beta = 0.0048
  R2/R1 = 1.2, u = 0.100 c: beta/C = 0.0201, beta = 0.0067
  R2/R1 = 1.2, u = 0.300 c: beta/C = 0.0629, beta = 0.0211
  R2/R1 = 2.0, u = 0.072 c: beta/C = 0.0722, beta = 0.0242
  R2/R1 = 2.0, u = 0.100 c: beta/C = 0.1005, beta = 0.0337
  R2/R1 = 2.0, u = 0.300 c: beta/C = 0.3145, beta = 0.1054
  R2/R1 = 5.0, u = 0.072 c: beta/C = 0.2887, beta = 0.0967
  R2/R1 = 5.0, u = 0.100 c: beta/C = 0.4020, beta = 0.1347
  R2/R1 = 5.0, u = 0.300 c: beta/C = 1.2579, beta = 0.4214

[3] photon-rocket floor for start+stop (whole mass), fraction radiated
  v = 0.0239 c: mass ratio 1.04889, fraction radiated 0.0466
  v = 0.0400 c: mass ratio 1.08333, fraction radiated 0.0769
  C7 prediction: at fixed M_ADM this fraction is independent of the cavity shift beta

--- stderr ---

