# math_run log
command:  python3 runs/2026-10-01-warp-drive-without-negative-energy/calc/engineering_gaps.py
started:  2026-10-01T04:46:42Z
duration: 0.0 s
exit:     0
versions: python 3.11.15, sympy 1.14.0, mpmath 1.3.0, numpy 2.4.6, scipy 1.17.1
counts:   no PASS/FAIL lines

--- stdout ---
== Capability conversions (SI) ==
world primary energy 2024 = 5.922e+20 J = 6.589e+03 kg of mass-energy = 6.59 tonnes
PSP speed = 192.2 km/s = 6.412e-04 c
NIF gain = 4.13; yield in kg-equivalent = 9.569e-11 kg

== Illustrative 2024-shell scale (lead values, unverified) ==
M = 4.490e+27 kg = 2.366 M_J = 2.257e-03 M_sun
mean density = 1.531e+23 kg/m^3 = 6.658e+05 x nuclear density
rest energy M c^2 = 4.035e+44 J = 6.814e+23 world-years of primary energy
compactness 2GM/(R2 c^2) = 3.334e-01   (G*M/c^2 = 3.334e+00 m)
kinetic energy 0.5 M v^2 at 0.04c (Newtonian) = 3.228e+41 J = 5.451e+20 world-years
rest-mass-energy density scale rho c^2 = 1.376e+40 Pa
gap to nanodiamond yield strength: 28.5 orders; to 1 TPa static: 28.1 orders
mass gap vs ISS (~4.2e5 kg): 22.0 orders

== Experiment gaps (ratios) ==
GP-B frame dragging: 1-sigma/value = 0.194; LARES2 claimed 0.2%: factor 97 better
LARES+LAGEOS 2019 total systematic 2%..4% vs 0.2% target: factor 10-20
Archimedes target force 5e-16 N (3 mm thick, r=0.15 m samples); torque ASD 7e-13 N/sqrt(Hz) over 4e6 s

== Spark-gap plasma (Glenn 2025) order-of-magnitude gap ==
h ~ 8 pi G rho_E L^2 / c^4 = 2.08e-40 (dimensionless); path change ~ 1.51e-40 m; claimed ~ 1.5e-07 m; gap = 33.0 orders

--- stderr ---

