# math_run log
command:  python3 runs/2026-10-01-warp-drive-without-negative-energy/calc/falsifier-C5-2_lentz_scale.py
started:  2026-10-02T03:47:17Z
duration: 0.0 s
exit:     0
versions: python 3.11.15, sympy 1.14.0, mpmath 1.3.0, numpy 2.4.6, scipy 1.17.1
counts:   no PASS/FAIL lines

--- stdout ---
== 1. Lentz energy at R=100 m, w=1 m, v_s=10 ==
  few=2, v^2 (Eq.23, proceedings): E/c^2 = 20 M_sun = 3.977e+31 kg = 3.574e+48 J
  few=2, v (CQG printed): E/c^2 = 2 M_sun = 3.977e+30 kg = 3.574e+47 J
  few=5, v^2 (Eq.23, proceedings): E/c^2 = 50 M_sun = 9.942e+31 kg = 8.936e+48 J
  few=5, v (CQG printed): E/c^2 = 5 M_sun = 9.942e+30 kg = 8.936e+47 J

== 2. Eq.23 directly: E_geo = C v^2 R^2/w ==
  C=1.0: E_geo = 1.000e+06 m -> 1.347e+33 kg = 677 M_sun
  form factor implied by Lentz's 'few x 0.1 M_sun' at v=1: C = 0.0295 - 0.0738

== 3. Compactness 2GE/(c^4 R) if the claimed energy were positive and gravitated ==
  M =   2.0 M_sun: r_s =     5.91 km; r_s/R =     59.1; Buchdahl 8/9 exceeded by x66
  M =   5.0 M_sun: r_s =    14.77 km; r_s/R =    147.7; Buchdahl 8/9 exceeded by x166
  M =  20.0 M_sun: r_s =    59.07 km; r_s/R =    590.7; Buchdahl 8/9 exceeded by x665
  M =  50.0 M_sun: r_s =   147.67 km; r_s/R =   1476.7; Buchdahl 8/9 exceeded by x1661
  Scaling law (geo): 2E/R = 2 C v^2 (R/w)
   C=0.0295: 2E/R at v=10 = 591; sub-horizon needs R/w < 0.169 (wall thicker than payload radius by x5.91)
   C=0.0738: 2E/R at v=10 = 1.48e+03; sub-horizon needs R/w < 0.0677 (wall thicker than payload radius by x14.8)
   C=1.0000: 2E/R at v=10 = 2e+04; sub-horizon needs R/w < 0.005 (wall thicker than payload radius by x200)
   C=0.0295, v=1.0: 2E/R = 5.91
   C=0.0295, v=1.5: 2E/R = 13.3
   C=0.0295, v=2.0: 2E/R = 23.6

== 4. ADM mass of a flat-slice (h_ij = delta_ij) metric ==
  M_ADM = (1/16pi) lim oint (d_j h_ij - d_i h_jj) dS^i = 0 exactly, since every d h = 0.
  => total gravitating mass 0, while Lentz claims E_tot = 2-50 M_sun of positive density.

== 5. Wall energy density and equivalent fields (20-50 M_sun case) ==
  M=20 M_sun: wall volume 1.257e+05 m^3; u = 2.844e+43 J/m^3; rho = 3.165e+26 kg/m^3
     vs nuclear 2.3e17 kg/m^3: x1.38e+09
     B-equivalent = 8.455e+18 T (magnetar 1e11 T: x8.5e+07; Schwinger B_c 4.41e9 T: x1.9e+09; lab 1.2e3 T: x7.0e+15)
     E-equivalent = 2.535e+27 V/m (Schwinger 1.32e18 V/m: x1.9e+09)
     curvature length 1/sqrt(8 pi G u/c^4) = 0.411 m (vs wall w = 1.0 m)
  M=50 M_sun: wall volume 1.257e+05 m^3; u = 7.111e+43 J/m^3; rho = 7.912e+26 kg/m^3
     vs nuclear 2.3e17 kg/m^3: x3.44e+09
     B-equivalent = 1.337e+19 T (magnetar 1e11 T: x1.3e+08; Schwinger B_c 4.41e9 T: x3.0e+09; lab 1.2e3 T: x1.1e+16)
     E-equivalent = 4.008e+27 V/m (Schwinger 1.32e18 V/m: x3.0e+09)
     curvature length 1/sqrt(8 pi G u/c^4) = 0.260 m (vs wall w = 1.0 m)

== 6. Practice: energy gap ==
  3.574e+48 J: log10 over NIF 8.6 MJ = 41.62; over world-year 5.9e20 J = 27.78
  8.936e+48 J: log10 over NIF 8.6 MJ = 42.02; over world-year 5.9e20 J = 28.18

--- stderr ---

