# math_run log
command:  python3 runs/2026-10-01-warp-drive-without-negative-energy/calc/falsifier-C3-2_scale.py
started:  2026-10-02T03:29:15Z
duration: 0.0 s
exit:     0
versions: python 3.11.15, sympy 1.14.0, mpmath 1.3.0, numpy 2.4.6, scipy 1.17.1
counts:   no PASS/FAIL lines

--- stdout ---
=== (1) Self-contained rocket: mass-ratio floor over exhaust speed ===
b = 0.0239: photon floor one leg gamma(1+b) = 1.024193; sqrt((1+b)/(1-b)) = 1.024193
   exhaust speed u = 1.0 c: one-leg mass ratio 1.024193  (>= photon floor: True)
   exhaust speed u = 0.5 c: one-leg mass ratio 1.048970  (>= photon floor: True)
   exhaust speed u = 0.1 c: one-leg mass ratio 1.270036  (>= photon floor: True)
   exhaust speed u = 0.03 c: one-leg mass ratio 2.218471  (>= photon floor: True)
b = 0.04: photon floor one leg gamma(1+b) = 1.040833; sqrt((1+b)/(1-b)) = 1.040833
   exhaust speed u = 1.0 c: one-leg mass ratio 1.040833  (>= photon floor: True)
   exhaust speed u = 0.5 c: one-leg mass ratio 1.083333  (>= photon floor: True)
   exhaust speed u = 0.1 c: one-leg mass ratio 1.492143  (>= photon floor: True)
   exhaust speed u = 0.03 c: one-leg mass ratio 3.796369  (>= photon floor: True)

=== (2) Energy accounting at b = 0.04 (start + stop) ===
momentum per leg gamma M v = 5.4138e+34 kg m/s
photon rocket start+stop: mass ratio 1.08333; exhaust energy 3.3786e+43 J = 5.631e+22 world-years
kinetic energy per leg (gamma-1)Mc^2 = 3.2473e+41 J; 2KE = 6.4946e+41 J = 1.082e+21 world-years
ratio photon-exhaust/2KE = 52.02; log10(2KE/world-year) = 21.03

=== (3) Beamed push on the shell (external momentum, shell mass ratio 1) ===
single-bounce beam, per leg over 10 yr: E = 8.115e+42 J, P = 2.572e+34 W = 67176294.83 L_sun, I on pi R2^2 = 2.046e+31 W/m^2, radiation pressure 1.365e+23 Pa = 3.53e-17 of shell stress
single-bounce beam, per leg over 100 yr: E = 8.115e+42 J, P = 2.572e+33 W = 6717629.48 L_sun, I on pi R2^2 = 2.046e+30 W/m^2, radiation pressure 1.365e+22 Pa = 3.53e-18 of shell stress
   recycled N = 10 bounces: beam energy per leg >= max(8.115e+41 J, KE 3.247e+41 J)
   recycled N = 100 bounces: beam energy per leg >= max(8.115e+40 J, KE 3.247e+41 J)
   recycled N = 1000 bounces: beam energy per leg >= max(8.115e+39 J, KE 3.247e+41 J)

=== (4) Gravity assist (no exhaust, no energy spent by the shell) ===
deflector speed needed for b = 0.04 from rest (ideal head-on 2U): U >= 5996 km/s
Sun-like star: grazing deflection 0.61 deg, Delta v_max (deflector frame turn) 64 km/s of 11992 needed; tidal accel across shell 1.58e-05 m/s^2 vs shell surface gravity 7.53e+14 m/s^2
white dwarf 1 Msun: grazing deflection 64.96 deg, Delta v_max (deflector frame turn) 6440 km/s of 11992 needed; tidal accel across shell 2.72e+01 m/s^2 vs shell surface gravity 7.53e+14 m/s^2
neutron star 1.4 Msun: grazing deflection 179.73 deg, Delta v_max (deflector frame turn) 11992 km/s of 11992 needed; tidal accel across shell 4.30e+09 m/s^2 vs shell surface gravity 7.53e+14 m/s^2

=== (5) Braking by interstellar drag (magsail-type, no exhaust) ===
slow 0.04 c -> 4e-4 c over 1 ly: effective area 1.313e+33 m^2, radius 2.044e+16 m = 1.37e+05 AU
slow 0.04 c -> 4e-4 c over 10 ly: effective area 1.313e+32 m^2, radius 6.464e+15 m = 4.32e+04 AU

=== (6) Is the self-propelled GW-rocket level plausible in scale? ===
GW rocket start+stop radiated fraction of initial mass >= 0.0769

--- stderr ---

