# math_run log
command:  python3 runs/2026-10-01-warp-drive-without-negative-energy/calc/falsifier-C6-0_incompleteness.py
started:  2026-10-02T03:48:49Z
duration: 1.3 s
exit:     0
versions: python 3.11.15, sympy 1.14.0, mpmath 1.3.0, numpy 2.4.6, scipy 1.17.1
counts:   3 PASS, 0 FAIL, 0 UNDECIDED

--- stdout ---
PASS Einstein tensor vanishes identically for real M of either sign (vacuum, NEC holds pointwise on r>0)
INFO Kretschmann = 48*M**2/r**6  (diverges at r=0 for M != 0)

M (m)     r0 (m)   D (m)     impact b (m)   delay T - T_flat (m)   weak-field 4M ln(2D/b) (m)
 +1.0      10.0     1e+04       11.180           +34.8312            +29.9573
 +1.0      10.0     1e+06       11.180           +53.2527            +48.3780
 +1.0     100.0     1e+04      101.015           +23.3918            +21.1529
 +1.0     100.0     1e+06      101.015           +41.8133            +39.5735
 -1.0      10.0     1e+04        9.129           -30.7466            -30.7683
 -1.0      10.0     1e+06        9.129           -49.1665            -49.1889
 -1.0     100.0     1e+04       99.015           -23.0020            -21.2329
 -1.0     100.0     1e+06       99.015           -41.4219            -39.6536
PASS M<0 (incomplete, pointwise vacuum): every ray is ADVANCED relative to flat light
PASS M>0: every ray is delayed (Shapiro)
INFO Komar mass on every sphere r: M  -> the enclosed (distributional) source has mass M; negative when M<0

--- stderr ---

