# math_run log
command:  python3 runs/2026-10-01-warp-drive-without-negative-energy/calc/falsifier-C7-0_gauge_sagnac.py
started:  2026-10-02T03:57:19Z
duration: 0.4 s
exit:     0
versions: python 3.11.15, sympy 1.14.0, mpmath 1.3.0, numpy 2.4.6, scipy 1.17.1
counts:   no PASS/FAIL lines

--- stdout ---
1. cavity metric after t = t' + beta x/(N^2-beta^2):
⎡   2    2               ⎤
⎢- N  + β      0     0  0⎥
⎢                        ⎥
⎢              2         ⎥
⎢             N          ⎥
⎢    0      ───────  0  0⎥
⎢            2    2      ⎥
⎢           N  - β       ⎥
⎢                        ⎥
⎢    0         0     1  0⎥
⎢                        ⎥
⎣    0         0     0  1⎦
   g'_0x = 0 ; g'_00 = -N**2 + beta**2 ; g'_xx = N**2/(N**2 - beta**2)
   g'_xx equals N^2/(N^2-beta^2): True
2. omega' - omega + dF (should be 0,0,0): [0, 0, 0] -> loop integrals of omega invariant
3. two-layer model beta from P = 4.040e+34: 0.0200
   rebuild profile: P = 6.758e+34 kg m/s, E_flow >= 2cP = 4.052e+43 J = 0.0999 M_ADM c^2 = 0.1004 M_pub c^2; whole-mass counterflow u = 2P/M = 0.0999 c
   two thin layers: P = 4.040e+34 kg m/s, E_flow >= 2cP = 2.422e+43 J = 0.0597 M_ADM c^2 = 0.0600 M_pub c^2; whole-mass counterflow u = 2P/M = 0.0597 c
4. beta=0.0: shell-static clock rate sqrt(-g00) = 0.761118 (same for all beta); Eulerian lapse N = 0.761118; static/Eulerian deficit = 0.000e+00
4. beta=0.02: shell-static clock rate sqrt(-g00) = 0.761118 (same for all beta); Eulerian lapse N = 0.761380; static/Eulerian deficit = 3.451e-04
4. beta=0.04: shell-static clock rate sqrt(-g00) = 0.761118 (same for all beta); Eulerian lapse N = 0.762168; static/Eulerian deficit = 1.378e-03

--- stderr ---

