# math_run log
command:  python3 runs/2026-10-01-warp-drive-without-negative-energy/calc/falsifier-C3-1_cost_floor.py
started:  2026-10-02T03:27:52Z
duration: 0.1 s
exit:     0
versions: python 3.11.15, sympy 1.14.0, mpmath 1.3.0, numpy 2.4.6, scipy 1.17.1
counts:   3 PASS, 0 FAIL, 0 UNDECIDED

--- stdout ---
momentum per leg p = 5.4138e+34 kg m/s
kinetic energy at 0.04c KE = 3.2473e+41 J
(a) photon rocket start+stop: mass ratio 1.08333, exhaust energy 3.3786e+43 J = 5.705e+22 world-years; E/KE = 104.0
(b) optimal reaction-mass rocket: u = 0.0502 c, mass ratio 4.930, exhaust kinetic energy 2.0067e+42 J; photon/optimal = 16.8 (1.23 orders)
    check u->c: exp(dchi/0.99999) = 1.08333 vs photon 1.08333; any u<c gives a larger mass ratio (mass-ratio floor holds)
(c) reflective sail, start leg, beam energy hitting mirror = 8.2774e+42 J = 0.490 of one photon-rocket leg; on-board mass lost = 0
(d) recycled beam N =     1: beam energy per leg ~ max(pc/2N, KE) = 8.1151e+42 J = 0.4804 of a photon-rocket leg
(d) recycled beam N =   100: beam energy per leg ~ max(pc/2N, KE) = 3.2473e+41 J = 0.0192 of a photon-rocket leg
(d) recycled beam N =  1540: beam energy per leg ~ max(pc/2N, KE) = 3.2473e+41 J = 0.0192 of a photon-rocket leg
(d) recycled beam N =  3000: beam energy per leg ~ max(pc/2N, KE) = 3.2473e+41 J = 0.0192 of a photon-rocket leg
(e) KE floor / photon-rocket leg = 0.0192  (1.72 orders below)
    photon-rocket start+stop energy in world-years 5.705e+22 (log10 22.76); KE x2 in world-years 1.097e+21 (log10 21.04)
PASS identity exp(2 atanh b) = (1+b)/(1-b)
PASS optimal-energy reaction rocket needs a larger mass ratio than the photon rocket
PASS optimal-energy reaction rocket needs less energy than the photon rocket

--- stderr ---

