# math_run log
command:  python3 runs/2026-10-01-warp-drive-without-negative-energy/calc/falsifier-C2-2_dec_vs_C.py
started:  2026-10-02T03:23:20Z
duration: 1.1 s
exit:     0
versions: python 3.11.15, sympy 1.14.0, mpmath 1.3.0, numpy 2.4.6, scipy 1.17.1
counts:   no PASS/FAIL lines

--- stdout ---
--- span_P = 1.0 m (span_rho = 1.72 span_P), R1 = 10 m, R2 = 20 m ---
  C = 0.333: max|p|/eps = 0.596 at r = 9.71 m; NEC True, WEC True, SEC True, DEC True
  C = 0.360: max|p|/eps = 0.673 at r = 9.71 m; NEC True, WEC True, SEC True, DEC True
  C = 0.380: max|p|/eps = 0.734 at r = 9.71 m; NEC True, WEC True, SEC True, DEC True
  C = 0.400: max|p|/eps = 0.801 at r = 9.71 m; NEC True, WEC True, SEC True, DEC True
  C = 0.420: max|p|/eps = 0.872 at r = 9.71 m; NEC True, WEC True, SEC True, DEC True
  C = 0.450: max|p|/eps = 0.989 at r = 9.71 m; NEC True, WEC True, SEC True, DEC True
  C = 0.500: max|p|/eps = 1.219 at r = 9.71 m; NEC True, WEC True, SEC True, DEC False
  C = 0.600: max|p|/eps = 1.875 at r = 9.71 m; NEC True, WEC True, SEC True, DEC False
  C = 0.700: max|p|/eps = 3.066 at r = 9.71 m; NEC True, WEC True, SEC True, DEC False
  C = 0.800: max|p|/eps = 5.987 at r = 9.71 m; NEC True, WEC True, SEC True, DEC False
--- span_P = 2.0 m (span_rho = 1.72 span_P), R1 = 10 m, R2 = 20 m ---
  C = 0.333: max|p|/eps = 0.320 at r = 9.62 m; NEC True, WEC True, SEC True, DEC True
  C = 0.360: max|p|/eps = 0.361 at r = 9.62 m; NEC True, WEC True, SEC True, DEC True
  C = 0.380: max|p|/eps = 0.394 at r = 9.62 m; NEC True, WEC True, SEC True, DEC True
  C = 0.400: max|p|/eps = 0.430 at r = 9.62 m; NEC True, WEC True, SEC True, DEC True
  C = 0.420: max|p|/eps = 0.467 at r = 9.62 m; NEC True, WEC True, SEC True, DEC True
  C = 0.450: max|p|/eps = 0.530 at r = 9.62 m; NEC True, WEC True, SEC True, DEC True
  C = 0.500: max|p|/eps = 0.652 at r = 9.62 m; NEC True, WEC True, SEC True, DEC True
  C = 0.600: max|p|/eps = 1.001 at r = 9.62 m; NEC True, WEC True, SEC True, DEC False
  C = 0.700: max|p|/eps = 1.630 at r = 9.61 m; NEC True, WEC True, SEC True, DEC False
  C = 0.800: max|p|/eps = 3.159 at r = 9.61 m; NEC True, WEC True, SEC True, DEC False
--- span_P = 3.0 m (span_rho = 1.72 span_P), R1 = 10 m, R2 = 20 m ---
  C = 0.333: max|p|/eps = 0.228 at r = 9.65 m; NEC True, WEC True, SEC True, DEC True
  C = 0.360: max|p|/eps = 0.256 at r = 9.65 m; NEC True, WEC True, SEC True, DEC True
  C = 0.380: max|p|/eps = 0.280 at r = 9.65 m; NEC True, WEC True, SEC True, DEC True
  C = 0.400: max|p|/eps = 0.305 at r = 9.65 m; NEC True, WEC True, SEC True, DEC True
  C = 0.420: max|p|/eps = 0.331 at r = 9.65 m; NEC True, WEC True, SEC True, DEC True
  C = 0.450: max|p|/eps = 0.376 at r = 9.65 m; NEC True, WEC True, SEC True, DEC True
  C = 0.500: max|p|/eps = 0.462 at r = 9.65 m; NEC True, WEC True, SEC True, DEC True
  C = 0.600: max|p|/eps = 0.706 at r = 9.64 m; NEC True, WEC True, SEC True, DEC True
  C = 0.700: max|p|/eps = 1.146 at r = 9.64 m; NEC True, WEC True, SEC True, DEC False
  C = 0.800: max|p|/eps = 2.202 at r = 9.63 m; NEC True, WEC True, SEC True, DEC False
  N = 8001, C = 0.333: max|p|/eps = 0.5963, DEC True
  N = 8001, C = 0.500: max|p|/eps = 1.2187, DEC False
  N = 16001, C = 0.333: max|p|/eps = 0.5984, DEC True
  N = 16001, C = 0.500: max|p|/eps = 1.2229, DEC False

--- stderr ---

