# math_run log
command:  python3 runs/2026-10-01-warp-drive-without-negative-energy/calc/falsifier-C5-0_lentz_energy.py
started:  2026-10-02T03:40:52Z
duration: 42.3 s
exit:     0
versions: python 3.11.15, sympy 1.14.0, mpmath 1.3.0, numpy 2.4.6, scipy 1.17.1
counts:   no PASS/FAIL lines

--- stdout ---
=== A. Lentz eq. 7 with N_i = grad phi ===
eq7 - [(lap phi)^2 - phi_ij phi_ij] = 0
eq7 - div F                         = 0
=> 16 pi E = eq7 is an exact divergence; for compactly supported phi, Int E d^3x = 0.
8 pi J_i for gradient shift: [0, 0, 0] (J = 0: E is the rest-frame density)

=== B. Bilateral ansatz phi = psi(x+y, z) in the quadrant x>0, y>0 ===
16 pi E - 4 det Hess(psi) = 0
Lentz-eq.17 form - 4 detH = 0
s*detH - [d_s(s p_s p_zz) - d_z(s p_s p_sz) - d_z(p_s p_z) + d_s(p_z^2/2)] = 0
=> Int_{s>0} ds Int dz s detH = -(1/2) Int psi_z(0,z)^2 dz  (only the s=0 boundary of d_s(p_z^2/2) survives)
=> bulk Int E d^3x = 4 quadrants * (1/16pi) * 4 * Int s detH ds dz = -(1/2pi) Int N_z(0,0,z)^2 dz <= 0

=== C. Numerical check (psi = (a + b z + c s + d s z) exp(-s^2 - z^2/w^2)) ===
(a,b,c,d,w)=(1.0,0.5,0.3,-0.2,1.5): bulk = -0.1890820183  closed form -(1/2pi)Int psi_z(0,z)^2 = -0.1890820183  sheets = +0.1554212634  line = +0.0336607549  total = -6.73e-16  [geo, m per unit amplitude^2]
(a,b,c,d,w)=(0.2,1.0,-0.7,0.4,0.8): bulk = -0.1296562411  closed form -(1/2pi)Int psi_z(0,z)^2 = -0.1296562411  sheets = +0.0473783852  line = +0.0822778559  total = +2.78e-17  [geo, m per unit amplitude^2]
(a,b,c,d,w)=(1.0,0.0,0.0,0.0,2.0): bulk = -0.0997355701  closed form -(1/2pi)Int psi_z(0,z)^2 = -0.0997355701  sheets = +0.0997355701  line = +0.0000000000  total = +2.78e-17  [geo, m per unit amplitude^2]
direct 3D grid, 4 quadrants: bulk = -0.189063 (compare first line)

=== D. Magnitude at the reference case ===
v_s= 10.0 c, axial plateau L= 200.0 m: bulk Int E <= -3.1831e+03 m (geo) = -4.286e+30 kg = -2.155 M_sun
v_s= 10.0 c, axial plateau L= 100.0 m: bulk Int E <= -1.5915e+03 m (geo) = -2.143e+30 kg = -1.078 M_sun
v_s=  1.0 c, axial plateau L= 200.0 m: bulk Int E <= -3.1831e+01 m (geo) = -4.286e+28 kg = -0.022 M_sun
v_s=  0.5 c, axial plateau L= 200.0 m: bulk Int E <= -7.9577e+00 m (geo) = -1.072e+28 kg = -0.005 M_sun
Lentz's claim at R=100 m, w=1 m: E_tot ~ +(few)x0.1 M_sun v_s^2 = +20..50 M_sun at v_s=10 (D-30a) -- opposite sign to the bulk.

=== E. Kinematics (N = 1, h = delta, Lentz eq. 1: ds^2 = -dt^2 + (dx^i - N^i dt)^2) ===
v_s =  0.50: payload comoving needs N_z in (-0.50, +1.50); Lentz's N_z(0,0) = 0.50; N_iN^i = 0.25 -> <1 (DEC per Lentz ok)
v_s =  0.99: payload comoving needs N_z in (-0.01, +1.99); Lentz's N_z(0,0) = 0.99; N_iN^i = 0.98 -> <1 (DEC per Lentz ok)
v_s =  1.50: payload comoving needs N_z in (+0.50, +2.50); Lentz's N_z(0,0) = 1.50; N_iN^i = 2.25 -> >=1 (outside Lentz DEC condition; horizons)
v_s = 10.00: payload comoving needs N_z in (+9.00, +11.00); Lentz's N_z(0,0) = 10.00; N_iN^i = 100.00 -> >=1 (outside Lentz DEC condition; horizons)

--- stderr ---

