# math_run log
command:  python3 runs/2026-10-01-warp-drive-without-negative-energy/calc/falsifier-C6-0_linear_censorship.py
started:  2026-10-02T03:48:37Z
duration: 2.2 s
exit:     0
versions: python 3.11.15, sympy 1.14.0, mpmath 1.3.0, numpy 2.4.6, scipy 1.17.1
counts:   4 PASS, 0 FAIL, 0 UNDECIDED

--- stdout ---
point-mass check: dt(b=  10)-dt(b=5) = -2.9359 m; Shapiro -4 ln(b/5) = -2.7726 m
point-mass check: dt(b=  40)-dt(b=5) = -8.4811 m; Shapiro -4 ln(b/5) = -8.3178 m

kappa  NEC(kappa<=1/2)  min Sigma (m^-1)   interior-min(|b|<1.5R) - ring-min  [2R, 3R, 4R] (m)  advance?
 0.00   pass   +0.000e+00   +5.800e-03  +1.357e-02  +1.908e-02   none
PASS kappa=0.0: NEC-satisfying => no advance (minimum principle)
 0.25   pass   +0.000e+00   +5.060e-03  +1.209e-02  +1.722e-02   none
PASS kappa=0.25: NEC-satisfying => no advance (minimum principle)
 0.45   pass   +0.000e+00   +4.439e-03  +1.087e-02  +1.569e-02   none
PASS kappa=0.45: NEC-satisfying => no advance (minimum principle)
 0.50   pass   +0.000e+00   +4.284e-03  +1.056e-02  +1.531e-02   none
PASS kappa=0.5: NEC-satisfying => no advance (minimum principle)
 0.55   FAIL   -1.436e-06   +4.128e-03  +1.026e-02  +1.492e-02   none
INFO: kappa=0.55 NEC-violating, advance=False
 0.75   FAIL   -7.201e-06   +3.507e-03  +9.033e-03  +1.339e-02   none
INFO: kappa=0.75 NEC-violating, advance=False
 1.00   FAIL   -1.441e-05   +2.680e-03  +7.455e-03  +1.143e-02   none
INFO: kappa=1.0 NEC-violating, advance=False
 1.50   FAIL   -2.882e-05   +1.023e-03  +4.176e-03  +7.380e-03   none
INFO: kappa=1.5 NEC-violating, advance=False
 2.00   FAIL   -4.323e-05   -2.379e-03  -8.221e-04  +1.550e-03   ADVANCE
INFO: kappa=2.0 NEC-violating, advance=True
 3.00   FAIL   -7.206e-05   -9.908e-03  -1.152e-02  -1.077e-02   ADVANCE
INFO: kappa=3.0 NEC-violating, advance=True

(coarse-grid sign check, N=400, ring 3R)
kappa=0.45: interior-min - ring(3R)-min = +1.084e-02 m
kappa=1.00: interior-min - ring(3R)-min = +7.412e-03 m
kappa=2.00: interior-min - ring(3R)-min = -8.220e-04 m

--- stderr ---

