# math_run log
command:  python3 runs/2026-10-01-warp-drive-without-negative-energy/calc/falsifier-C6-1_negmass_advance.py
started:  2026-10-02T03:54:35Z
duration: 1.9 s
exit:     0
versions: python 3.11.15, sympy 1.14.0, mpmath 1.3.0, numpy 2.4.6, scipy 1.17.1
counts:   no PASS/FAIL lines

--- stdout ---
Ricci tensor (any sign of m): Matrix([[0, 0, 0, 0], [0, 0, 0, 0], [0, 0, 0, 0], [0, 0, 0, 0]])
=> vacuum, T_ab = 0 pointwise on the regular domain for m > 0 and m < 0
Kretschmann: 48*m**2/r**6 (diverges at r = 0 for either sign: null-incomplete)
radial t(r1->r2) = -2*m*log(-2*m + r1) + 2*m*log(-2*m + r2) - r1 + r2
m = -1000 m (geo): radial coordinate time - (r2 - r1) = -22661.2 m = -75.588 microseconds  (ADVANCE)
m = +1000 m (geo): radial coordinate time - (r2 - r1) = +23472.1 m = +78.293 microseconds  (delay)
weak-field pass: m=-1000 m, b=1e5 m, D=1e+08 m: excess = -30403.6 m = -101.413 us (analytic 4m ln(2D/b) = -30403.6 m)
weak-field pass: m=-1000 m, b=1e5 m, D=1e+10 m: excess = -48824.3 m = -162.856 us (analytic 4m ln(2D/b) = -48824.3 m)
weak-field pass: m=+1000 m, b=1e5 m, D=1e+08 m: excess = +30403.6 m = +101.413 us (analytic 4m ln(2D/b) = +30403.6 m)
weak-field pass: m=+1000 m, b=1e5 m, D=1e+10 m: excess = +48824.3 m = +162.856 us (analytic 4m ln(2D/b) = +48824.3 m)
Conclusion: an advance appears only for m < 0 (negative ADM mass hidden in the singularity).

--- stderr ---

