# math_run log
command:  python3 runs/2026-10-01-warp-drive-without-negative-energy/calc/falsifier-C4-0_dragging_limits.py
started:  2026-10-02T03:33:55Z
duration: 4.3 s
exit:     0
versions: python 3.11.15, sympy 1.14.0, mpmath 1.3.0, numpy 2.4.6, scipy 1.17.1
counts:   no PASS/FAIL lines

--- stdout ---
1. weak-field linear coefficient
   R= 10.0 m: GM/c^2R=0.3334; kappa(4M/R)=1.3337; kappa(11M/3R, LBK 1999)=1.2226
   R= 20.0 m: GM/c^2R=0.1667; kappa(4M/R)=0.6669; kappa(11M/3R, LBK 1999)=0.6113
2. DEC (Zel'dovich) limit of a static thin Schwarzschild shell, R = 25M/12
   C_DEC = 2M/R = 0.9600; interior lapse N=sqrt(1-C) = 0.2000; g00 ratio = 0.0400
   Buchdahl C=8/9=0.8889: lapse 0.3333
3. Brill-Cohen rotational dragging fraction (analogue) vs compactness
   C=0.0100: a=M/2r_iso=0.0025; drag fraction=0.0067; weak-field 4M/3R=0.0067; residual 1-f=0.9933
   C=0.3350: a=M/2r_iso=0.1016; drag fraction=0.2417; weak-field 4M/3R=0.2233; residual 1-f=0.7583
   C=0.6700: a=M/2r_iso=0.2703; drag fraction=0.5393; weak-field 4M/3R=0.4467; residual 1-f=0.4607
   C=0.8889: a=M/2r_iso=0.5000; drag fraction=0.8000; weak-field 4M/3R=0.5926; residual 1-f=0.2000
   C=0.9600: a=M/2r_iso=0.6667; drag fraction=0.9143; weak-field 4M/3R=0.6400; residual 1-f=0.0857
   C=0.9900: a=M/2r_iso=0.8182; drag fraction=0.9750; weak-field 4M/3R=0.6600; residual 1-f=0.0250
   C=0.9990: a=M/2r_iso=0.9387; drag fraction=0.9972; weak-field 4M/3R=0.6660; residual 1-f=0.0028
   at horizon a=1: fraction 1.0000
4. gravity-tractor vs shell for 'no felt g' towing
   A=10 g, L=10 m, felt<= 0.1 g: tractor d=2.000e+03 m, M=5.877e+18 kg; shell kappa>=0.9900 needs C~0.9963 (BC analogue) -> M~6.708e+27 kg; ratio shell/tractor=1.14e+09
      shell C exceeds DEC limit 0.96? True
   A=100 g, L=10 m, felt<= 1 g: tractor d=2.000e+03 m, M=5.877e+19 kg; shell kappa>=0.9900 needs C~0.9963 (BC analogue) -> M~6.708e+27 kg; ratio shell/tractor=1.14e+08
      shell C exceeds DEC limit 0.96? True
   A=1 g, L=10 m, felt<= 0.01 g: tractor d=2.000e+03 m, M=5.877e+17 kg; shell kappa>=0.9900 needs C~0.9963 (BC analogue) -> M~6.708e+27 kg; ratio shell/tractor=1.14e+10
      shell C exceeds DEC limit 0.96? True
5. payload felt fraction for the run's shell (BC analogue, C=0.335 at R2):  0.7583

--- stderr ---

