# math_run log
command:  python3 runs/2026-10-01-warp-drive-without-negative-energy/calc/falsifier-C4-1_drag_fraction.py
started:  2026-10-02T03:33:41Z
duration: 0.0 s
exit:     0
versions: python 3.11.15, sympy 1.14.0, mpmath 1.3.0, numpy 2.4.6, scipy 1.17.1
counts:   no PASS/FAIL lines

--- stdout ---
=== Felt fraction F = 1 - kappa versus areal compactness C = 2M/R ===
       C   F_L1(extremal LBK)  F_L2(neutral g00)    F_lin=1-2C (4M/R)   F=1-11C/6 (LBK p7)   1-BC rot
  0.333 (R2=20m)       0.6944             0.6667               0.3333               0.3889     0.7596
  0.667 (R1=10m)       0.4444             0.3333              -0.3333              -0.2222     0.4641
    8/9 Buchdahl       0.3086             0.1111              -0.7778              -0.6296     0.2000
       48/49 DEC       0.2603             0.0204              -0.9592              -0.7959     0.0476

Rebuild centre lapse N = 0.761: F = N^2 = 0.5791  (kappa = 0.4209); if F = N instead: 0.761

Linear coefficient at the published mass (M = 4.49e27 kg):
  R =   10 m: m = 3.334 m, 4m/R = 1.334, 11m/(3R) = 1.222, LBK strong-field kappa (C=2m/R) = 0.556, neutral g00 kappa = 0.667
  R =   20 m: m = 3.334 m, 4m/R = 0.667, 11m/(3R) = 0.611, LBK strong-field kappa (C=2m/R) = 0.306, neutral g00 kappa = 0.333

Compactness needed for felt fraction F (neutral g00 law L2: C = 1 - F; extremal L1: C = 2(1 - sqrt F)):
  F = 0.5: C_L2 = 0.500, C_L1 = 0.586  (Buchdahl 0.889, DEC cap 0.980)
  F = 0.1: C_L2 = 0.900, C_L1 = 1.368  (Buchdahl 0.889, DEC cap 0.980)
  F = 0.01: C_L2 = 0.990, C_L1 = 1.800  (Buchdahl 0.889, DEC cap 0.980)

Alpha Cen 4.37 ly, accelerate-flip-decelerate at shell acceleration a = 1 g / F (payload feels 1 g):
  F = 1.0000: a =   1.00 g, Earth-frame time = 6.002 yr, ship time = 3.582 yr
  F = 0.5790: a =   1.73 g, Earth-frame time = 5.376 yr, ship time = 2.547 yr
  F = 0.3330: a =   3.00 g, Earth-frame time = 4.973 yr, ship time = 1.768 yr
  F = 0.1110: a =   9.01 g, Earth-frame time = 4.580 yr, ship time = 0.807 yr
  F = 0.0204: a =  49.02 g, Earth-frame time = 4.409 yr, ship time = 0.214 yr
  light-time floor = 4.37 yr

--- stderr ---

