# math_run log
command:  python3 runs/2026-10-01-warp-drive-without-negative-energy/calc/lens-constraints_unitlapse.py
started:  2026-10-01T21:41:19Z
duration: 12.8 s
exit:     0
versions: python 3.11.15, sympy 1.14.0, mpmath 1.3.0, numpy 2.4.6, scipy 1.17.1
counts:   no PASS/FAIL lines

--- stdout ---
=== ALC (motion axis x); build 0.0s
 paper-like (R = 1 m, sigma = 8 /m, v = 1): EC scan over 364 wall points (skipped 0), violations {'nec': 364, 'wec': 364, 'sec': 364, 'dec': 364}; worst sampled minima (1/m^2) nec -1.326e+00, wec -6.590e+01, sec -6.601e+01  [5.3s]
   Hawking-Ellis types {'IV (sampled)': 342, 'I': 22}; Eulerian density <0 at 364, >0 at 0 points
  n_r=300,n_th=120: E_total = -2.233420e-01 m (geo) = -2.7030e+43 J = -3.0075e+26 kg = -1.5121e-04 Msun; E- = -2.233420e-01 m = -3.0075e+26 kg; E+ = 0.000000e+00 m = 0.0000e+00 kg; rho_min = -1.5877e-01 1/m^2, rho_max = -7.1050e-25 1/m^2
  n_r=450,n_th=180: E_total = -2.233420e-01 m (geo) = -2.7030e+43 J = -3.0075e+26 kg = -1.5121e-04 Msun; E- = -2.233420e-01 m = -3.0075e+26 kg; E+ = 0.000000e+00 m = 0.0000e+00 kg; rho_min = -1.5899e-01 1/m^2, rho_max = -3.0206e-25 1/m^2
   convergence: |dE_total|/|E-| = 4.12e-09
 reference (R = 100 m, Delta = 1 m -> sigma = 2 /m, v = 10): EC scan over 364 wall points (skipped 0), violations {'nec': 340, 'wec': 364, 'sec': 340, 'dec': 364}; worst sampled minima (1/m^2) nec -4.908e+00, wec -2.417e+02, sec -2.466e+02  [5.0s]
   Hawking-Ellis types {'IV (sampled)': 188, 'I': 176}; Eulerian density <0 at 364, >0 at 0 points
  n_r=2000,n_th=120: E_total = -5.555600e+04 m (geo) = -6.7237e+48 J = -7.4811e+31 kg = -3.7612e+01 Msun; E- = -5.555600e+04 m = -7.4811e+31 kg; E+ = 0.000000e+00 m = 0.0000e+00 kg; rho_min = -9.9264e-01 1/m^2, rho_max = -0.0000e+00 1/m^2
  n_r=3000,n_th=180: E_total = -5.555600e+04 m (geo) = -6.7237e+48 J = -7.4811e+31 kg = -3.7612e+01 Msun; E- = -5.555600e+04 m = -7.4811e+31 kg; E+ = 0.000000e+00 m = 0.0000e+00 kg; rho_min = -9.9368e-01 1/m^2, rho_max = -0.0000e+00 1/m^2
   convergence: |dE_total|/|E-| = 4.12e-09

--- stderr ---

