# math_run log
command:  python3 runs/2026-10-01-warp-drive-without-negative-energy/calc/lens-constraints_qi_horizon_trip.py
started:  2026-10-01T21:51:02Z
duration: 9.7 s
exit:     0
versions: python 3.11.15, sympy 1.14.0, mpmath 1.3.0, numpy 2.4.6, scipy 1.17.1
counts:   no PASS/FAIL lines

--- stdout ---
Alcubierre R = 100 m, v = 10, sigma = 2.0 /m (Delta = 1.0 m): min Eulerian rho = -9.94718e-01 1/m^2 = -1.204e+44 J/m^3 at y = 100.0000 m; curvature radius r_c = 1.1547e-01 m; precision_check {'max_rel_error': 0.0, 'worst_point': None, 'sign_flips': 0, 'values': [((0.0, 0.0, 100.0, 0.0), -0.9947183943243458, -0.9947183943243458)]}
   Ford-Roman bound with tau0 = 0.1 r_c = 1.155e-02 m: rho >= -1.396e-64 1/m^2 (-1.689e-20 J/m^3); violation factor |rho|/|bound| = 7.127e+63
Alcubierre R = 100 m, v = 10, sigma = 4.0 /m (Delta = 0.5 m): min Eulerian rho = -3.97887e+00 1/m^2 = -4.815e+44 J/m^3 at y = 100.0000 m; curvature radius r_c = 5.7735e-02 m; precision_check {'max_rel_error': 0.0, 'worst_point': None, 'sign_flips': 0, 'values': [((0.0, 0.0, 100.0, 0.0), -3.9788735772973833, -3.9788735772973833)]}
   Ford-Roman bound with tau0 = 0.1 r_c = 5.774e-03 m: rho >= -2.233e-63 1/m^2 (-2.703e-19 J/m^3); violation factor |rho|/|bound| = 1.782e+63
   scaling exponents: rho ~ sigma^2.0000, r_c ~ sigma^-1.0000
   QI-limited wall: sigma = 1.688e+32 /m, Delta_QI = 1.185e-32 m = 732.9 L_Planck (= 73.3 v L_P); E = -v^2R^2/(18 Delta) = -4.690e+36 m = -6.315e+63 kg = -3.175e+33 M_sun
Alcubierre v = 10 horizon at |xi| = 99.4507 m: kappa = 3.6000e+00 1/m, T_H = 1.3120e-03 K
shell to v = 0.0244c and back: momentum to supply/eject each way 3.301e+34 kg m/s; ideal photon-rocket start-stop mass ratio 1.0500 -> radiated mass 2.149e+26 kg = 1.931e+43 J; bare 1e5 kg payload: radiated 5.002e+03 kg (initial mass 1.0500e+05 kg)
shell to v = 0.04c and back: momentum to supply/eject each way 5.414e+34 kg m/s; ideal photon-rocket start-stop mass ratio 1.0833 -> radiated mass 3.470e+26 kg = 3.119e+43 J; bare 1e5 kg payload: radiated 8.333e+03 kg (initial mass 1.0833e+05 kg)
shell to v = 0.1c and back: momentum to supply/eject each way 1.359e+35 kg m/s; ideal photon-rocket start-stop mass ratio 1.2222 -> radiated mass 8.202e+26 kg = 7.371e+43 J; bare 1e5 kg payload: radiated 2.222e+04 kg (initial mass 1.2222e+05 kg)
interior clock at shell speed 0.0244c runs at lapse/gamma = 0.7610 of exterior time; a rocket gets the same slowing at v = 0.6488c
interior clock at shell speed 0.04c runs at lapse/gamma = 0.7606 of exterior time; a rocket gets the same slowing at v = 0.6492c
interior clock at shell speed 0.1c runs at lapse/gamma = 0.7574 of exterior time; a rocket gets the same slowing at v = 0.6530c
alpha Cen (4.37 ly) at 0.0244c: 179.1 yr exterior, 136.3 yr inside the shell

--- stderr ---

