# math_run log
command:  python3 runs/2026-10-01-warp-drive-without-negative-energy/calc/lens-constraints_natario_irrot.py
started:  2026-10-01T21:41:19Z
duration: 6.6 s
exit:     0
versions: python 3.11.15, sympy 1.14.0, mpmath 1.3.0, numpy 2.4.6, scipy 1.17.1
counts:   no PASS/FAIL lines

--- stdout ---
===== NAT =====
 paper-like R = 1 m, sigma = 8 /m (Delta = 0.25 m), v = 1: 312 wall points, unconverged 0, skipped 0
   robust violations {'nec': 312, 'wec': 312, 'sec': 312, 'dec': 312}; strict {'nec': 312, 'wec': 312, 'sec': 312, 'dec': 312}; types {'IV (sampled)': 230, 'I': 82}
   worst nec_min -1.1150e+01 1/m^2 at (0.0, 0.8977272727272727, 0.0, -1.443655560505162e-16); wec_min -5.5317e+02; most negative Eulerian rho -1.6165e+00 1/m^2  [0.9s]
   Eulerian rho cross-check tool vs (theta^2-K^2)/16pi: -4.69316e-05/-4.69319e-05; -1.26064e+00/-1.26064e+00; -4.33909e-02/-4.33910e-02; -8.21836e-04/-8.21840e-04; -1.98481e-01/-1.98480e-01; -1.65383e-04/-1.65384e-04
   Eulerian rho on wall points: min -1.6165e+00, max -4.6932e-05 1/m^2; negative at 312/312
   E (n_r=400, n_th=160): total -3.288051e+00 m = -3.9794e+44 J = -4.4277e+27 kg = -2.2261e-03 Msun; E- -3.288051e+00 m = -4.4277e+27 kg = -2.2261e-03 Msun; E+ 0.000000e+00 m = 0.0000e+00 kg; divergence-form total -1.6211e-05 m; max|theta| 1.117e-05
   E (n_r=600, n_th=240): total -3.288042e+00 m = -3.9794e+44 J = -4.4276e+27 kg = -2.2261e-03 Msun; E- -3.288042e+00 m = -4.4276e+27 kg = -2.2261e-03 Msun; E+ 0.000000e+00 m = 0.0000e+00 kg; divergence-form total -7.2402e-06 m; max|theta| 1.118e-05
   convergence |dE|/|E-| = 2.73e-06; E_total/|E-| = -1.000e+00
   fit check: E/(v^2 R^4/Delta^3) = -0.05138 (dossier D-34 fit -0.0445 for its convention)
 reference R = 100 m, sigma = 2 /m (Delta = 1 m), v = 10: 312 wall points, unconverged 77, skipped 0
   robust violations {'nec': 104, 'wec': 104, 'sec': 104, 'dec': 104}; strict {'nec': 104, 'wec': 104, 'sec': 104, 'dec': 104}; types {'IV (sampled)': 12, 'vacuum (within FD error)': 208, 'I': 92}
   worst nec_min -2.1492e+04 1/m^2 at (0.0, 99.5909090909091, 0.0, -1.6015439661097774e-14); wec_min -1.0639e+06; most negative Eulerian rho -5.4180e+03 1/m^2  [0.4s]
   Eulerian rho cross-check tool vs (theta^2-K^2)/16pi: -3.67198e-03/-3.67200e-03; -4.11040e+03/-4.11039e+03; -1.34004e+02/-1.34004e+02; -2.58011e+00/-2.58013e+00; -2.34943e+03/-2.34941e+03; -3.13291e-01/-3.13292e-01
   Eulerian rho on wall points: min -5.4180e+03, max -3.6720e-03 1/m^2; negative at 312/312
   E (n_r=3000, n_th=160): total -4.445535e+08 m = -5.3802e+52 J = -5.9863e+35 kg = -3.0097e+05 Msun; E- -4.445535e+08 m = -5.9863e+35 kg = -3.0097e+05 Msun; E+ 5.100210e-24 m = 6.8679e+03 kg; divergence-form total -4.0342e+00 m; max|theta| 6.328e-04
   E (n_r=4500, n_th=240): total -4.445535e+08 m = -5.3802e+52 J = -5.9863e+35 kg = -3.0097e+05 Msun; E- -4.445535e+08 m = -5.9863e+35 kg = -3.0097e+05 Msun; E+ 2.674021e-24 m = 3.6008e+03 kg; divergence-form total -1.8027e+00 m; max|theta| 6.344e-04
   convergence |dE|/|E-| = 3.71e-09; E_total/|E-| = -1.000e+00
   fit check: E/(v^2 R^4/Delta^3) = -0.04446 (dossier D-34 fit -0.0445 for its convention)
===== IRR =====
 paper-like R = 1 m, sigma = 8 /m (Delta = 0.25 m), v = 1: 312 wall points, unconverged 0, skipped 0
   robust violations {'nec': 288, 'wec': 304, 'sec': 288, 'dec': 312}; strict {'nec': 288, 'wec': 304, 'sec': 288, 'dec': 312}; types {'I': 312}
   worst nec_min -3.9254e+01 1/m^2 at (0.0, 0.026927778590876784, 0.0, 0.897323325751932); wec_min -1.9287e+03; most negative Eulerian rho -3.5555e+00 1/m^2  [0.9s]
   Eulerian rho cross-check tool vs (theta^2-K^2)/16pi: 1.54162e-03/1.54163e-03; 9.70864e-01/9.70864e-01; -7.42967e-02/-7.42969e-02; 1.32638e-02/1.32639e-02; -5.49617e-01/-5.49616e-01; -2.21590e-03/-2.21591e-03
   Eulerian rho on wall points: min -3.5555e+00, max 7.2626e+00 1/m^2; negative at 172/312
   E (n_r=400, n_th=160): total 4.375007e-05 m = 5.2949e+39 J = 5.8913e+22 kg = 2.9620e-08 Msun; E- -2.858163e+00 m = -3.8488e+27 kg = -1.9350e-03 Msun; E+ 2.858207e+00 m = 3.8488e+27 kg; divergence-form total 4.3750e-05 m; max|theta| 3.441e+01
   E (n_r=600, n_th=240): total 1.982798e-05 m = 2.3997e+39 J = 2.6700e+22 kg = 1.3424e-08 Msun; E- -2.857639e+00 m = -3.8481e+27 kg = -1.9347e-03 Msun; E+ 2.857659e+00 m = 3.8481e+27 kg; divergence-form total 1.9828e-05 m; max|theta| 3.441e+01
   convergence |dE|/|E-| = 8.37e-06; E_total/|E-| = 6.939e-06
 reference R = 100 m, sigma = 2 /m (Delta = 1 m), v = 10: 312 wall points, unconverged 50, skipped 0
   robust violations {'nec': 82, 'wec': 82, 'sec': 82, 'dec': 82}; strict {'nec': 82, 'wec': 82, 'sec': 82, 'dec': 82}; types {'I': 82, 'vacuum (within FD error)': 230}
   worst nec_min -3.1702e+03 1/m^2 at (0.0, 97.38024409980875, 0.0, 25.571792495997556); wec_min -1.5615e+05; most negative Eulerian rho -7.2068e+02 1/m^2  [0.3s]
   Eulerian rho cross-check tool vs (theta^2-K^2)/16pi: 3.05343e-01/3.05344e-01; 1.54083e+02/1.54090e+02; -1.05041e+01/-1.05041e+01; 2.42634e+00/2.42635e+00; -3.43510e+00/-3.43510e+00; -2.86139e-01/-2.86140e-01
   Eulerian rho on wall points: min -7.1461e+02, max 7.4693e+02 1/m^2; negative at 168/312
   E (n_r=3000, n_th=160): total 1.088808e+01 m = 1.3177e+45 J = 1.4662e+28 kg = 7.3714e-03 Msun; E- -1.667970e+07 m = -2.2461e+34 kg = -1.1292e+04 Msun; E+ 1.667971e+07 m = 2.2461e+34 kg; divergence-form total 1.0888e+01 m; max|theta| 1.558e+03
   E (n_r=4500, n_th=240): total 4.937494e+00 m = 5.9756e+44 J = 6.6488e+27 kg = 3.3428e-03 Msun; E- -1.667160e+07 m = -2.2450e+34 kg = -1.1287e+04 Msun; E+ 1.667160e+07 m = 2.2450e+34 kg; divergence-form total 4.9377e+00 m; max|theta| 1.561e+03
   convergence |dE|/|E-| = 3.57e-07; E_total/|E-| = 2.962e-07

--- stderr ---
/home/user/Science/runs/2026-10-01-warp-drive-without-negative-energy/calc/lens-constraints_natario_irrot.py:39: RuntimeWarning: overflow encountered in square
  fp = s * (1 / np.cosh(s * (r + R)) ** 2 - 1 / np.cosh(s * (r - R)) ** 2) / (2 * T)

