# math_run log
command:  python3 runs/2026-10-01-warp-drive-without-negative-energy/calc/lens-idealizer_thickwall.py
started:  2026-10-01T21:29:55Z
duration: 3.5 s
exit:     0
versions: python 3.11.15, sympy 1.14.0, mpmath 1.3.0, numpy 2.4.6, scipy 1.17.1
counts:   no PASS/FAIL lines

--- stdout ---
Fuchs et al. parameters [D-21]: M = 4.49e27 kg -> 3.3343 m (geometric); R1 = 10 m, R2 = 20 m

=== 1. NEC cap on the shift at the 2024 shell's parameters (linear theory) ===
  [cubic smoothstep] R1=10.0 m R2=20.0 m M=3.334 m (2M/R2=0.333), p/rho=0.0:
     max|T_0i|/beta = 1.1935e-03 1/m^2, rho0 = 1.1372e-04 1/m^2
     beta_max (uniform rho, NEC) = 4.7638e-02;  beta_max (best-shaped rho) = 1.0742e-01
     int S(|z|) dz along axis = 30.000 m
  [quintic smoothstep] R1=10.0 m R2=20.0 m M=3.334 m (2M/R2=0.333), p/rho=0.0:
     max|T_0i|/beta = 1.2938e-03 1/m^2, rho0 = 1.1372e-04 1/m^2
     beta_max (uniform rho, NEC) = 4.3948e-02;  beta_max (best-shaped rho) = 9.0632e-02
     int S(|z|) dz along axis = 30.000 m
  [Fuchs sigmoid] R1=10.0 m R2=20.0 m M=3.334 m (2M/R2=0.333), p/rho=0.0:
     max|T_0i|/beta = 2.0883e-03 1/m^2, rho0 = 1.1372e-04 1/m^2
     beta_max (uniform rho, NEC) = 2.7227e-02;  beta_max (best-shaped rho) = 8.4027e-02
     int S(|z|) dz along axis = 30.001 m
  with p = 0.1 rho (Fuchs-scale stresses), cubic:
  [cubic smoothstep] R1=10.0 m R2=20.0 m M=3.334 m (2M/R2=0.333), p/rho=0.1:
     max|T_0i|/beta = 1.1935e-03 1/m^2, rho0 = 1.1372e-04 1/m^2
     beta_max (uniform rho, NEC) = 5.2402e-02;  beta_max (best-shaped rho) = 1.1817e-01
     int S(|z|) dz along axis = 30.000 m

=== 2. Convergence (Fuchs sigmoid, grid doubling) ===
  nr=750 na=361: beta_max uniform = 2.722790e-02, shaped = 8.402850e-02
  nr=1500 na=721: beta_max uniform = 2.722722e-02, shaped = 8.402677e-02
  nr=3000 na=1441: beta_max uniform = 2.722724e-02, shaped = 8.402631e-02

=== 3. Scaling law: beta_max vs compactness and wall fraction (cubic profile) ===
  2M/R2   R1    R2   D/R2   beta_unif   beta_shaped   beta_unif/[(2M/R2)(D/R2)]   beta_shaped/[(2M/R2)(D/R2)]
  0.050    10    11  0.091  8.3097e-04   2.1034e-03     0.1828                  0.4627
  0.050    10    12  0.167  1.6486e-03   4.1246e-03     0.1978                  0.4950
  0.050    10    15  0.333  3.9480e-03   9.4704e-03     0.2369                  0.5682
  0.050    10    20  0.500  7.1436e-03   1.6109e-02     0.2857                  0.6444
  0.050    10    40  0.750  1.3952e-02   2.8529e-02     0.3720                  0.7608
  0.050    10   100  0.900  1.6516e-02   3.7352e-02     0.3670                  0.8300
  0.050   100   200  0.500  7.1436e-03   1.6109e-02     0.2857                  0.6444
  0.333    10    11  0.091  5.5343e-03   1.4009e-02     0.1828                  0.4627
  0.333    10    12  0.167  1.0980e-02   2.7470e-02     0.1978                  0.4950
  0.333    10    15  0.333  2.6293e-02   6.3073e-02     0.2369                  0.5682
  0.333    10    20  0.500  4.7576e-02   1.0728e-01     0.2857                  0.6444
  0.333    10    40  0.750  9.2919e-02   1.9000e-01     0.3720                  0.7608
  0.333    10   100  0.900  1.1000e-01   2.4876e-01     0.3670                  0.8300
  0.333   100   200  0.500  4.7576e-02   1.0728e-01     0.2857                  0.6444

=== 4. Sagnac observable vs Fuchs et al. Table 1 (7.6 ns at v_warp = 0.04) [D-25] ===
  cubic smoothstep: round-trip difference 2*beta*int S dz / c at beta=0.04 = 8.01 ns (one-way 4.00 ns); linear, N = 1 (a lapse N<1 inside raises it by ~1/N^2)
  quintic smoothstep: round-trip difference 2*beta*int S dz / c at beta=0.04 = 8.01 ns (one-way 4.00 ns); linear, N = 1 (a lapse N<1 inside raises it by ~1/N^2)
  Fuchs sigmoid: round-trip difference 2*beta*int S dz / c at beta=0.04 = 8.01 ns (one-way 4.00 ns); linear, N = 1 (a lapse N<1 inside raises it by ~1/N^2)

=== 5. Light-time along the z axis: shift 'advance' vs Shapiro delay (linear, harmonic) ===
  [cubic smoothstep] baseline +-20 m: Shapiro delay = 16.462 m (54.91 ns); advance per unit beta = 30.000 m
     beta needed for net advance = 0.5487;  NEC cap (uniform rho) = 4.7638e-02 -> advance/delay at cap = 0.0868;  shaped cap 1.0742e-01 -> 0.1958
  [cubic smoothstep] baseline +-100 m: Shapiro delay = 37.928 m (126.51 ns); advance per unit beta = 30.000 m
     beta needed for net advance = 1.2643;  NEC cap (uniform rho) = 4.7638e-02 -> advance/delay at cap = 0.0377;  shaped cap 1.0742e-01 -> 0.0850
  [cubic smoothstep] baseline +-10000 m: Shapiro delay = 99.349 m (331.39 ns); advance per unit beta = 30.000 m
     beta needed for net advance = 3.3116;  NEC cap (uniform rho) = 4.7638e-02 -> advance/delay at cap = 0.0144;  shaped cap 1.0742e-01 -> 0.0324
  [Fuchs sigmoid] baseline +-20 m: Shapiro delay = 16.462 m (54.91 ns); advance per unit beta = 30.000 m
     beta needed for net advance = 0.5487;  NEC cap (uniform rho) = 2.7227e-02 -> advance/delay at cap = 0.0496;  shaped cap 8.4027e-02 -> 0.1531
  [Fuchs sigmoid] baseline +-100 m: Shapiro delay = 37.928 m (126.51 ns); advance per unit beta = 30.000 m
     beta needed for net advance = 1.2643;  NEC cap (uniform rho) = 2.7227e-02 -> advance/delay at cap = 0.0215;  shaped cap 8.4027e-02 -> 0.0665
  [Fuchs sigmoid] baseline +-10000 m: Shapiro delay = 99.349 m (331.39 ns); advance per unit beta = 30.000 m
     beta needed for net advance = 3.3116;  NEC cap (uniform rho) = 2.7227e-02 -> advance/delay at cap = 0.0082;  shaped cap 8.4027e-02 -> 0.0254
  Note: in linear harmonic gauge the delay density (1/2) h_kk = 2 int T_kk/|x-x'| d^3x' is
  pointwise >= 0 whenever the NEC holds (Visser-Bassett-Liberati), so no segment can show a net advance.

=== 6. Reference-case scaling of the shell (ours): fixed 2M/R2 = 0.333, R2 = 2 R1 ===
  R1 = 10 m: M = 4.484e+27 kg = 2.363 M_J; beta_max uniform = 4.7576e-02, shaped = 1.0728e-01 (scale-free at fixed compactness and R2/R1)
  R1 = 100 m: M = 4.484e+28 kg = 23.626 M_J; beta_max uniform = 4.7576e-02, shaped = 1.0728e-01 (scale-free at fixed compactness and R2/R1)

--- stderr ---
/home/user/Science/runs/2026-10-01-warp-drive-without-negative-energy/calc/lens-idealizer_thickwall.py:32: RuntimeWarning: divide by zero encountered in divide
  a = 1.0/(s - 1.0) + 1.0/s

