# math_run log
command:  python3 runs/2026-10-01-warp-drive-without-negative-energy/calc/lens-decomposer_advance_vs_nec.py
started:  2026-10-01T21:08:24Z
duration: 5.9 s
exit:     0
versions: python 3.11.15, sympy 1.14.0, mpmath 1.3.0, numpy 2.4.6, scipy 1.17.1
counts:   no PASS/FAIL lines

--- stdout ---
--- published-mass shell, zero shift: M = 2.3650 M_J, beta_warp = 0.0, h = 0.05 m ---
points 285, skipped 0, unconverged 0
robust violations {'nec': 0, 'wec': 0, 'sec': 0, 'dec': 0}
strict violations {'nec': 0, 'wec': 0, 'sec': 0, 'dec': 0}
marginal {'nec': 0, 'wec': 0, 'sec': 0, 'dec': 0}
types {'I': 285}
worst nec_min = 2.3917e-06 1/m^2 at (0.0, -8.0, 0.0, 9.797174393178826e-16)
worst wec_min = 2.3917e-06 1/m^2 at (0.0, -8.0, 0.0, 9.797174393178826e-16)
worst sec_min = 1.1959e-06 1/m^2 at (0.0, -8.0, 0.0, 9.797174393178826e-16)
worst rho_eulerian = 2.3917e-06 1/m^2 at (0.0, -8.0, 0.0, 9.797174393178826e-16)
--- published-mass shell, paper's EC-checked shift: M = 2.3650 M_J, beta_warp = 0.02, h = 0.05 m ---
points 285, skipped 0, unconverged 0
robust violations {'nec': 0, 'wec': 0, 'sec': 0, 'dec': 0}
strict violations {'nec': 0, 'wec': 0, 'sec': 0, 'dec': 0}
marginal {'nec': 0, 'wec': 0, 'sec': 0, 'dec': 0}
types {'I': 285}
worst nec_min = 2.2727e-06 1/m^2 at (0.0, 8.0, 0.0, 0.0)
worst wec_min = 2.3917e-06 1/m^2 at (0.0, 4.898587196589413e-16, 0.0, 8.0)
worst sec_min = 1.1960e-06 1/m^2 at (0.0, 4.898587196589413e-16, 0.0, 8.0)
worst rho_eulerian = 2.3917e-06 1/m^2 at (0.0, 4.898587196589413e-16, 0.0, 8.0)
--- published-mass shell, shift 0.04: M = 2.3650 M_J, beta_warp = 0.04, h = 0.05 m ---
points 285, skipped 0, unconverged 0
robust violations {'nec': 22, 'wec': 22, 'sec': 22, 'dec': 22}
strict violations {'nec': 22, 'wec': 22, 'sec': 22, 'dec': 22}
marginal {'nec': 0, 'wec': 0, 'sec': 0, 'dec': 0}
types {'I': 263, 'IV (sampled)': 22}
worst nec_min = -7.9116e-05 1/m^2 at (0.0, 7.500961644777539e-16, 0.0, 12.25)
worst wec_min = -3.8785e-03 1/m^2 at (0.0, 7.500961644777539e-16, 0.0, 12.25)
worst sec_min = -3.9330e-03 1/m^2 at (0.0, 7.500961644777539e-16, 0.0, 12.25)
worst rho_eulerian = 2.3917e-06 1/m^2 at (0.0, 4.898587196589413e-16, 0.0, 8.0)
--- light shell that showed a time advance: M = 0.0237 M_J, beta_warp = 0.04, h = 0.05 m ---
points 285, skipped 0, unconverged 0
robust violations {'nec': 167, 'wec': 167, 'sec': 167, 'dec': 167}
strict violations {'nec': 167, 'wec': 167, 'sec': 167, 'dec': 167}
marginal {'nec': 0, 'wec': 0, 'sec': 0, 'dec': 0}
types {'I': 118, 'IV (sampled)': 167}
worst nec_min = -1.6797e-04 1/m^2 at (0.0, 7.500961644777539e-16, 0.0, 12.25)
worst wec_min = -8.3529e-03 1/m^2 at (0.0, 7.500961644777539e-16, 0.0, 12.25)
worst sec_min = -8.3595e-03 1/m^2 at (0.0, 7.500961644777539e-16, 0.0, 12.25)
worst rho_eulerian = 2.3917e-08 1/m^2 at (0.0, 4.898587196589413e-16, 0.0, 8.0)
--- light shell, step check: M = 0.0237 M_J, beta_warp = 0.04, h = 0.025 m ---
points 285, skipped 0, unconverged 6
robust violations {'nec': 167, 'wec': 167, 'sec': 167, 'dec': 167}
strict violations {'nec': 167, 'wec': 167, 'sec': 167, 'dec': 167}
marginal {'nec': 0, 'wec': 0, 'sec': 0, 'dec': 0}
types {'I': 118, 'IV (sampled)': 167}
worst nec_min = -1.6797e-04 1/m^2 at (0.0, 7.500961644777539e-16, 0.0, 12.25)
worst wec_min = -8.3529e-03 1/m^2 at (0.0, 7.500961644777539e-16, 0.0, 12.25)
worst sec_min = -8.3595e-03 1/m^2 at (0.0, 7.500961644777539e-16, 0.0, 12.25)
worst rho_eulerian = 2.3917e-08 1/m^2 at (0.0, 4.898587196589413e-16, 0.0, 8.0)

--- stderr ---

