# math_run log
command:  python3 runs/2026-10-01-warp-drive-without-negative-energy/math/engineer/M-ENGINEER-14.py
started:  2026-10-01T22:30:15Z
duration: 0.3 s
exit:     1
versions: python 3.11.15, sympy 1.14.0, mpmath 1.3.0, numpy 2.4.6, scipy 1.17.1
counts:   10 PASS, 1 FAIL, 0 UNDECIDED

--- stdout ---
  20 M_sun c^2 (J): ours = 3.57419e+48, lens = 3.6e+48, rel diff = 0.00717, rtol = 0.01
PASS 0.007170184381165234 <= 0.0100000000000000: symbolic, constant
  gap vs NIF (20 M_sun): ours = 41.6187, lens = 41.6, |diff| = 0.0187, tol = 0.05
PASS 0.018678860484477866 <= 0.0500000000000000: symbolic, constant
  gap vs world-year (20 M_sun): ours = 27.7823, lens = 27.8, |diff| = 0.0177, tol = 0.05
PASS 0.017674699914099534 <= 0.0500000000000000: symbolic, constant
  50 M_sun c^2 (J): ours = 8.93547e+48, lens = 8.9e+48, rel diff = 0.00399, rtol = 0.01
PASS 0.003985206805563024 <= 0.0100000000000000: symbolic, constant
  gap vs NIF (50 M_sun): ours = 42.0166, lens = 42, |diff| = 0.0166, tol = 0.05
PASS 0.01661886915651678 <= 0.0500000000000000: symbolic, constant
  gap vs world-year (50 M_sun): ours = 28.1803, lens = 28.2, |diff| = 0.0197, tol = 0.05
PASS 0.01973469124206062 <= 0.0500000000000000: symbolic, constant
  0.2 M_sun x 10^2: ours = 20, lens = 20, |diff| = 0, tol = 1e-09
PASS 0.0 <= 1.00000000000000E-9: symbolic, constant
  world mass-energy per year (kg): ours = 6564.64, lens = 6600, rel diff = 0.00536, rtol = 0.01
PASS 0.00535828322479559 <= 0.0100000000000000: symbolic, constant
  shell mass / (world mass-energy per year) = 6.87e+23 years = 10^23.84
  cost line: log10 years vs lens 'about 1e23': ours = 23.8371, lens = 23, |diff| = 0.837, tol = 0.5
FAIL 0.8370622213114203 <= 0.500000000000000: numeric, constant; counterexample value = 0.3370622213; value 0.3370622213
PASS 5.9e20 J / c^2 == 6.565 t: within 0.002; 6564.64 vs 6565 (SI)
PASS 1 J / c^2 has the dimension of kg: dimensional analysis
SUMMARY: 10 pass, 1 fail, 0 undecided

--- stderr ---

