# math_run log
command:  python3 runs/2026-10-01-warp-drive-without-negative-energy/math/engineer/M-ENGINEER-06.py
started:  2026-10-01T22:30:46Z
duration: 0.7 s
exit:     1
versions: python 3.11.15, sympy 1.14.0, mpmath 1.3.0, numpy 2.4.6, scipy 1.17.1
counts:   8 PASS, 1 FAIL, 0 UNDECIDED

--- stdout ---
  G M^2/Rbar (J): ours = 9.05441e+43, lens = 9e+43, rel diff = 0.00605, rtol = 0.02
PASS 0.006045468817037047 <= 0.0200000000000000: symbolic, constant
  E/(M c^2): ours = 0.223329, lens = 0.22, |diff| = 0.00333, tol = 0.01
PASS 0.003329393159962002 <= 0.0100000000000000: symbolic, constant
  world-years: ours = 1.53465e+23, lens = 1.5e+23, rel diff = 0.0231, rtol = 0.03
PASS 0.023097086932579947 <= 0.0300000000000000: symbolic, constant
PASS G*(4.511e27 kg)^2/(15 m) == 9.05e43 J: within 0.01; 9.05441e+43 vs 9.05e+43 (SI)
PASS lim b->1 of 3/5 == 3/5: symbolic limit 3/5
PASS lim x->0 of (6*(x + 1)**5 - 15*(x + 1)**2 + 9)/(10*(x + 1)**6 - 20*(x + 1)**3 + 10) == 1/2: symbolic limit 1/2
  exact uniform-shell Newtonian U = 3.908e+43 J = 0.0964 Mc^2 (lens estimate 9e43 J)
FAIL 0.3648857083174526 <= 0.300000000000000: numeric, constant; counterexample value = 0.06488570832; value 0.06488570832
  GR proper-mass deficit (M_proper - M) c^2 = 4.752e+43 J = 0.1178 Mc^2; world-years 8.05e+22
PASS 0.27997175484607373 <= 0.300000000000000: symbolic, constant
  weak-field: GR deficit vs Newtonian U: ours = 3.87188e+23, lens = 3.87188e+23, rel diff = 1.89e-11, rtol = 0.001
PASS 1.886757416968976E-11 <= 0.00100000000000000: symbolic, constant
SUMMARY: 8 pass, 1 fail, 0 undecided

--- stderr ---

