# math_run log
command:  python3 runs/2026-10-01-warp-drive-without-negative-energy/math/engineer/M-ENGINEER-08.py
started:  2026-10-01T22:30:12Z
duration: 0.5 s
exit:     0
versions: python 3.11.15, sympy 1.14.0, mpmath 1.3.0, numpy 2.4.6, scipy 1.17.1
counts:   7 PASS, 0 FAIL, 0 UNDECIDED

--- stdout ---
PASS exp(6*atanh(v)) == (v + 1)**3/(1 - v)**3: numeric at 50 points, v in [0.001, 0.99]
PASS lim v->0 of exp(6*atanh(v)) == 1: symbolic limit 1
  crew time on 109.25 yr coast (yr): ours = 83.1611, lens = 83, |diff| = 0.161, tol = 0.5
PASS 0.16109999999999047 <= 0.500000000000000: symbolic, constant
  ageing saving: ours = 0.2388, lens = 0.24, |diff| = 0.0012, tol = 0.005
PASS 0.0011999999999999789 <= 0.00500000000000000: symbolic, constant
  Le exp(3L) at 0.04c: ours = 1.27141, lens = 1.27, |diff| = 0.00141, tol = 0.005
PASS 0.0014120370370369617 <= 0.00500000000000000: symbolic, constant
PASS 1.271412037037037 > 1.0833333333333335: symbolic, constant
  kinematic gamma at 0.04c = 1.000801 (extra 0.08% saving relative to exterior-frame clocks; negligible)
PASS 0.7612 * 109.25 yr == 83.2 yr: within 0.002; 2.62436e+09 vs 2.62559e+09 (SI)
SUMMARY: 7 pass, 0 fail, 0 undecided

--- stderr ---

