# math_run log
command:  python3 runs/2026-10-01-warp-drive-without-negative-energy/math/engineer/M-ENGINEER-04.py
started:  2026-10-01T22:30:09Z
duration: 0.3 s
exit:     0
versions: python 3.11.15, sympy 1.14.0, mpmath 1.3.0, numpy 2.4.6, scipy 1.17.1
counts:   10 PASS, 0 FAIL, 0 UNDECIDED

--- stdout ---
PASS 3*C_c*c_c**2/(7*pi*G_g*R**2) == 3*C_c*c_c**2/(7*pi*G_g*R**2): symbolic
PASS 3*C_c**2*c_c**4/(14*pi*G_g*R**2) == 3*C_c**2*c_c**4/(14*pi*G_g*R**2): symbolic
PASS -G_g*(P/(L**2*c_c**2) + rho/L**2)*(4*pi*L*P*r**3/c_c**2 + L*m)/(L**2*r**2*(-2*G_g*m/(c_c**2*r) + 1)) == -G_g*(P/c_c**2 + rho)*(4*pi*P*r**3/c_c**2 + m)/(L**3*r**2*(-2*G_g*m/(c_c**2*r) + 1)): symbolic
PASS lim R->oo of 3*C_c*c_c**2/(7*pi*G_g*R**2) == 0: symbolic limit 0
  R2 at nuclear mean density (m): ours = 15153.7, lens = 15000, rel diff = 0.0102, rtol = 0.03
PASS 0.010247207538259584 <= 0.0300000000000000: symbolic, constant
  M there (M_sun): ours = 1.71895, lens = 1.7, rel diff = 0.0111, rtol = 0.03
PASS 0.011147656639356684 <= 0.0300000000000000: symbolic, constant
  R2 at osmium mean density (m): ours = 5.21822e+10, lens = 5.2e+10, rel diff = 0.0035, rtol = 0.02
PASS 0.0035045648983877964 <= 0.0200000000000000: symbolic, constant
  M there (M_sun): ours = 5.91926e+06, lens = 5.9e+06, rel diff = 0.00326, rtol = 0.02
PASS 0.0032640900478666524 <= 0.0200000000000000: symbolic, constant
PASS c^2/(G*1 m^2) has the dimension of kg/m^3: dimensional analysis
PASS 0.335*c^2*15.2 km/(2*G) == 1.72 Msun: within 0.02; 3.42842e+30 vs 3.42006e+30 (SI)
SUMMARY: 10 pass, 0 fail, 0 undecided

--- stderr ---

