# math_run log
command:  python3 runs/2026-10-01-warp-drive-without-negative-energy/math/engineer/M-ENGINEER-03.py
started:  2026-10-01T22:30:09Z
duration: 0.3 s
exit:     0
versions: python 3.11.15, sympy 1.14.0, mpmath 1.3.0, numpy 2.4.6, scipy 1.17.1
counts:   18 PASS, 0 FAIL, 0 UNDECIDED

--- stdout ---
rho_nuc = 2.68e+17 kg/m^3, rho_nuc c^2 = 2.409e+34 Pa
  mass gap vs ISS: ours = 22.0313, lens = 22, |diff| = 0.0313, tol = 0.05
PASS 0.03130798931654155 <= 0.0500000000000000: symbolic, constant
  Mc^2 (J): ours = 4.05428e+44, lens = 4e+44, rel diff = 0.0136, rtol = 0.02
PASS 0.013571152820445853 <= 0.0200000000000000: symbolic, constant
  energy gap vs world-year: ours = 23.8371, lens = 23.8, |diff| = 0.0371, tol = 0.05
PASS 0.03706222131141956 <= 0.0500000000000000: symbolic, constant
  density gap vs osmium: ours = 18.8309, lens = 18.8, |diff| = 0.0309, tol = 0.05
PASS 0.03086858889623656 <= 0.0500000000000000: symbolic, constant
  density gap vs nuclear: ours = 5.75686, lens = 5.8, |diff| = 0.0431, tol = 0.05
PASS 0.04313896775746251 <= 0.0500000000000000: symbolic, constant
  stress gap vs 1 TPa: ours = 27.5882, lens = 27.6, |diff| = 0.0118, tol = 0.05
PASS 0.011840383616910088 <= 0.0500000000000000: symbolic, constant
  stress gap vs rho_nuc c^2: ours = 5.2064, lens = 5.2, |diff| = 0.0064, tol = 0.05
PASS 0.00640221472613689 <= 0.0500000000000000: symbolic, constant
  rho_nuc c^2 (Pa): ours = 2.40856e+34, lens = 2.4e+34, rel diff = 0.00357, rtol = 0.02
PASS 0.003566509755807523 <= 0.0200000000000000: symbolic, constant
  speed gap 0.02c vs Parker 6.4e-4c: ours = 1.49485, lens = 1.5, |diff| = 0.00515, tol = 0.05
PASS 0.005149978319906046 <= 0.0500000000000000: symbolic, constant
  speed gap 0.04c vs Parker 6.4e-4c: ours = 1.79588, lens = 1.8, |diff| = 0.00412, tol = 0.05
PASS 0.0041199826559248365 <= 0.0500000000000000: symbolic, constant
x10 shell (fixed compactness, ours):
  M (kg): ours = 4.511e+28, lens = 4.5e+28, rel diff = 0.00244, rtol = 0.01
PASS 0.0024444444444444713 <= 0.0100000000000000: symbolic, constant
  M in M_J: ours = 23.7656, lens = 23.8, |diff| = 0.0344, tol = 0.05
PASS 0.034379280551281255 <= 0.0500000000000000: symbolic, constant
  mass gap: ours = 23.0313, lens = 23, |diff| = 0.0313, tol = 0.05
PASS 0.03130798931654155 <= 0.0500000000000000: symbolic, constant
  energy gap: ours = 24.8371, lens = 24.8, |diff| = 0.0371, tol = 0.05
PASS 0.03706222131141956 <= 0.0500000000000000: symbolic, constant
  density over nuclear: ours = 3.75686, lens = 3.8, |diff| = 0.0431, tol = 0.05
PASS 0.04313896775746251 <= 0.0500000000000000: symbolic, constant
  stress over 1 TPa: ours = 25.5882, lens = 25.6, |diff| = 0.0118, tol = 0.05
PASS 0.011840383616910088 <= 0.0500000000000000: symbolic, constant
PASS 4.511e27 kg * c^2 == 4.054e44 J: within 0.002; 4.05428e+44 vs 4.054e+44 (SI)
PASS 1 kg/m^3 * c^2 has the dimension of Pa: dimensional analysis
SUMMARY: 18 pass, 0 fail, 0 undecided

--- stderr ---

