# math_run log
command:  python3 runs/2026-10-01-warp-drive-without-negative-energy/math/decomposer/M-DECOMPOSER-09.py
started:  2026-10-01T21:41:40Z
duration: 0.3 s
exit:     1
versions: python 3.11.15, sympy 1.14.0, mpmath 1.3.0, numpy 2.4.6, scipy 1.17.1
counts:   6 PASS, 2 FAIL, 0 UNDECIDED

--- stdout ---
f = 0.001: C = 3.334e-04, beta_NEC/C = 0.2999, beta_adv/beta_NEC = 21.0
f = 0.01: C = 3.334e-03, beta_NEC/C = 0.0900, beta_adv/beta_NEC = 70.0
f = 0.1: C = 3.334e-02, beta_NEC/C = 0.0840, beta_adv/beta_NEC = 80.4
f = 0.5: C = 1.667e-01, beta_NEC/C = 0.0792
f = 1.0: C = 3.334e-01, beta_NEC/C = 0.0738
advance/NEC factors: [21.0, 70.0, 80.4] -> claimed '8 to 80'
FAIL 20.999999999999996 == 8: relative tolerance 0.25; 21 vs 8 (SI)
PASS 80.35714285714286 == 80: within 0.05; 80.3571 vs 80 (SI)
beta_NEC/C for rows above the lowest: [0.09, 0.084, 0.0792, 0.0738] -> claimed 0.074-0.084
FAIL 0.08998200359928014 == 0.084: relative tolerance 0.03; 0.089982 vs 0.084 (SI)
PASS 0.07378524295140973 == 0.074: within 0.03; 0.0737852 vs 0.074 (SI)
f=0.01 row with +-6e-5: ratio in [0.072, 0.108]
extrapolation to 8/9 with 0.074-0.084: 0.06577777777777777 0.07466666666666667 ; with 0.091: 0.08088888888888889
PASS 0.07466666666666667 == 0.07: within 0.08; 0.0746667 vs 0.07 (SI)
0.02 vs cap 0.0246: below by 0.1869918699186992
PASS 0.1869918699186992 == 0.20: within 0.1; 0.186992 vs 0.2 (SI)
PASS 4.49e27 / 1e5 == 4.5e22: within 0.01; 4.49e+22 vs 4.5e+22 (SI)
extra Shapiro delay, D 1e3 -> 1e5 m, f = 0.01: 2.05 ns vs advance 1.87 ns -> at D = 1e5 m excess ~ +0.18 ns
PASS 2.048781441807165 > 1.87000000000000: symbolic, constant
SUMMARY: 6 pass, 2 fail, 0 undecided

--- stderr ---

