# math_run log
command:  python3 runs/2026-10-01-warp-drive-without-negative-energy/math/decomposer/M-DECOMPOSER-04.py
started:  2026-10-01T21:36:49Z
duration: 0.5 s
exit:     0
versions: python 3.11.15, sympy 1.14.0, mpmath 1.3.0, numpy 2.4.6, scipy 1.17.1
counts:   7 PASS, 0 FAIL, 0 UNDECIDED

--- stdout ---
PASS 4*GM*(log(D/R) + 1) == 2*GM*(2*log(D) - 2*log(R) + 2): symbolic
PASS 6.674e-11 m^3/(kg s^2) * 4.49e27 kg / (3e8 m/s)^3 has the dimension of time: dimensional analysis
D = 1e+02 m: thin-shell (R=15 m) weak-field excess = 128.9 ns
D = 1e+03 m: thin-shell (R=15 m) weak-field excess = 231.3 ns
D = 1e+05 m: thin-shell (R=15 m) weak-field excess = 436.2 ns
PASS 231.3282427399616 ns == 231 ns: within 0.01; 2.31328e-07 vs 2.31e-07 (SI)
PASS 128.88917064960336 ns == 100 ns: within 0.35; 1.28889e-07 vs 1e-07 (SI)
PASS 436.206386920678 ns == 450 ns: within 0.05; 4.36206e-07 vs 4.5e-07 (SI)
thick-shell weak-field excess, D = 1e3 m: 229.0 ns; strong-field claim 240.0 ns -> diff 4.6 %
compactness 2GM/(c^2 R2) = 0.3334
PASS 2*G*4.49e+27 kg/(c^2*20 m) == 0.333: within 0.005; 0.333435 vs 0.333 (SI)
PASS lim GM->0 of 2*GM*(2*log(D/R) + 2) == 0: symbolic limit 0
SUMMARY: 7 pass, 0 fail, 0 undecided

--- stderr ---

