# math_run log
command:  python3 runs\2026-10-03-traversable-wormhole-shortcuts\math\engineer\M-ENGINEER-14.py
started:  2026-10-08T12:12:50Z
duration: 2.3 s
exit:     0
versions: python 3.14.6, sympy 1.14.0, mpmath 1.3.0, numpy 2.5.2, scipy 1.18.0
counts:   11 PASS, 0 FAIL, 0 UNDECIDED

--- stdout ---
photon-sphere roots: [3*M/2 - sqrt(9*M**2 - 8*Qc**2)/2, 3*M/2 + sqrt(9*M**2 - 8*Qc**2)/2]
PASS (2*M/(3*M/2 + sqrt(9*M**2 - 8*Qc**2)/2)**2 - 2*Qc**2/(3*M/2 + sqrt(9*M**2 - 8*Qc**2)/2)**3)/(3*M/2 + sqrt(9*M**2 - 8*Qc**2)/2)**2 - 2*(-2*M/(3*M/2 + sqrt(9*M**2 - 8*Qc**2)/2) + Qc**2/(3*M/2 + sqrt(9*M**2 - 8*Qc**2)/2)**2 + 1)/(3*M/2 + sqrt(9*M**2 - 8*Qc**2)/2)**3 == 0: symbolic
PASS 3*sqrt(3)*M == 3*sqrt(3)*M: symbolic
PASS 4*M == 4*M: symbolic
PASS lim Qc->0 of (3*M/2 + sqrt(9*M**2 - 8*Qc**2)/2)/(M*sqrt(-2*M/(3*M/2 + sqrt(9*M**2 - 8*Qc**2)/2) + Qc**2/(3*M/2 + sqrt(9*M**2 - 8*Qc**2)/2)**2 + 1)) == 3*sqrt(3): symbolic limit 3*sqrt(3)
PASS 0.769800358919501 m/m == 0.770 m/m: within 0.001; 0.7698 vs 0.77 (SI)
PASS 21.044125578498296 m/m == 21 m/m: within 0.01; 21.0441 vs 21 (SI)
PASS 8*G*1e4*Msun/c^2/(1 kpc) has the dimension of dimensionless: dimensional analysis
PASS 0.7896503484507549 m/m == 0.79 m/m: within 0.01; 0.78965 vs 0.79 (SI)
gaps: EHT 1 kpc 1.42, 10 kpc 2.42; echo 3.67; S2 2.60, 1.30
PASS 3.6720978579357175 m/m == 3.7 m/m: within 0.01; 3.6721 vs 3.7 (SI)
PASS 2.6020599913279625 m/m == 2.6 m/m: within 0.01; 2.60206 vs 2.6 (SI)
PASS 1.3010299956639813 m/m == 1.3 m/m: within 0.01; 1.30103 vs 1.3 (SI)
SUMMARY: 11 pass, 0 fail, 0 undecided

--- stderr ---

