# math_run log
command:  python3 runs\2026-10-03-traversable-wormhole-shortcuts\math\engineer\M-ENGINEER-04.py
started:  2026-10-08T12:08:30Z
duration: 1.6 s
exit:     0
versions: python 3.14.6, sympy 1.14.0, mpmath 1.3.0, numpy 2.5.2, scipy 1.18.0
counts:   11 PASS, 0 FAIL, 0 UNDECIDED

--- stdout ---
PASS -sqrt(-2*M/a + 1)/(2*pi*a) == -sqrt(-2*M/a + 1)/(2*pi*a): symbolic
PASS lim M->0 of -sqrt(-2*M/a + 1)/(2*pi*a) == -1/(2*pi*a): symbolic limit -1/(2*pi*a)
PASS -2*a == -2*a: symbolic
PASS c^4/(2*pi*G*1 m) has the dimension of J/m^2: dimensional analysis
PASS c^4/(2*pi*G*1 m) == 1.926e43 J/m^2: within 0.002; 1.92618e+43 vs 1.926e+43 (SI)
PASS c^4/(2*pi*G*0.1 m) == 1.926e44 J/m^2: within 0.002; 1.92618e+44 vs 1.926e+44 (SI)
PASS c^4/(2*pi*G*1 um) == 1.926e49 J/m^2: within 0.002; 1.92618e+49 vs 1.926e+49 (SI)
PASS 2*(1 m)*c^2/G == 2.69e27 kg: within 0.003; 2.69318e+27 vs 2.69e+27 (SI)
a = 1 m: gap = 50.55 orders
a = 0.1 m: gap = 51.55 orders
a = 1e-06 m: gap = 56.55 orders
equality a = 3.556e+50 m; vs 4.4e26 m: 23.9 orders
PASS 50.55092309399452 m/m == 50.55 m/m: within 0.002; 50.5509 vs 50.55 (SI)
PASS 56.55092309399452 m/m == 56.55 m/m: within 0.002; 56.5509 vs 56.55 (SI)
PASS 3.5556834801836816e+50 m == 3.6e50 m: within 0.02; 3.55568e+50 vs 3.6e+50 (SI)
SUMMARY: 11 pass, 0 fail, 0 undecided

--- stderr ---

