# math_run log
command:  python3 runs\2026-10-03-traversable-wormhole-shortcuts\math\engineer\M-ENGINEER-02.py
started:  2026-10-08T12:08:25Z
duration: 1.8 s
exit:     0
versions: python 3.14.6, sympy 1.14.0, mpmath 1.3.0, numpy 2.5.2, scipy 1.18.0
counts:   20 PASS, 0 FAIL, 0 UNDECIDED

--- stdout ---
PASS -1/(8*pi*b0**2) == -1/(8*pi*b0**2): symbolic
PASS -2*b0 == -2*b0: symbolic
PASS -b0 == -b0: symbolic
PASS lim b0->oo of -1/(8*pi*b0**2) == 0: symbolic limit 0
PASS c^4/(8*pi*G*(1 m)^2) has the dimension of pressure or energy density: dimensional analysis
PASS c^4/(8*pi*G*(1 m)^2) == 4.815e42 J/m^3: within 0.002; 4.81545e+42 vs 4.815e+42 (SI)
PASS c^4/(8*pi*G*(0.1 m)^2) == 4.815e44 J/m^3: within 0.002; 4.81545e+44 vs 4.815e+44 (SI)
PASS c^4/(8*pi*G*(1 um)^2) == 4.815e54 J/m^3: within 0.002; 4.81545e+54 vs 4.815e+54 (SI)
PASS 2*(1 m)*c^2/G == 2.69e27 kg: within 0.003; 2.69318e+27 vs 2.69e+27 (SI)
PASS 2*(1 um)*c^2/G == 2.69e21 kg: within 0.003; 2.69318e+21 vs 2.69e+21 (SI)
PASS 2*(1.5e7 m)*c^2/G == 4.04e34 kg: within 0.003; 4.03977e+34 vs 4.04e+34 (SI)
PASS c^4/(8*pi*G*(1.5e7 m)^2) == 2.14e28 J/m^3: within 0.003; 2.1402e+28 vs 2.14e+28 (SI)
PASS pi^2*hbar*c/(720*(0.2 um)^4) == 0.271 J/m^3: within 0.003; 0.27086 vs 0.271 (SI)
PASS pi^2*hbar*c/(240*(0.2 um)^4) == 0.813 Pa: within 0.003; 0.812579 vs 0.813 (SI)
PASS pi^2*hbar*c/(720*(0.2 um)^3) == 5.42e-8 J/m^2: within 0.003; 5.41719e-08 vs 5.42e-08 (SI)
b0 = 1 m: gap vs Casimir 0.2 um = 43.25, vs 10 nm = 38.05
b0 = 0.1 m: gap vs Casimir 0.2 um = 45.25, vs 10 nm = 40.05
b0 = 1e-06 m: gap vs Casimir 0.2 um = 55.25, vs 10 nm = 50.05
b0 = 1.5e+07 m: gap vs Casimir 0.2 um = 28.90, vs 10 nm = 23.69
equality radius b0 = 4.216e+21 m = 4.457e+05 ly
plate area for |Omega| c^2 at b0 = 1 m: 4.468e+51 m^2; vs Earth surface 5.1e14 m^2: 36.9 orders
PASS 43.24989309833054 m/m == 43.25 m/m: within 0.002; 43.2499 vs 43.25 (SI)
PASS 55.24989309833054 m/m == 55.25 m/m: within 0.002; 55.2499 vs 55.25 (SI)
PASS 38.04577311567462 m/m == 38.05 m/m: within 0.003; 38.0458 vs 38.05 (SI)
PASS 4.216446062849424e+21 m == 4.2e21 m: within 0.01; 4.21645e+21 vs 4.2e+21 (SI)
PASS 4.468203639934257e+51 m^2 == 4.5e51 m^2: within 0.02; 4.4682e+51 vs 4.5e+51 (SI)
SUMMARY: 20 pass, 0 fail, 0 undecided

--- stderr ---

