# math_run log
command:  python3 runs\2026-10-03-traversable-wormhole-shortcuts\math\engineer\M-ENGINEER-13.py
started:  2026-10-08T12:12:47Z
duration: 2.3 s
exit:     0
versions: python 3.14.6, sympy 1.14.0, mpmath 1.3.0, numpy 2.5.2, scipy 1.18.0
counts:   8 PASS, 0 FAIL, 0 UNDECIDED

--- stdout ---
PASS lim n->oo of n*(1 - 1/2**(1/n)) == log(2): symbolic limit log(2)
PASS -log(80*Nq**2) + log(320*Nq**2) == log(4): symbolic
N=20: gates=32000, log10(g/164)=2.29, eps=2.166e-05, log10(eps_demo/eps)=2.29
N=50: gates=200000, log10(g/164)=3.09, eps=3.466e-06, log10(eps_demo/eps)=3.09
N=100: gates=800000, log10(g/164)=3.69, eps=8.664e-07, log10(eps_demo/eps)=3.69
PASS 0.0042175880869741444 m/m == 4.2e-3 m/m: within 0.01; 0.00421759 vs 0.0042 (SI)
PASS 2.1660614798024724e-05 m/m == 2.2e-5 m/m: within 0.02; 2.16606e-05 vs 2.2e-05 (SI)
PASS 8.664336003105788e-07 m/m == 8.7e-7 m/m: within 0.01; 8.66434e-07 vs 8.7e-07 (SI)
PASS 2.2903061302722083 m/m == 2.3 m/m: within 0.01; 2.29031 vs 2.3 (SI)
PASS 3.688246138944246 m/m == 3.7 m/m: within 0.01; 3.68825 vs 3.7 (SI)
PASS 0.6020599913279624 m/m == 0.6 m/m: within 0.01; 0.60206 vs 0.6 (SI)
SUMMARY: 8 pass, 0 fail, 0 undecided

--- stderr ---

