# math_run log
command:  python3 runs/2026-10-01-warp-drive-without-negative-energy/math/dialectician/M-DIALECTICIAN-06.py
started:  2026-10-01T22:12:35Z
duration: 0.9 s
exit:     0
versions: python 3.11.15, sympy 1.14.0, mpmath 1.3.0, numpy 2.4.6, scipy 1.17.1
counts:   10 PASS, 0 FAIL, 0 UNDECIDED

--- stdout ---
n^mu = [1/alpha, -b/alpha, 0, 0]  n.n = -1
PASS -1 == -1: symbolic
PASS b/alpha == b/alpha: symbolic
PASS -b == -b: symbolic
PASS 1 - sqrt(alpha**2 - b**2)/alpha == 1 - sqrt(1 - b**2/alpha**2): symbolic
PASS lim b->0 of 1 - sqrt(alpha**2 - b**2)/alpha == 0: symbolic limit 0
alpha_in = 0.76072: b/alpha = 0.02629 c; Killing-time crossing of 20 m = 3.3356e-06 s; local (static-frame) crossing = 2.5375e-06 s; deficit = 3.4567e-04; per Julian year = 1.0908e+04 s
PASS 0.026290962404269494 == 0.026: within 0.02; 0.026291 vs 0.026 (SI)
PASS 20 m/(0.02*c) == 3.3e-6 s: within 0.02; 3.33564e-06 vs 3.3e-06 (SI)
PASS 0.0003456670949416596 == 3.4e-4: within 0.02; 0.000345667 vs 0.00034 (SI)
PASS 0.0003456670949416596*3.15576e7 s == 1.1e4 s: within 0.03; 10908.4 vs 11000 (SI)
PASS 20 m/(0.02*c) has the dimension of s: dimensional analysis
SUMMARY: 10 pass, 0 fail, 0 undecided

--- stderr ---

