# math_run log
command:  python3 runs/2026-10-01-warp-drive-without-negative-energy/math/dialectician/M-DIALECTICIAN-02.py
started:  2026-10-01T22:09:08Z
duration: 1.7 s
exit:     0
versions: python 3.11.15, sympy 1.14.0, mpmath 1.3.0, numpy 2.4.6, scipy 1.17.1
counts:   13 PASS, 0 FAIL, 0 UNDECIDED

--- stdout ---
coefficient of phi_xx^2 (delta^2 term): 0
PASS 0 == 0: symbolic
PASS 2*pyy + 2*pzz == 2*pyy + 2*pzz: symbolic
smooth    : [g'] = 0.0, 16pi*bulk = 0.0, 16pi*sheet = 0.0, total = 0.0
C1 (q=1)  : [g'] = 0.0, 16pi*bulk = -7.88860905221e-31, 16pi*sheet = 0.0, total = -7.8886e-31
C0 (k=1)  : [g'] = 1.0, 16pi*bulk = 6.28318530718, 16pi*sheet = -6.28318530718, total = 1.5777e-30
C0 (k=4)  : [g'] = 4.0, 16pi*bulk = 25.1327412287, 16pi*sheet = -25.1327412287, total = 0.0
C0 (k=-1) : [g'] = -1.0, 16pi*bulk = -6.28318530718, 16pi*sheet = 6.28318530718, total = 1.5777e-30
PASS 0.0 == 0: symbolic
PASS -7.888609052210118054117286E-31 == 0: numeric at 48 points, constants
C0 (k=1) bulk nonzero: True  bulk+sheet: 1.5777e-30
PASS 6.28318530717958647692528676656 is positive: symbolic, constant
PASS 1.577721810442023610823457E-30 == 0: numeric at 48 points, constants
C0 (k=4) bulk nonzero: True  bulk+sheet: 0.0
PASS 25.1327412287183459077011470662 is positive: symbolic, constant
PASS 0.0 == 0: symbolic
C0 (k=-1) bulk nonzero: True  bulk+sheet: 1.5777e-30
PASS 6.28318530717958647692528676656 is positive: symbolic, constant
PASS 1.577721810442023610823457E-30 == 0: numeric at 48 points, constants
bulk(k=4)/bulk(k=1) = 4.0 (not exactly 4 here because my g also changes with k away from x=0)
C0 (k=1) 4 g(0)[g'] int h'^2 int h^2 = 6.28318530718
PASS 6.283185307179586 m == 6.283185307179586 m: within 1e-12; 6.28319 vs 6.28319 (SI)
C0 (k=4) 4 g(0)[g'] int h'^2 int h^2 = 25.1327412287
PASS 25.132741228718345 m == 25.132741228718345 m: within 1e-12; 25.1327 vs 25.1327 (SI)
PASS lim kk->0 of 2*pi*kk == 0: symbolic limit 0
SUMMARY: 13 pass, 0 fail, 0 undecided

--- stderr ---

