# math_run log
command:  python3 runs\2026-10-03-traversable-wormhole-shortcuts\math\constraints\M-CONSTRAINTS-13.py
started:  2026-10-08T12:22:21Z
duration: 0.8 s
exit:     0
versions: python 3.14.6, sympy 1.14.0, mpmath 1.3.0, numpy 2.5.2, scipy 1.18.0
counts:   10 PASS, 0 FAIL, 0 UNDECIDED

--- stdout ---
PASS T_ext/T_thru < 1: numeric at 50 points, T_ext in [0.1, 1], T_thru in [1.01, 10]
PASS T_ext + T_thru == T_ext + T_thru: symbolic
PASS -tau is negative: symbolic, tau in [0.1, 10]
PASS T_ext == T_ext: symbolic
pi l / c = 9424.77796076938 yr
PASS 0.00002355853905790919 < 0.00300000000000000: symbolic, constant
PASS 0.000507214519042288 < 0.00300000000000000: symbolic, constant
PASS 0.0005072145190424012 < 0.00300000000000000: symbolic, constant
PASS 0.0006665563273748158 < 0.00300000000000000: symbolic, constant
PASS (2 m - 1000 m) / c == -3.33e-6 s: within 0.003; -3.32897e-06 vs -3.33e-06 (SI)
PASS 3.14159265 * 3000 ly / c == 9425 yr: within 0.003; 2.97423e+11 vs 2.9743e+11 (SI)
SUMMARY: 10 pass, 0 fail, 0 undecided

--- stderr ---

