# math_run log
command:  python3 runs\2026-10-03-traversable-wormhole-shortcuts\math\constraints\M-CONSTRAINTS-16.py
started:  2026-10-08T12:22:46Z
duration: 0.8 s
exit:     0
versions: python 3.14.6, sympy 1.14.0, mpmath 1.3.0, numpy 2.5.2, scipy 1.18.0
counts:   13 PASS, 0 FAIL, 0 UNDECIDED

--- stdout ---
PASS hbar*c/(kB * 3000 ly) == 8.1e-23 K: within 0.005; 8.06803e-23 vs 8.1e-23 (SI)
PASS hbar*c/(3000 ly) == 6.95e-27 eV: within 0.005; 1.11391e-45 vs 1.11351e-45 (SI)
PASS 2.725 K / (hbar*c/(kB * 3000 ly)) == 3.4e22: within 0.01; 3.37753e+22 vs 3.4e+22 (SI)
q = 2113980849535012.8
PASS 16 * (2e-19 m)^3 / (l_P^2 * 2113980849535012.8) == 0.232 m: within 0.005; 0.231787 vs 0.232 (SI)
PASS 3.14159265 * 16 * (2e-19 m)^3 / (l_P^2 * 2113980849535012.8) / c == 2.43 ns: within 0.005; 2.42895e-09 vs 2.43e-09 (SI)
PASS l_P^2 * 2113980849535012.8^2 * hbar * c / (256 * (2e-19 m)^3) == 1.80e-11 J: within 0.005; 1.80214e-11 vs 1.8e-11 (SI)
PASS l_P^2 * 2113980849535012.8^2 * hbar * c / (256 * (2e-19 m)^3) == 112.5 MeV: within 0.005; 1.80214e-11 vs 1.80245e-11 (SI)
PASS 2e-19 m * c^2/G == 2.69e8 kg: within 0.003; 2.69318e+08 vs 2.69e+08 (SI)
PASS hbar*c/(kB * 16 * (2e-19 m)^3 / (l_P^2 * 2113980849535012.8)) == 9.9e-3 K: within 0.005; 0.00987926 vs 0.0099 (SI)
PASS l_P^2 * 2113980849535012.8^2 * hbar * c / (256 * (2e-19 m)^3) / (1 kg * c^2) == 2.0e-28: within 0.01; 2.00515e-28 vs 2e-28 (SI)
PASS 4.5e26 J / (1 kg * c^2) == 5.0e9: within 0.01; 5.00693e+09 vs 5e+09 (SI)
PASS 4.5e26 J / (70 kg * c^2) == 7.2e7: within 0.01; 7.15275e+07 vs 7.2e+07 (SI)
PASS l_P^2 * hbar * c / (2e-19 m)^3 has the dimension of energy: dimensional analysis
SUMMARY: 13 pass, 0 fail, 0 undecided

--- stderr ---

