# math_run log
command:  python3 runs\2026-10-03-traversable-wormhole-shortcuts\math\constraints\M-CONSTRAINTS-02.py
started:  2026-10-08T12:17:13Z
duration: 2.7 s
exit:     0
versions: python 3.14.6, sympy 1.14.0, mpmath 1.3.0, numpy 2.5.2, scipy 1.18.0
counts:   10 PASS, 0 FAIL, 0 UNDECIDED

--- stdout ---
R_kk = 2*En**2*(Derivative(Phi(l), l)*Derivative(r(l), l) - Derivative(r(l), (l, 2)))*exp(-2*Phi(l))/r(l)
PASS 0 == 0: symbolic
PASS 0 == 0: symbolic
PASS 0 == 0: symbolic
PASS 0 == 0: symbolic
PASS 0 == 0: symbolic
PASS -En*rp**2*exp(-Ph)/(4*pi*rr**2) is nonpositive: numeric at 50 points, En in [0.1, 10], Ph in [-5, 5], rp in [-3, 3], rr in [0.1, 10]
Phi=-b0/r ANEC direct = -0.1979808713  by parts = -0.1979808713
PASS -0.1979808712620734160084678 == -0.1979808712620734160084678: symbolic
PASS -0.19798 == -0.19798: symbolic
PASS -0.1250000000000000000000000 == -1/8: symbolic
PASS -0.19798087126207341601 < -0.12500000000000000000: symbolic, constant
SUMMARY: 10 pass, 0 fail, 0 undecided

--- stderr ---

