# math_run log
command:  python3 runs\2026-10-03-traversable-wormhole-shortcuts\math\constraints\M-CONSTRAINTS-07.py
started:  2026-10-08T12:21:05Z
duration: 3.2 s
exit:     0
versions: python 3.14.6, sympy 1.14.0, mpmath 1.3.0, numpy 2.5.2, scipy 1.18.0
counts:   12 PASS, 0 FAIL, 0 UNDECIDED

--- stdout ---
PASS 2*sqrt(2)*sqrt(pi)*sqrt(C)*l_P/f**2 == 2*sqrt(2)*sqrt(pi)*sqrt(C)*l_P/f**2: symbolic
PASS sqrt(3)*l_P/(2*sqrt(pi)*f**2) == sqrt(3)*l_P/(2*sqrt(pi)*f**2): symbolic
Fewster-Eveson Lorentzian constant: 27/(2048*pi**2*tau0**4) = 27/(2048*pi**2) /tau0^4
b0_max/l_P: FR 4886.025119029199  FE 1832.2594196359496
PASS 0.000812859094233286 < 0.00200000000000000: symbolic, constant
PASS 0.0012346555387702722 < 0.00300000000000000: symbolic, constant
PASS 4886.025119029199 * l_P == 7.9e-32 m: within 0.003; 7.89706e-32 vs 7.9e-32 (SI)
PASS lim l_P->0 of sqrt(3)*l_P/(2*sqrt(pi)*f**2) == 0: symbolic limit 0
PASS c^4/G / (8 * 3.14159265 * (1 m)^2) == 4.8e42 J/m^3: within 0.01; 4.81545e+42 vs 4.8e+42 (SI)
PASS 3 * hbar * c / (32 * 3.14159265^2 * (0.01 m)^4) == 3.0e-20 J/m^3: within 0.01; 3.00309e-20 vs 3e-20 (SI)
PASS 0.01 m / c == 3.3e-11 s: within 0.02; 3.33564e-11 vs 3.3e-11 (SI)
excess at 1 m: 1.6034995651151104e+62  at 1.5e7 m: 3.607874021508998e+76
PASS (c^4/G / (8 * 3.14159265 * (1 m)^2)) / (3 * hbar * c / (32 * 3.14159265^2 * (0.01 m)^4)) == 1.6e62: within 0.01; 1.6035e+62 vs 1.6e+62 (SI)
PASS 0.0021872281969440247 < 0.0100000000000000: symbolic, constant
PASS 0.0021872281969438087 < 0.0100000000000000: symbolic, constant
SUMMARY: 12 pass, 0 fail, 0 undecided

--- stderr ---

