# math_run log
command:  python3 runs\2026-10-03-traversable-wormhole-shortcuts\math\constraints\M-CONSTRAINTS-12.py
started:  2026-10-08T12:22:43Z
duration: 0.9 s
exit:     0
versions: python 3.14.6, sympy 1.14.0, mpmath 1.3.0, numpy 2.5.2, scipy 1.18.0
counts:   12 PASS, 0 FAIL, 0 UNDECIDED

--- stdout ---
critical l: [16*r_e**3/(G*q)]
PASS 16*r_e**3/(G*q) == 16*r_e**3/(G*q): symbolic
PASS -G*q**2/(256*r_e**3) == -G*q**2/(256*r_e**3): symbolic
PASS G**3*q**4/(32768*r_e**9) == G**3*q**4/(32768*r_e**9): symbolic
PASS G**3*q**4/(32768*r_e**9) is positive: symbolic, G in [0.1, 10], q in [0.1, 10], r_e in [0.1, 10]
PASS lim l->oo of -q/(8*l) + r_e**3/(G*l**2) == 0: symbolic limit 0
PASS 1 == 1: symbolic
PASS -pi*c/(6*L) == -pi*c/(6*L): symbolic
PASS -q/(6*l) == -q/(6*l): symbolic
PASS 4/3 == 4/3: symbolic
PASS -pi*c/(3*L) == -pi*c/(3*L): symbolic
PASS -pi*c*n/(3*L) == -pi*c*n/(3*L): symbolic
PASS -pi*c*n/(3*L) is negative: symbolic, L in [0.1, 10], c in [0.1, 10], n in [0.1, 10]
SUMMARY: 12 pass, 0 fail, 0 undecided

--- stderr ---

