# math_run log
command:  python3 runs\2026-10-03-traversable-wormhole-shortcuts\math\constraints\M-CONSTRAINTS-06.py
started:  2026-10-08T12:18:44Z
duration: 1.3 s
exit:     0
versions: python 3.14.6, sympy 1.14.0, mpmath 1.3.0, numpy 2.5.2, scipy 1.18.0
counts:   7 PASS, 0 FAIL, 0 UNDECIDED

--- stdout ---
PASS 0 == 0: symbolic
PASS 0 == 0: symbolic
V'' = -2*(12*M**2*beta2 + 3*M**2 - 10*M*a0*beta2 - 3*M*a0 + 2*a0**2*beta2 + a0**2)/(a0**3*(-2*M + a0))
critical beta^2 = -(3*M**2 - 3*M*a0 + a0**2)/(2*(-3*M + a0)*(-2*M + a0)) ; dV''/dbeta^2 = -4*(-3*M + a0)/a0**3
PASS (-3*x**2 + 3*x - 1)/(2*(6*x**2 - 5*x + 1)) == (-3*x**2 + 3*x - 1)/((1 - 3*x)*(2 - 4*x)): symbolic
PASS lim x->0 of (-3*x**2 + 3*x - 1)/((1 - 3*x)*(2 - 4*x)) == -1/2: symbolic limit -1/2
x=0.40000: crit beta^2 = 3.5000 (claimed 3.5); dV''/dbeta^2 = 0.8000 -> stable for beta^2 > crit
PASS 3.50000000000000 == 3.50000000000000: symbolic
x=0.25000: crit beta^2 = -1.7500 (claimed -1.75); dV''/dbeta^2 = -1.0000 -> stable for beta^2 < crit
PASS -1.75000000000000 == -1.75000000000000: symbolic
x=0.14766: crit beta^2 = -0.7929 (claimed -0.79); dV''/dbeta^2 = -2.2281 -> stable for beta^2 < crit
PASS -0.790000000000000 == -0.790000000000000: symbolic
SUMMARY: 7 pass, 0 fail, 0 undecided

--- stderr ---

