# math_run log
command:  python3 runs\2026-10-03-traversable-wormhole-shortcuts\math\idealizer\M-IDEALIZER-09.py
started:  2026-10-08T12:11:18Z
duration: 1.7 s
exit:     0
versions: python 3.14.6, sympy 1.14.0, mpmath 1.3.0, numpy 2.5.2, scipy 1.18.0
counts:   7 PASS, 0 FAIL, 1 UNDECIDED

--- stdout ---
PASS sqrt(M)*r_e/sqrt(m) == sqrt(M)*r_e/sqrt(m): symbolic
UNDECIDED lim m->0 of sqrt(M)*r_e/sqrt(m) == oo: symbolic limit oo
PASS sqrt(M)*r_e/sqrt(m) > r_e: numeric at 50 points, M in [2, 10], m in [0.1, 1.9], r_e in [0.1, 10]
m = 70.0 kg: ell_max = 2.548e+23 m = 2.693e+07 ly; d < pi ell = 8.461e+07 ly
PASS 2.5480368802171906e+23 m == 27000000.0 ly: within 0.02; 2.54804e+23 vs 2.5544e+23 (SI)
PASS 8.004893943966182e+23 m == 85000000.0 ly: within 0.02; 8.00489e+23 vs 8.04162e+23 (SI)
m = 1.0 kg: ell_max = 2.132e+24 m = 2.253e+08 ly; d < pi ell = 7.079e+08 ly
PASS 6.697374779561206e+24 m == 700000000.0 ly: within 0.02; 6.69737e+24 vs 6.62251e+24 (SI)
PASS 47123889.803846896 m / c == 0.157 s: within 0.005; 0.157188 vs 0.157 (SI)
PASS 1 m / c has the dimension of time: dimensional analysis
SUMMARY: 7 pass, 0 fail, 1 undecided

--- stderr ---

