# math_run log
command:  python3 runs\2026-10-03-traversable-wormhole-shortcuts\math\idealizer\M-IDEALIZER-07.py
started:  2026-10-08T12:11:13Z
duration: 2.1 s
exit:     0
versions: python 3.14.6, sympy 1.14.0, mpmath 1.3.0, numpy 2.5.2, scipy 1.18.0
counts:   8 PASS, 0 FAIL, 1 UNDECIDED

--- stdout ---
c sqrt(xi/a) = 15136670.929036947 m
  v = 0.500000 c: Ellis b0_min = 8.739e+06 m
  v = 0.707107 c: Ellis b0_min = 1.514e+07 m
  v = 0.990000 c: Ellis b0_min = 1.062e+08 m
  v = 0.999999 c: Ellis b0_min = 1.07e+10 m
PASS 15136670.929036943 m == 1.5e7 m: within 0.02; 1.51367e+07 vs 1.5e+07 (SI)
PASS 135386500.601486 m == 1.35e8 m: within 0.01; 1.35387e+08 vs 1.35e+08 (SI)
Ellis bound at MM's crossing gamma = 2e12: 3.0273341858073895e+19 m
PASS 3.0273341858073895e+19 m == 3.0e19 m: within 0.02; 3.02733e+19 vs 3e+19 (SI)
PASS v**2/(1 - v**2)**(3/2) + 1/sqrt(1 - v**2) is positive: numeric at 50 points, v in [0.01, 0.999]
UNDECIDED lim v->1 of v/sqrt(1 - v**2) == oo: symbolic limit -oo
AdS2xS2: R^th_tau th tau = 0 ; R^th_x th x = 0 ; orthonormal R^x_0x0 = r_e**(-2)
PASS 0 == 0: symbolic
PASS 0 == 0: symbolic
PASS r_e**(-2) == r_e**(-2): symbolic
PASS 15136670.929036947 m == 1.5e7 m: within 0.02; 1.51367e+07 vs 1.5e+07 (SI)
SUMMARY: 8 pass, 0 fail, 1 undecided

--- stderr ---

