# math_run log
command:  python3 runs\2026-10-03-traversable-wormhole-shortcuts\math\idealizer\M-IDEALIZER-11.py
started:  2026-10-08T12:11:37Z
duration: 2.0 s
exit:     0
versions: python 3.14.6, sympy 1.14.0, mpmath 1.3.0, numpy 2.5.2, scipy 1.18.0
counts:   10 PASS, 0 FAIL, 0 UNDECIDED

--- stdout ---
PASS sqrt(3)*sqrt(G)*sqrt(hbar)/(2*sqrt(pi)*c**(3/2)*f**2) == sqrt(3)*sqrt(G)*sqrt(hbar)/(2*sqrt(pi)*c**(3/2)*f**2): symbolic
PASS 6**(1/3)*G**(1/3)*hbar**(1/3)*r0**(1/3)/(2*pi**(1/3)*c*f**(4/3)) == 6**(1/3)*G**(1/3)*hbar**(1/3)*r0**(1/3)/(2*pi**(1/3)*c*f**(4/3)): symbolic
PASS sqrt(3)*sqrt(G)*sqrt(hbar)/(2*sqrt(pi)*c**(3/2)*f**2) == sqrt(3)*sqrt(G)*sqrt(hbar)/(2*sqrt(pi)*c**(3/2)*f**2): symbolic
PASS c^4 / (G * 1 m^2) has the dimension of J/m^3: dimensional analysis
sqrt(3/4pi) = 0.4886025119029199
PASS 0.4886 == 0.4886: symbolic
w at r0 = 1 m, f = 0.01: 1.8406747346535146e-21 m
PASS 1.8406747346535146e-21 m == 1.84e-21 m: within 0.01; 1.84067e-21 vs 1.84e-21 (SI)
PASS c^4 / (8 * 3.141592653589793 * G * 1 m * 1.8406747346535146e-21 m) == 2.6e63 J/m^3: within 0.02; 2.61614e+63 vs 2.6e+63 (SI)
PASS 0.013707783890401885 * hbar * c / (10 nm)^4 == 4.33e4 J/m^3: within 0.01; 43337.5 vs 43300 (SI)
band density / Casimir(10 nm) at r0 = 1 m: 6.046e+58
PASS 6.045568949227073e+58 == 6e58: within 0.03; 6.04557e+58 vs 6e+58 (SI)
band density at r0 = 1 ly: 1.309e+42 J/m^3; orders above Casimir: 37.480580501615506
PASS 37 == 37: within 1e-09; 37 vs 37 (SI)
SUMMARY: 10 pass, 0 fail, 0 undecided

--- stderr ---

