# math_run log
command:  python3 runs/2026-10-01-warp-drive-without-negative-energy/math/mechanist/M-MECHANIST-07.py
started:  2026-10-01T21:54:37Z
duration: 1.0 s
exit:     0
versions: python 3.11.15, sympy 1.14.0, mpmath 1.3.0, numpy 2.4.6, scipy 1.17.1
counts:   6 PASS, 0 FAIL, 0 UNDECIDED

--- stdout ---
S_ij (linear ramp) = Matrix([[0, b0*y*exp(-x**2 - y**2 - z**2)/(8*pi*tau), b0*z*exp(-x**2 - y**2 - z**2)/(8*pi*tau)], [b0*y*exp(-x**2 - y**2 - z**2)/(8*pi*tau), -b0*x*exp(-x**2 - y**2 - z**2)/(4*pi*tau), 0], [b0*z*exp(-x**2 - y**2 - z**2)/(8*pi*tau), 0, -b0*x*exp(-x**2 - y**2 - z**2)/(4*pi*tau)]])
principal stresses / [b0 |f'|/(8 pi tau)] at a sample point: [-0.94450044 -0.88900089  0.05549956]
PASS 0 == 0: symbolic
PASS lim tau->oo of 0 == 0: symbolic limit 0
max |principal stress| / [b0 |f'|/(8 pi tau)] over angles at r = 1: 0.9999999999999999
S'(15 m) = -0.20000 /m, eps(15 m) = 1.3763e+40 J/m^3
c tau = 10 m: ratio = 2.799e-01
PASS 0.279914961390171 m/m == 0.28 m/m: within 0.03; 0.279915 vs 0.28 (SI)
c tau = 989.3 m: ratio = 2.829e-03
PASS 0.002829381237228426 m/m == 2.8e-3 m/m: within 0.03; 0.00282938 vs 0.0028 (SI)
c tau = 2.998e+08 m: ratio = 9.337e-09
PASS 9.336958082853806e-09 m/m == 9.3e-9 m/m: within 0.03; 9.33696e-09 vs 9.3e-09 (SI)
PASS 10 m / (2.99792458e8 m/s) == 33 ns: within 0.02; 3.33564e-08 vs 3.3e-08 (SI)
SUMMARY: 6 pass, 0 fail, 0 undecided

--- stderr ---

