# math_run log
command:  python3 runs/2026-10-01-warp-drive-without-negative-energy/math/mechanist/M-MECHANIST-05.py
started:  2026-10-01T21:51:51Z
duration: 2.2 s
exit:     0
versions: python 3.11.15, sympy 1.14.0, mpmath 1.3.0, numpy 2.4.6, scipy 1.17.1
counts:   4 PASS, 0 FAIL, 0 UNDECIDED

--- stdout ---
worst |T0x|/eps per unit beta = 18.565 at r = 12.209 m; eps there = 1.361e+40 J/m^3
ceiling beta = 0.0539; at 0.02: 0.371; at 0.04: 0.743
  r=10.5: ratio/beta=0.002, eps=9.436e+39
  r=11: ratio/beta=2.409, eps=1.149e+40
  r=12.2: ratio/beta=18.564, eps=1.360e+40
  r=15: ratio/beta=4.665, eps=1.376e+40
  r=18: ratio/beta=16.538, eps=1.348e+40
  r=19.5: ratio/beta=0.002, eps=9.450e+39
PASS 18.565178449040726 m/m == 18.6 m/m: within 0.03; 18.5652 vs 18.6 (SI)
PASS 12.20880055824 m == 12.2 m: within 0.02; 12.2088 vs 12.2 (SI)
PASS 0.05386428160358839 m/m == 0.054 m/m: within 0.03; 0.0538643 vs 0.054 (SI)
PASS -j + rho >= 0: numeric at 50 points, j in [0, 1], rho in [1, 2]
SUMMARY: 4 pass, 0 fail, 0 undecided

--- stderr ---

