# math_run log
command:  python3 runs/2026-10-01-warp-drive-without-negative-energy/math/mechanist/M-MECHANIST-06.py
started:  2026-10-01T21:53:28Z
duration: 0.4 s
exit:     0
versions: python 3.11.15, sympy 1.14.0, mpmath 1.3.0, numpy 2.4.6, scipy 1.17.1
counts:   8 PASS, 0 FAIL, 0 UNDECIDED

--- stdout ---
PASS -1 == -1: symbolic
PASS 0 == 0: symbolic
relative speed = b/N_l
PASS b/N_l == b/N_l: symbolic
PASS lim b->0 of b/N_l == 0: symbolic limit 0
v_rel = 0.02628 c; crossing 10 m: 1.2692e-06 s; recoil (M=4.511e27): 1.746e-16 m/s
PASS 0.026281208935611037 m/m == 0.0263 m/m: within 0.002; 0.0262812 vs 0.0263 (SI)
PASS 10 m / (0.026281208935611037 * 2.99792458e8 m/s) == 1.27 us: within 0.005; 1.26921e-06 vs 1.27e-06 (SI)
PASS 1e5 kg * 0.026281208935611037 * 2.99792458e8 m/s / (4.5114e27 kg) == 1.7e-16 m/s: within 0.04; 1.74644e-16 vs 1.7e-16 (SI)
PASS 1e5 kg * 3e8 m/s / (4.5e27 kg) has the dimension of m/s: dimensional analysis
SUMMARY: 8 pass, 0 fail, 0 undecided

--- stderr ---

