# math_run log
command:  python3 runs/2026-10-01-warp-drive-without-negative-energy/math/mechanist/M-MECHANIST-10.py
started:  2026-10-01T21:54:39Z
duration: 0.6 s
exit:     0
versions: python 3.11.15, sympy 1.14.0, mpmath 1.3.0, numpy 2.4.6, scipy 1.17.1
counts:   8 PASS, 0 FAIL, 0 UNDECIDED

--- stdout ---
coordinate acceleration of a test particle at rest, first order in M: 4*M*Derivative(U(t), t)/R
PASS 4*M*Derivative(U(t), t)/R == 4*M*Derivative(U(t), t)/R: symbolic
PASS lim M->0 of 4*M/R == 0: symbolic limit 0
M=4.511e+27 kg, R=10 m: kappa = 1.34
PASS 1.340095177524078 m/m == 1.34 m/m: within 0.01; 1.3401 vs 1.34 (SI)
M=4.511e+27 kg, R=20 m: kappa = 0.67
PASS 0.670047588762039 m/m == 0.67 m/m: within 0.01; 0.670048 vs 0.67 (SI)
M=1.898e+27 kg, R=100 m: kappa = 0.05638
PASS 0.05638237922725656 m/m == 0.056 m/m: within 0.01; 0.0563824 vs 0.056 (SI)
M=1000 kg, R=1 m: kappa = 2.97e-24
PASS 2.9704641076474658e-24 m/m == 3.0e-24 m/m: within 0.01; 2.97046e-24 vs 3e-24 (SI)
M=1e+06 kg, R=10 m: kappa = 2.97e-22
PASS 2.9704641076474657e-22 m/m == 3.0e-22 m/m: within 0.01; 2.97046e-22 vs 3e-22 (SI)
PASS 4 * (6.674e-11 m^3/(kg*s^2)) * 1 kg / ((3e8 m/s)^2 * 1 m) has the dimension of 1: dimensional analysis
SUMMARY: 8 pass, 0 fail, 0 undecided

--- stderr ---

