# math_run log
command:  python3 runs/2026-10-01-warp-drive-without-negative-energy/math/mechanist/M-MECHANIST-08.py
started:  2026-10-01T21:55:00Z
duration: 0.5 s
exit:     0
versions: python 3.11.15, sympy 1.14.0, mpmath 1.3.0, numpy 2.4.6, scipy 1.17.1
counts:   16 PASS, 0 FAIL, 0 UNDECIDED

--- stdout ---
PASS (b + 1)/sqrt(1 - b**2) == sqrt(b + 1)*sqrt(1/(1 - b)): numeric at 50 points, b in [0.001, 0.99]
PASS (b + 1)**2/(1 - b**2) == (b + 1)/(1 - b): symbolic
PASS series of -1 + (b + 1)/(1 - b) about b = 0 to order 2 == 2*b: symbolic: 2*b
PASS 1.0833333333333335 m/m == 1.0833 m/m: within 0.0001; 1.08333 vs 1.0833 (SI)
PASS 5.414267928380682e+34 kg*m/s == 5.41e34 kg*m/s: within 0.003; 5.41427e+34 vs 5.41e+34 (SI)
PASS 3.378870094461072e+43 J == 3.38e43 J: within 0.003; 3.37887e+43 vs 3.38e+43 (SI)
PASS 3.378870094461072e+43 J / (2.99792458e8 m/s)^2 == 3.76e26 kg: within 0.003; 3.7595e+26 vs 3.76e+26 (SI)
PASS 3.759500000000007e+26 kg == 0.198 Mjup: within 0.005; 3.7595e+26 vs 3.75829e+26 (SI)
PASS 3.378870094461072e+43 J / (592.2e18 J) == 5.7e22: within 0.01; 5.70562e+22 vs 5.7e+22 (SI)
PASS 7.489626489473494e+20 J == 7.49e20 J: within 0.002; 7.48963e+20 vs 7.49e+20 (SI)
PASS 7.489626489473494e+20 J / (592.2e18 J) == 1.26: within 0.005; 1.26471 vs 1.26 (SI)
PASS 4.5114e+22 == 4.51e22: within 0.003; 4.5114e+22 vs 4.51e+22 (SI)
PASS 1.3263334227779652e+37 W == 1.33e37 W: within 0.005; 1.32633e+37 vs 1.33e+37 (SI)
PASS 1.3263334227779652e+37 W == 3.5e10 Lsun: within 0.02; 1.32633e+37 vs 1.3398e+37 (SI)
PASS 1223465.7134916077 s == 1.2268e6 s: within 0.005; 1.22347e+06 vs 1.2268e+06 (SI)
PASS 1 kg * (1 m/s^2) * (3e8 m/s) has the dimension of W: dimensional analysis
SUMMARY: 16 pass, 0 fail, 0 undecided

--- stderr ---

