# math_run log
command:  python3 runs/2026-10-01-warp-drive-without-negative-energy/math/mechanist/M-MECHANIST-04.py
started:  2026-10-01T21:53:28Z
duration: 0.4 s
exit:     0
versions: python 3.11.15, sympy 1.14.0, mpmath 1.3.0, numpy 2.4.6, scipy 1.17.1
counts:   9 PASS, 0 FAIL, 0 UNDECIDED

--- stdout ---
PASS 0 == 0: symbolic
PASS 0 == 0: symbolic
PASS -m/R**2 == -m/R**2: symbolic
PASS 2*M*u*(-1/R2 + 1/R1) == u*(-2*M/R2 + 2*M/R1): symbolic
PASS 4*p*(-1/R2 + 1/R1) <= -2*M/R2 + 2*M/R1: numeric at 50 points, M in [1, 2], R1 in [3, 5], R2 in [6, 10], p in [0, 0.5]
m = 3.3502 m, C1 = 0.6700, C2 = 0.3350, C1-C2 = 0.3350
PASS 0.3350237943810195 m/m == 0.335 m/m: within 0.005; 0.335024 vs 0.335 (SI)
PASS 0.05969725236069109 m/m == 0.060 m/m: within 0.01; 0.0596973 vs 0.06 (SI)
PASS 0.11939450472138217 m/m == 0.119 m/m: within 0.01; 0.119395 vs 0.119 (SI)
PASS lim R2->R1 of 2*M*u*(-1/R2 + 1/R1) == 0: symbolic limit 0
SUMMARY: 9 pass, 0 fail, 0 undecided

--- stderr ---

