# math_run log
command:  python3 runs/2026-09-30-neutron-lifetime-beam-bottle/math/constraints/M-CONSTRAINTS-12.py
started:  2026-09-30T18:37:23Z
duration: 0.6 s
exit:     0
versions: python 3.11.15, sympy 1.14.0, mpmath 1.3.0, numpy 2.4.6, scipy 1.17.1
counts:   22 PASS, 0 FAIL, 0 UNDECIDED

--- stdout ---
PASS -1/b + 1/a == (-a + b)/(a*b): symbolic
PASS series of -1/(a + d) + 1/a about d = 0 to order 2 == d/a**2: symbolic: d/a**2
PASS (9.88 s) / ((877.82 s) * (887.7 s)) has the dimension of frequency: dimensional analysis
   gap: got 9.88, lens 9.88
PASS 9.879999999999995 == 9.88: within 0.000607287; 9.88 vs 9.88 (SI)
   fraction %: got 1.11299, lens 1.113
PASS 1.112988622282302 == 1.113: within 0.000539084; 1.11299 vs 1.113 (SI)
   rate 1e-5/s: got 1.2679, lens 1.268
PASS 1.2679007339571908 == 1.268: within 0.000473186; 1.2679 vs 1.268 (SI)
   x BL1 sys 1.9: got 5.2, lens 5.2
PASS 5.1999999999999975 == 5.2: within 0.0115385; 5.2 vs 5.2 (SI)
   x BL1 total: got 4.39654, lens 4.4
PASS 4.396542295761048 == 4.4: within 0.0136364; 4.39654 vs 4.4 (SI)
   sigma of 2.2 s item: got 4.49091, lens 4.5
PASS 4.4909090909090885 == 4.5: within 0.0133333; 4.49091 vs 4.5 (SI)
   sigma of 1.7 s line: got 5.81176, lens 5.8
PASS 5.81176470588235 == 5.8: within 0.0103448; 5.81176 vs 5.8 (SI)
   sigma of 0.8 s items: got 12.35, lens 12.35
PASS 12.349999999999994 == 12.35: within 0.00809717; 12.35 vs 12.35 (SI)
   x nonlinearity 5.3: got 1.86415, lens 1.86
PASS 1.8641509433962256 == 1.86: within 0.0268817; 1.86415 vs 1.86 (SI)
   x absorption 5.4: got 1.82963, lens 1.83
PASS 1.8296296296296286 == 1.83: within 0.0273224; 1.82963 vs 1.83 (SI)
   Caylor 0.3% in s: got 2.6631, lens 2.7
PASS 2.6631 == 2.7: within 0.0222222; 2.6631 vs 2.7 (SI)
   Caylor fraction of gap: got 0.269545, lens 0.27
PASS 0.2695445344129556 == 0.27: within 0.0222222; 0.269545 vs 0.27 (SI)
   UCNtau multiple of +0.20 s: got 49.4, lens 49
PASS 49.39999999999998 == 49: within 0.0122449; 49.4 vs 49 (SI)
   Gravitrap rate 1e-6/s: got 7.92325, lens 7.9
PASS 7.923246235771314 == 7.9: within 0.00759494; 7.92325 vs 7.9 (SI)
   Gravitrap multiple of 0.6 s: got 10.3333, lens 10
PASS 10.33333333333341 == 10: within 0.04; 10.3333 vs 10 (SI)
   material weaker by: got 0.375089, lens 0.38
PASS 0.37508938802784597 == 0.38: within 0.0157895; 0.375089 vs 0.38 (SI)
   material mean: got 880.032, lens 880.03
PASS 880.0324787942898 == 880.03: within 6.81795e-06; 880.032 vs 880.03 (SI)
   material err (scaled): got 0.702268, lens 0.7
PASS 0.70226787081565 == 0.7: within 0.00857143; 0.702268 vs 0.7 (SI)
   material chi2: got 8.19088, lens 8.2
PASS 8.190877132708122 == 8.2: within 0.00731707; 8.19088 vs 8.2 (SI)
SUMMARY: 22 pass, 0 fail, 0 undecided

--- stderr ---

