# math_run log
command:  python3 runs/2026-09-30-neutron-lifetime-beam-bottle/math/constraints/M-CONSTRAINTS-08.py
started:  2026-09-30T18:35:44Z
duration: 0.5 s
exit:     1
versions: python 3.11.15, sympy 1.14.0, mpmath 1.3.0, numpy 2.4.6, scipy 1.17.1
counts:   7 PASS, 1 FAIL, 0 UNDECIDED

--- stdout ---
   Sigma0: Gamma = 8.88 keV, tau = 7.409e-20 s (PDG 7.4e-20 s)
PASS 7.408622444881955e-20 s == 7.4e-20 s: within 0.05; 7.40862e-20 vs 7.4e-20 (SI)
PASS e**2*g**2*m*theta**2*(1 - x**2)**3/(128*pi) == e**2*g**2*m*theta**2*(1 - x**2)**3/(128*pi): symbolic
PASS e**2*g**2*k**3*theta**2/(16*pi*m**2) == e**2*g**2*k**3*theta**2/(16*pi*m**2): symbolic
   m_chi 937.993: theta (1/128pi) = 2.667e-10, theta (lens 1/8pi) = 6.668e-11; tau_H = 5.880e+27 s (mine) vs 9.408e+28 s (lens form); Q = 0.790 MeV
   m_chi 938.7: theta (1/128pi) = 6.529e-10, theta (lens 1/8pi) = 1.632e-10; tau_H = 8.874e+28 s (mine) vs 1.420e+30 s (lens form); Q = 0.083 MeV
   lens theta at 937.993 (its 1/8pi form): got 6.66787e-11, lens 6.7e-11
PASS 6.667874418519463e-11 == 6.7e-11: within 0.00895522; 6.66787e-11 vs 6.7e-11 (SI)
   lens theta at 938.7 (its 1/8pi form): got 1.63213e-10, lens 1.6e-10
PASS 1.6321294565500608e-10 == 1.6e-10: within 0.0375; 1.63213e-10 vs 1.6e-10 (SI)
   lens tau_H low (1e29 s): got 0.940836, lens 0.94
PASS 0.9408358260413523 == 0.94: within 0.00638298; 0.940836 vs 0.94 (SI)
   lens tau_H high (1e29 s): got 14.1983, lens 14
PASS 14.198258418905247 == 14: within 0.0428571; 14.1983 vs 14 (SI)
   theta at 937.993 with 1/(128 pi) vs lens (expected FAIL: 4x): got 2.66715e-10, lens 6.7e-11
FAIL 2.6671497674077853e-10 == 6.7e-11: relative tolerance 0.0895522; 2.66715e-10 vs 6.7e-11 (SI)
SUMMARY: 7 pass, 1 fail, 0 undecided

--- stderr ---

