# math_run log
command:  python3 runs/2026-09-30-neutron-lifetime-beam-bottle/math/constraints/M-CONSTRAINTS-13.py
started:  2026-09-30T18:37:24Z
duration: 0.7 s
exit:     0
versions: python 3.11.15, sympy 1.14.0, mpmath 1.3.0, numpy 2.4.6, scipy 1.17.1
counts:   7 PASS, 0 FAIL, 0 UNDECIDED

--- stdout ---
PASS p == p: symbolic
   P per passage: got 0.000158114, lens 0.00016
PASS 0.00015811388300841897 == 0.00016: within 0.0375; 0.000158114 vs 0.00016 (SI)
   shortfall factor: got 70.3916, lens 70
PASS 70.39158112529844 == 70: within 0.0142857; 70.3916 vs 70 (SI)
   regeneration at P = 0.167: got 0.027889, lens 0.03
PASS 0.027889000000000004 == 0.03: within 0.1; 0.027889 vs 0.03 (SI)
   over limit: got 1.11556e+06, lens 1.1e+06
PASS 1115560.0000000002 == 1100000.0: within 0.0545455; 1.11556e+06 vs 1.1e+06 (SI)
   tau ratio worked example: got 1.00432, lens 1.0043
PASS 1.0043185698503565 == 1.0043: within 5.97431e-05; 1.00432 vs 1.0043 (SI)
   resonance field for dm = 280 neV: 4.64 T (lies between 4.6 T trap and 6.6 T SNS solenoid)
PASS 4.642910441573947 == 4.64: within 0.01; 4.64291 vs 4.64 (SI)
   P = 0.167 implies |dB/dz| = 67.92 T/m at the resonance
SUMMARY: 7 pass, 0 fail, 0 undecided

--- stderr ---

