# math_run log
command:  python3 runs/2026-09-30-neutron-lifetime-beam-bottle/math/constraints/M-CONSTRAINTS-04.py
started:  2026-09-30T18:33:47Z
duration: 0.5 s
exit:     0
versions: python 3.11.15, sympy 1.14.0, mpmath 1.3.0, numpy 2.4.6, scipy 1.17.1
counts:   20 PASS, 0 FAIL, 0 UNDECIDED

--- stdout ---
PASS T == T: symbolic
   superallowed row: got 0.998246, lens 0.99825
PASS 0.9982460006 == 0.99825: within 6.01052e-06; 0.998246 vs 0.99825 (SI)
   superallowed sigma: got 0.000730532, lens 0.00073
PASS 0.0007305318963037548 == 0.00073: within 0.00821918; 0.000730532 vs 0.00073 (SI)
   superallowed z: got -2.40099, lens -2.4
PASS -2.400989482970736 == -2.4: within 0.025; -2.40099 vs -2.4 (SI)
   UCNtau+PERKEO III row: got 0.998979, lens 0.99898
PASS 0.998979041409902 == 0.99898: within 6.00613e-05; 0.998979 vs 0.99898 (SI)
   UCNtau+PERKEO III sigma: got 0.000874591, lens 0.00087
PASS 0.0008745906094292658 == 0.00087: within 0.0172414; 0.000874591 vs 0.00087 (SI)
   UCNtau+PERKEO III z: got -1.16736, lens -1.2
PASS -1.1673559938680758 == -1.2: within 0.05; -1.16736 vs -1.2 (SI)
   BL1+PERKEO III row: got 0.988421, lens 0.98842
PASS 0.9884206807110738 == 0.98842: within 6.07029e-05; 0.988421 vs 0.98842 (SI)
   BL1+PERKEO III sigma: got 0.00250796, lens 0.00251
PASS 0.0025079570526268594 == 0.00251: within 0.0059761; 0.00250796 vs 0.00251 (SI)
   BL1+PERKEO III z: got -4.61703, lens -4.6
PASS -4.617032527250775 == -4.6: within 0.0130435; -4.61703 vs -4.6 (SI)
   BL1+aSPECT 2024 row: got 1.00025, lens 1.00025
PASS 1.0002503052382694 == 1.00025: within 5.9985e-05; 1.00025 vs 1.00025 (SI)
   BL1+aSPECT 2024 sigma: got 0.00414858, lens 0.00415
PASS 0.004148575475017193 == 0.00415: within 0.00361446; 0.00414858 vs 0.00415 (SI)
   BL1+aSPECT 2024 z: got 0.0603352, lens 0.1
PASS 0.060335225856864294 == 0.1: within 0.6; 0.0603352 vs 0.1 (SI)
   UCNtau+aSPECT 2024 row: got 1.01094, lens 1.01094
PASS 1.0109418101925585 == 1.01094: within 5.93507e-05; 1.01094 vs 1.01094 (SI)
   UCNtau+aSPECT 2024 sigma: got 0.0034316, lens 0.00343
PASS 0.0034316045284159677 == 0.00343: within 0.00437318; 0.0034316 vs 0.00343 (SI)
   UCNtau+aSPECT 2024 z: got 3.18854, lens 3.2
PASS 3.188540550623768 == 3.2: within 0.01875; 3.18854 vs 3.2 (SI)
   unitary Vud: got 0.97451, lens 0.97451
PASS 0.9745103547423187 == 0.97451: within 6.15694e-06; 0.97451 vs 0.97451 (SI)
   tau_beta under exact unitarity (PDG avg): got 876.876, lens 876.88
PASS 876.8762853808724 == 876.88: within 6.84244e-05; 876.876 vs 876.88 (SI)
   tau_beta under exact unitarity (K_l3): got 876.459, lens 876.5
PASS 876.4590512108606 == 876.5: within 6.84541e-05; 876.459 vs 876.5 (SI)
   tau_beta under exact unitarity (K_mu2): got 877.163, lens 877.2
PASS 877.16263880749 == 877.2: within 6.83995e-05; 877.163 vs 877.2 (SI)
SUMMARY: 20 pass, 0 fail, 0 undecided

--- stderr ---

