# math_run log
command:  python3 runs/2026-09-30-neutron-lifetime-beam-bottle/math/dialectician/M-DIALECTICIAN-02.py
started:  2026-09-30T18:27:56Z
duration: 0.8 s
exit:     0
versions: python 3.11.15, sympy 1.14.0, mpmath 1.3.0, numpy 2.4.6, scipy 1.17.1
counts:   15 PASS, 0 FAIL, 0 UNDECIDED

--- stdout ---
old SFC tau(50)-tau(100) = -2.70 +- 8.46 s
new SFC tau(50)-tau(100) = +16.50 +- 4.66 s
interaction = +19.20 +- 9.66 s = 1.99 sigma
  old diff: mine = -2.7 s, lens = -2.7 s
PASS -2.699999999999932 s == -2.7 s: within 0.0037037; -2.7 vs -2.7 (SI)
  old err: mine = 8.45813 s, lens = 8.5 s
PASS 8.4581321815162 s == 8.5 s: within 0.00588235; 8.45813 vs 8.5 (SI)
  new diff: mine = 16.5 s, lens = 16.5 s
PASS 16.5 s == 16.5 s: within 0.000606061; 16.5 vs 16.5 (SI)
  new err: mine = 4.66476 s, lens = 4.7 s
PASS 4.66476151587624 s == 4.7 s: within 0.0106383; 4.66476 vs 4.7 (SI)
  interaction: mine = 19.2 s, lens = 19.2 s
PASS 19.199999999999932 s == 19.2 s: within 0.000520833; 19.2 vs 19.2 (SI)
  interaction err: mine = 9.65919 s, lens = 9.7 s
PASS 9.659192512834599 s == 9.7 s: within 0.00515464; 9.65919 vs 9.7 (SI)
fit: t0 = 896.89 +- 5.29 s, slope = -0.2712 +- 0.0698 s/kPa, chi2 = 4.48/2
fit at 100 kPa: 869.77 s; at 50 kPa: 883.33 s
  t0: mine = 896.888 s, lens = 896.9 s
PASS 896.8876642201712 s == 896.9 s: within 6.68971e-05; 896.888 vs 896.9 (SI)
  t0 err: mine = 5.28563 s, lens = 5.3 s
PASS 5.285633733613007 s == 5.3 s: within 0.0113208; 5.28563 vs 5.3 (SI)
  slope: mine = -0.271151 s/kPa, lens = -0.27 s/kPa
PASS -0.271150978484906 s/kPa == -0.27 s/kPa: within 0.0222222; -0.000271151 vs -0.00027 (SI)
  slope err: mine = 0.0698227 s/kPa, lens = 0.07 s/kPa
PASS 0.0698226920549066 s/kPa == 0.07 s/kPa: within 0.0857143; 6.98227e-05 vs 7e-05 (SI)
  chi2: mine = 4.47542 , lens = 4.5 
PASS 4.47541809227751  == 4.5 : within 0.0133333; 4.47542 vs 4.5 (SI)
without 50kPa/new: t0 = 866.6 +- 15.6 s, slope = +0.031 +- 0.163 s/kPa
PASS t1 == t1: symbolic
PASS 0.27 s/kPa * 100 kPa has the dimension of time: dimensional analysis
1% mis-subtraction of S_beta: 8.69 s (tau*f = 8.77 s)
  1% of S_beta: mine = 8.68515 s, lens = 9.0 s
PASS 8.685148514851448 s == 9.0 s: within 0.0388889; 8.68515 vs 9 (SI)
PASS series of T/(f + 1) about f = 0 to order 2 == -T*f + T: symbolic: -T*f + T
SUMMARY: 15 pass, 0 fail, 0 undecided

--- stderr ---

