# math_run log
command:  python3 runs/2026-09-30-neutron-lifetime-beam-bottle/math/dialectician/M-DIALECTICIAN-05.py
started:  2026-09-30T18:29:00Z
duration: 0.7 s
exit:     1
versions: python 3.11.15, sympy 1.14.0, mpmath 1.3.0, numpy 2.4.6, scipy 1.17.1
counts:   17 PASS, 1 FAIL, 0 UNDECIDED

--- stdout ---
K_eff = 4902.92 s; tau_SM(1.2724) = 883.10 s; tau_F = 893.70 s
  tau_F: mine = 893.698 s, lens = 893.7 s
PASS 893.6981902518135 s == 893.7 s: within 6.71366e-05; 893.698 vs 893.7 (SI)
partials: dtau/dl*sl = -1.514 s, dtau/db*sb = -3.852 s, Vud 0.587 s, K 0.19 s
rho(|l|,b) = -0.8: sigma = 2.79 s (l,b only), 2.86 s (+Vud,K)
rho(|l|,b) = +0.0: sigma = 4.14 s (l,b only), 4.19 s (+Vud,K)
rho(|l|,b) = +0.8: sigma = 5.14 s (l,b only), 5.18 s (+Vud,K)
  sigma low: mine = 2.86023 s, lens = 2.8 s
PASS 2.8602335813794353 s == 2.8 s: within 0.0357143; 2.86023 vs 2.8 (SI)
  sigma high: mine = 5.18165 s, lens = 5.2 s
PASS 5.181645863776741 s == 5.2 s: within 0.0192308; 5.18165 vs 5.2 (SI)
tau_F vs UCNtau: 3.06-5.52 sigma (lens 3.1-5.6)
  UCNtau low z: mine = 3.05928 , lens = 3.1 
PASS 3.059281955373437  == 3.1 : within 0.0193548; 3.05928 vs 3.1 (SI)
  UCNtau high z: mine = 5.52161 , lens = 5.6 
FAIL 5.521609362985204  == 5.6 : relative tolerance 0.0107143; 5.52161 vs 5.6 (SI)
tau_F vs J-PARC: 2.44-3.17 sigma (lens 2.4-3.2)
  J-PARC low z: mine = 2.43944 , lens = 2.4 
PASS 2.4394438158436844  == 2.4 : within 0.025; 2.43944 vs 2.4 (SI)
  J-PARC high z: mine = 3.17092 , lens = 3.2 
PASS 3.170915509876121  == 3.2 : within 0.01875; 3.17092 vs 3.2 (SI)
tau_F vs BL1: 1.06-1.65 sigma (lens 1.1-1.7)
  BL1 low z: mine = 1.06201 , lens = 1.1 
PASS 1.0620100164237818  == 1.1 : within 0.0545455; 1.06201 vs 1.1 (SI)
  BL1 high z: mine = 1.64902 , lens = 1.7 
PASS 1.6490163057233824  == 1.7 : within 0.0352941; 1.64902 vs 1.7 (SI)
b needed to match UCNtau: +0.00118 (tau_SM = 878.50 s)
  b for UCNtau: mine = 0.00118046 , lens = 0.0012 
PASS 0.0011804589835300084  == 0.0012 : within 0.05; 0.00118046 vs 0.0012 (SI)
b needed to match BL1: -0.01582 (tau_SM = 878.50 s)
  b for BL1: mine = -0.0158171 , lens = -0.0158 
PASS -0.015817092976521112  == -0.0158 : within 0.00379747; -0.0158171 vs -0.0158 (SI)
a(PERKEO) = -0.10687 (+- 0.00016); aSPECT offset 3.48 sigma (aSPECT error only), 3.41 (both); deficit 2.67%
  a: mine = -0.106871 , lens = -0.10687 
PASS -0.10687126810664908  == -0.10687 : within 5.6143e-05; -0.106871 vs -0.10687 (SI)
  a tension: mine = 3.47716 , lens = 3.48 
PASS 3.4771562276208323  == 3.48 : within 0.00172414; 3.47716 vs 3.48 (SI)
  deficit %: mine = 2.66795 , lens = 2.7 
PASS 2.6679463593561388  == 2.7 : within 0.0185185; 2.66795 vs 2.7 (SI)
PASS -6*l*(1 - l**2)/(3*l**2 + 1)**2 - 2*l/(3*l**2 + 1) == -8*l/(3*l**2 + 1)**2: symbolic
PASS lim b->0 of T/(b*x + 1) == T: symbolic limit T
PASS -T + T/(b*x + 1) is positive: numeric at 50 points, T in [800, 900], b in [-0.05, -0.001], x in [0.5, 0.8]
PASS 893.7 s - 877.82 s has the dimension of time: dimensional analysis
SUMMARY: 17 pass, 1 fail, 0 undecided

--- stderr ---

