# math_run log
command:  python3 runs/2026-09-30-neutron-lifetime-beam-bottle/math/dialectician/M-DIALECTICIAN-08.py
started:  2026-09-30T18:27:48Z
duration: 0.8 s
exit:     0
versions: python 3.11.15, sympy 1.14.0, mpmath 1.3.0, numpy 2.4.6, scipy 1.17.1
counts:   8 PASS, 0 FAIL, 0 UNDECIDED

--- stdout ---
k = 1: z = 4.359 (UCNtau upper side), 4.361 (symmetrized)
  z at k=1: mine = 4.35856 , lens = 4.36 
PASS 4.358559610782106  == 4.36 : within 0.00137615; 4.35856 vs 4.36 (SI)
k = 1.5: z = 2.920 (UCNtau upper side), 2.920 (symmetrized)
  z at k=1.5: mine = 2.91969 , lens = 2.92 
PASS 2.9196926298632757  == 2.92 : within 0.00205479; 2.91969 vs 2.92 (SI)
k = 2: z = 2.193 (UCNtau upper side), 2.194 (symmetrized)
  z at k=2: mine = 2.19348 , lens = 2.19 
PASS 2.1934767996075517  == 2.19 : within 0.00273973; 2.19348 vs 2.19 (SI)
k = 2.3: z = 1.908 (UCNtau upper side), 1.909 (symmetrized)
  z at k=2.3: mine = 1.90839 , lens = 1.91 
PASS 1.908385251542986  == 1.91 : within 0.00314136; 1.90839 vs 1.91 (SI)
5 sigma: sigma = 1.980 s
  sigma for 5 sigma: mine = 1.98 s, lens = 2.0 s
PASS 1.9800000000000182 s == 2.0 s: within 0.0255; 1.98 vs 2 (SI)
3 sigma: sigma = 3.300 s
  sigma for 3 sigma: mine = 3.3 s, lens = 3.3 s
PASS 3.3000000000000305 s == 3.3 s: within 0.0154545; 3.3 vs 3.3 (SI)
BL1 pole error 2.247 s vs gap/5 1.980 s
PASS lim k->oo of g/sqrt(k**2*s**2 + u**2) == 0: symbolic limit 0
PASS (887.7 s - 877.82 s)/(2.25 s) has the dimension of dimensionless: dimensional analysis
SUMMARY: 8 pass, 0 fail, 0 undecided

--- stderr ---

