# math_run log
command:  python3 runs/2026-09-30-neutron-lifetime-beam-bottle/math/dialectician/M-DIALECTICIAN-06.py
started:  2026-09-30T18:27:46Z
duration: 0.7 s
exit:     0
versions: python 3.11.15, sympy 1.14.0, mpmath 1.3.0, numpy 2.4.6, scipy 1.17.1
counts:   9 PASS, 0 FAIL, 0 UNDECIDED

--- stdout ---
gap = 9.88 s; f_needed = 1.1130 %
  f needed (%): mine = 1.11299 , lens = 1.113 
PASS 1.112988622282307  == 1.113 : within 0.000539084; 1.11299 vs 1.113 (SI)
0.3% loss -> tau shift 2.641 s = 26.7% of gap (linear approx 2.633 s)
  0.3% -> shift: mine = 2.64138 s, lens = 2.64 s
PASS 2.6413841524573627 s == 2.64 s: within 0.00227273; 2.64138 vs 2.64 (SI)
  fraction of gap (%): mine = 26.7347 , lens = 27 
PASS 26.734657413536073  == 27 : within 0.0222222; 26.7347 vs 27 (SI)
H2 pressure needed (linear): 3.710e-07 Pa = 3.71 x 1e-7 Pa
  pressure needed: mine = 3.70996e-07 Pa, lens = 3.7e-07 Pa
PASS 3.709962074274357e-07 Pa == 3.7e-07 Pa: within 0.0162162; 3.70996e-07 vs 3.7e-07 (SI)
(exponential-survival variant: 3.725e-07 Pa)
<0.5 s is < 5.06% of the gap
  0.5 s share (%): mine = 5.06073 , lens = 5.1 
PASS 5.060728744939274  == 5.1 : within 0.0117647; 5.06073 vs 5.1 (SI)
PASS lim f->0 of -T + T/(1 - f) == 0: symbolic limit 0
PASS series of -T + T/(1 - f) about f = 0 to order 2 == T*f: symbolic: T*f
PASS 1.113/0.3 * 1e-7 Pa == 3.71e-7 Pa: within 0.002; 3.71e-07 vs 3.71e-07 (SI)
PASS 877.82 s/(1 - 0.003) - 877.82 s has the dimension of time: dimensional analysis
SUMMARY: 9 pass, 0 fail, 0 undecided

--- stderr ---

