# math_run log
command:  python3 runs/2026-09-29-problem-of-time-quantum-gravity/math/decomposer/M-DECOMPOSER-09.py
started:  2026-09-29T23:41:14Z
duration: 0.3 s
exit:     0
versions: python 3.11.15, sympy 1.14.0, mpmath 1.3.0, numpy 2.4.6, scipy 1.17.1
counts:   7 PASS, 0 FAIL, 0 UNDECIDED

--- stdout ---
PASS G * 1 g / c^2 * 1 um / (1 mm)^2 has the dimension of dimensionless: dimensional analysis
PASS series of -1/(d + x) + 1/d about x = 0 to order 2 == x/d**2: symbolic: x/d**2
PASS G * 1 g / c^2 * 1 um / (1 mm)^2 == 7.4e-31: within 0.01; 7.42616e-31 vs 7.4e-31 (SI)
PASS G * 1 g / c^2 * (1/(1 mm) - 1/(1.001 mm)) == 7.4e-31: within 0.01; 7.41874e-31 vs 7.4e-31 (SI)
PASS G * 1e-14 kg / c^2 * 250 um / (450 um)^2 == 9.2e-39: within 0.01; 9.1681e-39 vs 9.2e-39 (SI)
exact 450 um -> 700 um: 5.894e-39
exact 200 um -> 450 um: 2.063e-38
exact 325 um -> 575 um: 9.935e-39
PASS G * 1e-14 kg / c^2 * (1/(450 um) - 1/(700 um)) == 5.9e-39: within 0.01; 5.89378e-39 vs 5.9e-39 (SI)
PASS G * 1e-14 kg / c^2 * (1/(200 um) - 1/(450 um)) == 2.06e-38: within 0.01; 2.06282e-38 vs 2.06e-38 (SI)
SUMMARY: 7 pass, 0 fail, 0 undecided

--- stderr ---

