# math_run log
command:  python3 runs/2026-09-29-problem-of-time-quantum-gravity/math/decomposer/M-DECOMPOSER-02.py
started:  2026-09-29T23:42:29Z
duration: 0.5 s
exit:     0
versions: python 3.11.15, sympy 1.14.0, mpmath 1.3.0, numpy 2.4.6, scipy 1.17.1
counts:   11 PASS, 0 FAIL, 0 UNDECIDED

--- stdout ---
physical subspace dimension: 2
max ||<t|Psi> - U(t)<0|Psi>|| = 1.6217577131938725e-16
PASS 1.6217577131938725E-16 < 1.00000000000000E-12: symbolic, constant
PASS 4.996003610813204E-16 < 1.00000000000000E-12: symbolic, constant
t1, t2 = 0.7853981633974483 3.141592653589793  t2 - t1 = 2.356194490192345
naive Kuchar table t1 != t2: [[np.float64(5.119965615498647e-34), np.float64(0.0)], [np.float64(0.0), np.float64(3.5551854577780146e-33)]]
PASS 3.5551854577780146E-33 < 1.00000000000000E-12: symbolic, constant
naive table t2 = t1: [[np.float64(0.9999999999999998), np.float64(0.0)], [np.float64(0.0), np.float64(0.9999999999999997)]]
PASS 1.00000000000000 == 1: symbolic
PASS 1.00000000000000 == 1: symbolic
memory rule: [[np.float64(0.14644660940672638), np.float64(0.8535533905932735)], [np.float64(0.8535533905932736), np.float64(0.14644660940672635)]]  reference |<b|U|a>|^2: [[np.float64(0.14644660940672638), np.float64(0.8535533905932737)], [np.float64(0.8535533905932737), np.float64(0.14644660940672638)]]
PASS 2.220446049250313E-16 < 1.00000000000000E-12: symbolic, constant
PASS 0.14644660940672638 == 0.1464: within 0.0005; 0.146447 vs 0.1464 (SI)
PASS 0.8535533905932735 == 0.8536: within 0.0005; 0.853553 vs 0.8536 (SI)
PASS 1/2 - sqrt(2)/4 == 1/2 - sqrt(2)/4: symbolic
PASS 0.1464466094067262 == 0.1464: within 0.0005; 0.146447 vs 0.1464 (SI)
PASS 0.0 < 1.00000000000000E-15: symbolic, constant
SUMMARY: 11 pass, 0 fail, 0 undecided

--- stderr ---

