# math_run log
command:  python3 runs/2026-10-01-warp-drive-without-negative-energy/math/constraints/M-CONSTRAINTS-09.py
started:  2026-10-01T22:37:20Z
duration: 5.1 s
exit:     1
versions: python 3.11.15, sympy 1.14.0, mpmath 1.3.0, numpy 2.4.6, scipy 1.17.1
counts:   16 PASS, 1 FAIL, 0 UNDECIDED

--- stdout ---
PASS -0.9947183943243458 == -0.9947: within 0.0001; -0.994718 vs -0.9947 (SI)
FAIL -0.9947183943243458 m^-2 * c^4/G == -1.20e44 J/m^3: relative tolerance 0.003; -1.20386e+44 vs -1.2e+44 (SI)
curvature at transverse wall point: {'kretschmann': 27400.980000000334, 'max_frame_component': 75.0, 'curvature_radius': 0.11547005383792514}
PASS 0.11547005383792514 == 0.115: within 0.01; 0.11547 vs 0.115 (SI)
FR bound (m^-2): -1.3957699161205863e-64  factor: 7.126664522825322e+63
PASS -1.3957699161205863e-64 == -1.4e-64: within 0.03; -1.39577e-64 vs -1.4e-64 (SI)
PASS -1.3957699161205863e-64 m^-2 * c^4/G == -1.7e-20 J/m^3: within 0.03; -1.68924e-20 vs -1.7e-20 (SI)
PASS 7.126664522825322e+63 == 7.1e63: within 0.03; 7.12666e+63 vs 7.1e+63 (SI)
PASS 1.1845593968508056e-32 m == 1.19e-32 m: within 0.02; 1.18456e-32 vs 1.19e-32 (SI)
PASS 732.9037678543801 == 733: within 0.02; 732.904 vs 733 (SI)
PASS 73.29037678543801 == 73: within 0.02; 73.2904 vs 73 (SI)
PASS 4.689976349286666e+36 m * c^2/G == 6.3e63 kg: within 0.02; 6.31548e+63 vs 6.3e+63 (SI)
PASS 4.689976349286666e+36 m * c^2/G == 3.2e33 Msun: within 0.02; 6.31548e+63 vs 6.36291e+63 (SI)
PASS 84.62843753216346 == 85: within 0.03; 84.6284 vs 85 (SI)
PASS D**2 == D**2: symbolic
horizon xi: 99.45069385566595  v(1-f): 1.0000000000000042
PASS 99.45069385566595 == 99.45: within 0.0001; 99.4507 vs 99.45 (SI)
PASS 3.600000000000014 == 3.6: within 0.001; 3.6 vs 3.6 (SI)
PASS hbar * c * 3.600000000000014 m^-1 / (2*pi*kB) == 1.3e-3 K: within 0.02; 0.00131201 vs 0.0013 (SI)
PASS hbar * c * 1 m^-1 / kB has the dimension of K: dimensional analysis
SUMMARY: 16 pass, 1 fail, 0 undecided

--- stderr ---

