# math_run log
command:  python3 runs/2026-10-01-warp-drive-without-negative-energy/math/constraints/M-CONSTRAINTS-06b.py
started:  2026-10-01T22:35:25Z
duration: 1.7 s
exit:     0
versions: python 3.11.15, sympy 1.14.0, mpmath 1.3.0, numpy 2.4.6, scipy 1.17.1
counts:   2 PASS, 0 FAIL, 0 UNDECIDED

--- stdout ---
beta 0.02425: min NEC -2.046e-06 at r = 12.17
beta 0.02388: min NEC -1.073e-07 at r = 12.17
beta 0.02369: min NEC +8.615e-07 at r = 12.17
beta 0.02378: min NEC +3.772e-07 at r = 12.17
beta 0.02383: min NEC +1.350e-07 at r = 12.17
beta 0.02385: min NEC +1.387e-08 at r = 12.17
beta 0.02386: min NEC -4.669e-08 at r = 12.17
beta_crit (perpendicular axis, dense r) = 0.023857421875 +- 5.859375000000222e-06
PASS 0.023857421875 == 0.0244: within 0.03; 0.0238574 vs 0.0244 (SI)
scale:  -3.198642937519897e-05 -3.198642938454383e-05 12.169999999999975 121.69999999999975
PASS 1.0000000002921507 == 1: within 0.02; 1 vs 1 (SI)
SUMMARY: 2 pass, 0 fail, 0 undecided

--- stderr ---

