# math_run log
command:  python3 runs/2026-10-01-warp-drive-without-negative-energy/math/constraints/M-CONSTRAINTS-02.py
started:  2026-10-01T22:28:02Z
duration: 15.5 s
exit:     0
versions: python 3.11.15, sympy 1.14.0, mpmath 1.3.0, numpy 2.4.6, scipy 1.17.1
counts:   13 PASS, 0 FAIL, 1 UNDECIDED

--- stdout ---
PASS 0 == 0: symbolic
UNDECIDED v**2*(x**4*Subs(Derivative(f(_xi_1), (_xi_1, 2)), _xi_1, sqrt(x**2 + y**2 + z**2))**2 + 2*x**2*y**2*Subs(Derivative(f(_xi_1), (_xi_1, 2)), _xi_1, sqrt(x**2 + y**2 + z**2))**2 + x**2*z**2*Subs(Derivative(f(_xi_1), (_xi_1, 2)), _xi_1, sqrt(x**2 + y**2 + z**2))**2 + 4*x**2*sqrt(x**2 + y**2 + z**2)*Subs(Derivative(f(_xi_1), _xi_1), _xi_1, sqrt(x**2 + y**2 + z**2))*Subs(Derivative(f(_xi_1), (_xi_1, 2)), _xi_1, sqrt(x**2 + y**2 + z**2)) + 4*x**2*Subs(Derivative(f(_xi_1), _xi_1), _xi_1, sqrt(x**2 + y**2 + z**2))**2 + y**4*Subs(Derivative(f(_xi_1), (_xi_1, 2)), _xi_1, sqrt(x**2 + y**2 + z**2))**2 + y**2*z**2*Subs(Derivative(f(_xi_1), (_xi_1, 2)), _xi_1, sqrt(x**2 + y**2 + z**2))**2 + 4*y**2*sqrt(x**2 + y**2 + z**2)*Subs(Derivative(f(_xi_1), _xi_1), _xi_1, sqrt(x**2 + y**2 + z**2))*Subs(Derivative(f(_xi_1), (_xi_1, 2)), _xi_1, sqrt(x**2 + y**2 + z**2)) + 4*y**2*Subs(Derivative(f(_xi_1), _xi_1), _xi_1, sqrt(x**2 + y**2 + z**2))**2 + 12*z**2*Subs(Derivative(f(_xi_1), _xi_1), _xi_1, sqrt(x**2 + y**2 + z**2))**2)/(8*(x**2 + y**2 + z**2)) == 0: can't be evaluated numerically (PrintMethodNotImplementedError)
K.K (spherical) = v**2*(4*f1**2*sin(ph)**2*sin(th)**2 + 4*f1**2*sin(th)**2*cos(ph)**2 + 12*f1**2*cos(th)**2 + 4*f1*f2*rr*sin(ph)**2*sin(th)**2 + 4*f1*f2*rr*sin(th)**2*cos(ph)**2 + f2**2*rr**2*(1 - cos(4*ph))*(1 - cos(2*th))**2/16 + f2**2*rr**2*sin(ph)**4*sin(th)**4 + f2**2*rr**2*sin(ph)**2*sin(th)**2*cos(th)**2 + f2**2*rr**2*sin(th)**4*cos(ph)**4 + f2**2*rr**2*sin(th)**2*cos(ph)**2*cos(th)**2)/8
paper-like E = -3.2880436845928878 -3.288043684592734 max rho -2.8565351840535145e-43
reference E = -444554831.9559687 -444554831.95595205 max rho -0.0  fit coeff -0.04445548319559687
PASS -3.2880436845928878 m == -3.288 m: within 0.002; -3.28804 vs -3.288 (SI)
PASS -444554831.9559687 m == -4.4455e8 m: within 0.001; -4.44555e+08 vs -4.4455e+08 (SI)
PASS -0.04445548319559687 == -0.04446: within 0.002; -0.0444555 vs -0.04446 (SI)
R = 1000, Delta = 1 coeff -0.04444455483114486
PASS -0.04444455483114486 == -0.0445: within 0.005; -0.0444446 vs -0.0445 (SI)
PASS 8001.922959823758 == 8.0e3: within 0.005; 8001.92 vs 8000 (SI)
PASS 444554831.9559687 m * c^2/G == 5.99e35 kg: within 0.003; 5.98634e+35 vs 5.99e+35 (SI)
PASS 444554831.9559687 m * c^4/G == 5.38e52 J: within 0.003; 5.38025e+52 vs 5.38e+52 (SI)
PASS 444554831.9559687 m * c^2/G == 3.0e5 Msun: within 0.01; 5.98634e+35 vs 5.96523e+35 (SI)
PASS 3.2880436845928878 m * c^2/G == 4.43e27 kg: within 0.003; 4.42765e+27 vs 4.43e+27 (SI)
PASS 3.2880436845928878 m * c^2/G == 2.23e-3 Msun: within 0.005; 4.42765e+27 vs 4.43415e+27 (SI)
PASS -v**2*(4*a**2*sin(th)**2 + 12*a**2*cos(th)**2 + 4*a*b*rr*sin(th)**2 + b**2*rr**2*sin(th)**4 + b**2*rr**2*sin(th)**2*cos(th)**2)/(128*pi) is nonpositive: numeric at 50 points, a in [-10, 10], b in [-10, 10], rr in [0.1, 10], th in [0, 3.14159], v in [0.1, 10]
PASS 1 m * c^2/G has the dimension of kg: dimensional analysis
SUMMARY: 13 pass, 0 fail, 1 undecided

--- stderr ---
/home/user/Science/runs/2026-10-01-warp-drive-without-negative-energy/math/constraints/M-CONSTRAINTS-02.py:49: RuntimeWarning: overflow encountered in square
  sech2 = lambda w: 1 / np.cosh(w)**2
/home/user/Science/runs/2026-10-01-warp-drive-without-negative-energy/math/constraints/M-CONSTRAINTS-02.py:49: RuntimeWarning: overflow encountered in cosh
  sech2 = lambda w: 1 / np.cosh(w)**2

