# math_run log
command:  python3 runs/2026-10-01-warp-drive-without-negative-energy/math/constraints/M-CONSTRAINTS-03.py
started:  2026-10-01T22:28:46Z
duration: 1.6 s
exit:     0
versions: python 3.11.15, sympy 1.14.0, mpmath 1.3.0, numpy 2.4.6, scipy 1.17.1
counts:   10 PASS, 0 FAIL, 0 UNDECIDED

--- stdout ---
identity residual: 0
PASS 0 == 0: symbolic
PASS 0 == 0: symbolic
PASS lim rr->oo of rr**(1 - 2*a) == 0: numeric approach to the point
rho_E(r, theta) = f1*v**2*(2*R_*f2*cos(t_)**2 - f1*sin(t_)**2 + 5*f1*cos(t_)**2)/(8*pi)
reference E- = -16675862.395805709  E+ = 16675862.395805709  (E+ + E-)/|E-| = 0.0
paper-like E- = -2.8577726205726357  E+ = 2.8577726205726393  rel = 1.2431757702572621e-15
PASS -16675862.395805709 m == -1.667e7 m: within 0.002; -1.66759e+07 vs -1.667e+07 (SI)
PASS -2.8577726205726357 m == -2.8576 m: within 0.002; -2.85777 vs -2.8576 (SI)
PASS 1.0 == 1: within 1e-05; 1 vs 1 (SI)
PASS 1.0000000000000013 == 1: within 0.0001; 1 vs 1 (SI)
PASS 16675862.395805709 m * c^2/G == 2.25e34 kg: within 0.003; 2.24556e+34 vs 2.25e+34 (SI)
PASS 16675862.395805709 m * c^2/G == 1.13e4 Msun: within 0.005; 2.24556e+34 vs 2.2469e+34 (SI)
PASS 1 m * c^2/G has the dimension of kg: dimensional analysis
SUMMARY: 10 pass, 0 fail, 0 undecided

--- stderr ---

