# math_run log
command:  python3 runs/2026-10-01-warp-drive-without-negative-energy/math/constraints/M-CONSTRAINTS-07.py
started:  2026-10-01T22:37:18Z
duration: 1.5 s
exit:     0
versions: python 3.11.15, sympy 1.14.0, mpmath 1.3.0, numpy 2.4.6, scipy 1.17.1
counts:   16 PASS, 0 FAIL, 0 UNDECIDED

--- stdout ---
PASS 0 == 0: symbolic
PASS 0 == 0: symbolic
PASS 2*S*beta/e2a == 2*S*beta/e2a: symbolic
PASS beta + sqrt(A + beta**2) - 1 > 0: numeric at 50 points, A in [0.1, 0.9], beta in [0.5, 0.9]
threshold: [1/2 - A/2]
PASS 1/2 - A/2 == 1/2 - A/2: symbolic
e^a(0) = 0.7611285120424724
PASS 0.7611285120424724 == 0.761: within 0.001; 0.761129 vs 0.761 (SI)
PASS 0.8021788581717471 == 0.802: within 0.001; 0.802179 vs 0.802 (SI)
PASS 0.722178858171747 == 0.722: within 0.001; 0.722179 vs 0.722 (SI)
PASS 0.21034169407800596 == 0.210: within 0.003; 0.210342 vs 0.21 (SI)
beta 0.04: fwd delay 264.55 ns, back 278.27 ns, diff 13.72 ns; L=4000 diff 13.72
beta 0.02 diff 6.86 ns; beta 0.30 fwd delay 228.87 ns
PASS 264.5460826615827 == 264.6: within 0.003; 264.546 vs 264.6 (SI)
PASS 278.2693961846686 == 278.3: within 0.003; 278.269 vs 278.3 (SI)
PASS 13.723313523085892 == 13.7: within 0.005; 13.7233 vs 13.7 (SI)
PASS 13.723313523085949 == 13.7: within 0.005; 13.7233 vs 13.7 (SI)
PASS 6.861656761542918 == 6.9: within 0.01; 6.86166 vs 6.9 (SI)
PASS 228.87472226640062 == 228.9: within 0.003; 228.875 vs 228.9 (SI)
PASS 1.0 == 1: within 1e-09; 1 vs 1 (SI)
SUMMARY: 16 pass, 0 fail, 0 undecided

--- stderr ---

