# math_run log
command:  python3 runs/2026-10-01-warp-drive-without-negative-energy/math/constraints/M-CONSTRAINTS-10.py
started:  2026-10-01T22:37:01Z
duration: 0.5 s
exit:     0
versions: python 3.11.15, sympy 1.14.0, mpmath 1.3.0, numpy 2.4.6, scipy 1.17.1
counts:   14 PASS, 0 FAIL, 0 UNDECIDED

--- stdout ---
PASS (b + 1)/sqrt(1 - b**2) == sqrt(b + 1)*sqrt(1/(1 - b)): numeric at 50 points, b in [0.001, 0.99]
PASS series of (b + 1)/(1 - b) about b = 0 to order 2 == 2*b + 1: symbolic: 2*b + 1
PASS 3.3007503320604444e+34 kg*m/s == 3.30e34 kg*m/s: within 0.003; 3.30075e+34 vs 3.3e+34 (SI)
PASS 5.41378787625244e+34 kg*m/s == 5.41e34 kg*m/s: within 0.003; 5.41379e+34 vs 5.41e+34 (SI)
PASS 1.050020500205002 == 1.050: within 0.001; 1.05002 vs 1.05 (SI)
radiated, M initial: 2.1489340101522817e+26  M final: 2.256424764247642e+26
PASS 2.1489340101522817e+26 kg == 2.15e26 kg: within 0.003; 2.14893e+26 vs 2.15e+26 (SI)
PASS 2.1489340101522817e+26 kg * c^2 == 1.93e43 J: within 0.003; 1.93137e+43 vs 1.93e+43 (SI)
payload radiated, 1e5 final: 5002.050020500204  1e5 initial: 4763.7641546270925
PASS 5002.050020500204 kg == 5.0e3 kg: within 0.003; 5002.05 vs 5000 (SI)
PASS 0.6487518786099968 == 0.649: within 0.001; 0.648752 vs 0.649 (SI)
trip outside 179.0983606557377 inside 136.25327446448847
PASS 179.0983606557377 yr == 179 yr: within 0.003; 5.65191e+09 vs 5.64881e+09 (SI)
PASS 136.25327446448847 yr == 136 yr: within 0.003; 4.29983e+09 vs 4.29183e+09 (SI)
PASS 0.026281208935611037 == 0.026: within 0.02; 0.0262812 vs 0.026 (SI)
PASS 0.03206307490144547 == 0.032: within 0.01; 0.0320631 vs 0.032 (SI)
PASS 0.03135348226018397 == 0.0314: within 0.01; 0.0313535 vs 0.0314 (SI)
SUMMARY: 14 pass, 0 fail, 0 undecided

--- stderr ---

