# math_run log
command:  python3 runs/2026-10-01-warp-drive-without-negative-energy/math/constraints/M-CONSTRAINTS-04.py
started:  2026-10-01T22:30:09Z
duration: 235.3 s
exit:     0
versions: python 3.11.15, sympy 1.14.0, mpmath 1.3.0, numpy 2.4.6, scipy 1.17.1
counts:   25 PASS, 0 FAIL, 0 UNDECIDED

--- stdout ---
PASS 0 == 0: symbolic
PASS 0 == 0: symbolic
PASS 0 == 0: symbolic
natario 0 v = 0.5 rho/v^2: -0.08015012900255761 -0.08015012900255739  |J|/v: 0.173716530150237 0.17371653015023675
PASS -0.08015012900255761 == -0.08015012900255739: within 1e-09; -0.0801501 vs -0.0801501 (SI)
PASS 1.0 == 1: within 1e-09; 1 vs 1 (SI)
PASS 1.0000000000000002 == 1: within 1e-09; 1 vs 1 (SI)
natario 0 v = 2.0 rho/v^2: -0.0801501290025588 -0.08015012900255739  |J|/v: 0.17371653015023825 0.17371653015023675
PASS -0.0801501290025588 == -0.08015012900255739: within 1e-09; -0.0801501 vs -0.0801501 (SI)
PASS 1.0000000000000004 == 1: within 1e-09; 1 vs 1 (SI)
PASS 1.0000000000000016 == 1: within 1e-09; 1 vs 1 (SI)
natario |J| at v=1 (nonzero expected): 0.17371653015023675
natario 1 v = 0.5 rho/v^2: -0.13790624512691416 -0.13790624512691427  |J|/v: 0.4353708365287943 0.4353708365287945
PASS -0.13790624512691416 == -0.13790624512691427: within 1e-09; -0.137906 vs -0.137906 (SI)
PASS 1.0000000000000002 == 1: within 1e-09; 1 vs 1 (SI)
PASS 1.0000000000000002 == 1: within 1e-09; 1 vs 1 (SI)
natario 1 v = 2.0 rho/v^2: -0.13790624512691194 -0.13790624512691427  |J|/v: 0.43537083652879327 0.4353708365287945
PASS -0.13790624512691194 == -0.13790624512691427: within 1e-09; -0.137906 vs -0.137906 (SI)
PASS 1.0000000000000002 == 1: within 1e-09; 1 vs 1 (SI)
PASS 1.0000000000000013 == 1: within 1e-09; 1 vs 1 (SI)
natario |J| at v=1 (nonzero expected): 0.4353708365287945
irrotational 0 v = 0.5 rho/v^2: 0.6357663736607498 0.6357663736607488  |J|/v: 3.104521650722033e-16 1.2716007160948163e-15
PASS 0.6357663736607498 == 0.6357663736607488: within 1e-09; 0.635766 vs 0.635766 (SI)
PASS 1.000000000000003 == 1: within 1e-09; 1 vs 1 (SI)
irrotational 0 v = 2.0 rho/v^2: 0.6357663736607516 0.6357663736607488  |J|/v: 3.1653642787556006e-15 1.2716007160948163e-15
PASS 0.6357663736607516 == 0.6357663736607488: within 1e-09; 0.635766 vs 0.635766 (SI)
PASS 1.0000000000000013 == 1: within 1e-09; 1 vs 1 (SI)
irrotational |J| at v=1: 1.2716007160948163e-15  |rho|: 0.6357663736607488
PASS 1.0000000000000013 == 1: within 1e-12; 1 vs 1 (SI)
irrotational 1 v = 0.5 rho/v^2: 0.0040393165884236104 0.004039316588423469  |J|/v: 4.425907375376803e-17 2.2901940942090853e-16
PASS 0.0040393165884236104 == 0.004039316588423469: within 1e-09; 0.00403932 vs 0.00403932 (SI)
PASS 1.0000000000000002 == 1: within 1e-09; 1 vs 1 (SI)
irrotational 1 v = 2.0 rho/v^2: 0.004039316588422393 0.004039316588423469  |J|/v: 6.583209757020251e-16 2.2901940942090853e-16
PASS 0.004039316588422393 == 0.004039316588423469: within 1e-09; 0.00403932 vs 0.00403932 (SI)
PASS 1.0000000000000004 == 1: within 1e-09; 1 vs 1 (SI)
irrotational |J| at v=1: 2.2901940942090853e-16  |rho|: 0.004039316588423469
PASS 1.0000000000000002 == 1: within 1e-12; 1 vs 1 (SI)
SUMMARY: 25 pass, 0 fail, 0 undecided

--- stderr ---

