# math_run log
command:  python3 runs/2026-09-30-neutron-lifetime-beam-bottle/math/empiricist/M-EMPIRICIST-06.py
started:  2026-09-30T18:10:56Z
duration: 0.6 s
exit:     0
versions: python 3.11.15, sympy 1.14.0, mpmath 1.3.0, numpy 2.4.6, scipy 1.17.1
counts:   5 PASS, 0 FAIL, 0 UNDECIDED

--- stdout ---
mean 877.822 +- 0.218 s; chi2 6.665/4; p 0.1547; S 1.291
  chi2: mine 6.66525, lens 6.67
PASS 0.0047504565340954277 < 0.00600000000000000: symbolic, constant
  p: mine 0.154672, lens 0.16
PASS 0.005328417190812104 < 0.00600000000000000: symbolic, constant
  S: mine 1.29086, lens 1.29
PASS 0.00085722907937266397 < 0.00600000000000000: symbolic, constant
PASS lim x->0 of (x/2 + 1)*exp(-x/2) == 1: symbolic limit 1
  closed-form p: mine 0.154672, lens 0.1546715828091879
PASS 0 < 1.00000000000000E-12: symbolic, constant
SUMMARY: 5 pass, 0 fail, 0 undecided

--- stderr ---

