# math_run log
command:  python3 runs/2026-09-30-neutron-lifetime-beam-bottle/math/empiricist/M-EMPIRICIST-01.py
started:  2026-09-30T18:10:51Z
duration: 0.6 s
exit:     0
versions: python 3.11.15, sympy 1.14.0, mpmath 1.3.0, numpy 2.4.6, scipy 1.17.1
counts:   13 PASS, 0 FAIL, 0 UNDECIDED

--- stdout ---
BL1: 887.7 +- 2.2472 s
SUS: 889.2 +- 4.8415 s
JP: 877.2 +- 4.1629 s
SER05: 878.5 +- 0.7616 s
MAMBO: 880.7 +- 1.7692 s
STEY: 882.5 +- 2.0518 s
ARZ: 880.2 +- 1.2000 s
GRAV: 881.5 +- 0.9220 s
UCNT: 877.82 +- 0.2973 s
EZH: 878.3 +- 1.8868 s
PASS s**2*(x1/s**2 + x2/s**2)/2 == x1/2 + x2/2: symbolic
PASS lim s2->oo of (x2/s2**2 + x1/s1**2)/(s2**(-2) + s1**(-2)) == x1: symbolic limit x1
PASS (887.7 s / (2.25 s)^2 + 878.4 s / (0.29 s)^2) / (1/(2.25 s)^2 + 1/(0.29 s)^2) has the dimension of s: dimensional analysis
proton 887.966 +- 2.038 s
  proton mean: mine 887.966, lens 887.97
PASS 0.00411723411707499 < 0.00600000000000000: symbolic, constant
  proton sigma: mine 2.03835, lens 2.04
PASS 0.0016522978497133349 < 0.00600000000000000: symbolic, constant
material 880.032 +- 0.491 s, chi2 8.191/4, S 1.431
  material mean: mine 880.032, lens 880.03
PASS 0.002478794289928032 < 0.00600000000000000: symbolic, constant
  material sigma: mine 0.490758, lens 0.49
PASS 0.00075822795061913873 < 0.00600000000000000: symbolic, constant
  material chi2: mine 8.19088, lens 8.2
PASS 0.009122867291877279 < 0.0500000000000000: symbolic, constant
  material S: mine 1.43099, lens 1.43
PASS 0.0009854238171090601 < 0.00600000000000000: symbolic, constant
magnetic 877.832 +- 0.294 s
  magnetic mean: mine 877.832, lens 877.83
PASS 0.001630303694852842 < 0.00600000000000000: symbolic, constant
  magnetic sigma: mine 0.293697, lens 0.29
PASS 0.00369726886066402 < 0.00600000000000000: symbolic, constant
storage 878.412 +- 0.252 s, chi2 23.06/6
  storage mean: mine 878.412, lens 878.41
PASS 0.002003208646229382 < 0.00600000000000000: symbolic, constant
  storage sigma: mine 0.252015, lens 0.25
PASS 0.002014820194868698 < 0.00600000000000000: symbolic, constant
SUMMARY: 13 pass, 0 fail, 0 undecided

--- stderr ---

