# math_run log
command:  python3 runs/2026-09-30-neutron-lifetime-beam-bottle/math/empiricist/M-EMPIRICIST-04.py
started:  2026-09-30T18:10:54Z
duration: 0.8 s
exit:     0
versions: python 3.11.15, sympy 1.14.0, mpmath 1.3.0, numpy 2.4.6, scipy 1.17.1
counts:   13 PASS, 0 FAIL, 0 UNDECIDED

--- stdout ---
J-PARC vs proton mean 2.243, vs BL1 2.146, vs UCNtau 0.142
  J vs proton: mine 2.24266, lens 2.24
PASS 0.002655659342707783 < 0.00600000000000000: symbolic, constant
  J vs BL1: mine 2.14599, lens 2.15
PASS 0.0040123118026192117 < 0.00600000000000000: symbolic, constant
  J vs UCNtau: mine 0.14236, lens 0.14
PASS 0.0023603125497290466 < 0.00600000000000000: symbolic, constant
PASS lim s->oo of d/sqrt(s**2 + t**2) == 0: symbolic limit 0
PASS (887.97 s - 877.2 s)/((4.35 s)^2 + (2.04 s)^2)^0.5 has the dimension of dimensionless: dimensional analysis
four conditions stat-only: mean 877.490, chi2 19.556/3, p 0.00021
  stat-only chi2: mine 19.5564, lens 19.6
PASS 0.043615471003633416 < 0.0600000000000000: symbolic, constant
  stat-only p: mine 0.000209739, lens 0.0002
PASS 0.0000097394741742564303 < 0.0000600000000000000: symbolic, constant
inflation 2.2949; inflated z vs proton 1.810, vs UCNtau 0.111
  inflation: mine 2.29492, lens 2.29
PASS 0.0049219304078005656 < 0.00600000000000000: symbolic, constant
  inflated vs proton: mine 1.81008, lens 1.81
PASS 0.000081713175823746806 < 0.00600000000000000: symbolic, constant
  inflated vs UCNtau: mine 0.110824, lens 0.11
PASS 0.00082395060894036943 < 0.00600000000000000: symbolic, constant
three consistent conditions 869.608 +- 2.492; chi2 0.277/2; BL1 - outlier 2.90 s
  three-condition mean: mine 869.608, lens 869.6
PASS 0.00782426504292744 < 0.0600000000000000: symbolic, constant
  three-condition sigma: mine 2.49223, lens 2.5
PASS 0.007767583340734019 < 0.0600000000000000: symbolic, constant
  BL1 - 884.8: mine 2.9, lens 2.9
PASS 9.109379917049409E-14 < 0.0600000000000000: symbolic, constant
SUMMARY: 13 pass, 0 fail, 0 undecided

--- stderr ---

