# math_run log
command:  python3 runs/2026-09-30-neutron-lifetime-beam-bottle/math/empiricist/M-EMPIRICIST-02.py
started:  2026-09-30T18:11:40Z
duration: 1.2 s
exit:     0
versions: python 3.11.15, sympy 1.14.0, mpmath 1.3.0, numpy 2.4.6, scipy 1.17.1
counts:   25 PASS, 0 FAIL, 0 UNDECIDED

--- stdout ---
PASS a*(x - (a*x + b*y + c*z)/(a + b + c))**2 + b*(y - (a*x + b*y + c*z)/(a + b + c))**2 + c*(z - (a*x + b*y + c*z)/(a + b + c))**2 == a*(x - (a*x + b*y)/(a + b))**2 + b*(y - (a*x + b*y)/(a + b))**2 + c*(z - (a*x + b*y + c*z)/(a + b + c))**2 + (a + b)*(-(a*x + b*y + c*z)/(a + b + c) + (a*x + b*y)/(a + b))**2: symbolic
beam vs bottle: within 28.536/8 (p 0.000382), between 16.349/1 (direct 16.349), z 4.043, total 44.885
  beam vs bottle between: mine 16.3489, lens 16.35
PASS 0.0011245821995444216 < 0.00600000000000000: symbolic, constant
  beam vs bottle between direct = decomposition: mine 16.3489, lens 16.348875417800457
PASS 5.4001247917767614E-13 < 1.00000000000000E-9: symbolic, constant
  beam vs bottle within: mine 28.5357, lens 28.5
PASS 0.035732127095564004 < 0.0600000000000000: symbolic, constant
proton vs rest: within 23.225/8 (p 0.00309), between 21.659/1 (direct 21.659), z 4.654, total 44.885
  proton vs rest between: mine 21.6591, lens 21.66
PASS 0.00088556479598614346 < 0.00600000000000000: symbolic, constant
  proton vs rest between direct = decomposition: mine 21.6591, lens 21.659114435204014
PASS 6.6799343834134106E-13 < 1.00000000000000E-9: symbolic, constant
  proton vs rest within: mine 23.2255, lens 23.2
PASS 0.025493109692007715 < 0.0600000000000000: symbolic, constant
BL1 vs rest: within 28.102/8 (p 0.000455), between 16.782/1 (direct 16.782), z 4.097, total 44.885
  BL1 vs rest between: mine 16.7823, lens 16.78
PASS 0.002339402669778945 < 0.00600000000000000: symbolic, constant
  BL1 vs rest between direct = decomposition: mine 16.7823, lens 16.78233940266978
PASS 3.5083047578154947E-14 < 1.00000000000000E-9: symbolic, constant
four classes: within 8.333/6 (p 0.215), between 36.552/3 (direct 36.552), z 5.427, total 44.885
  four classes between: mine 36.5516, lens 36.55
PASS 0.00160436292450328 < 0.00600000000000000: symbolic, constant
  four classes between direct = decomposition: mine 36.5516, lens 36.5516043629245
PASS 1.607602939657227E-13 < 1.00000000000000E-9: symbolic, constant
  four classes within: mine 8.333, lens 8.33
PASS 0.003003181971521940 < 0.0600000000000000: symbolic, constant
material vs magnetic: within 8.254/5 (p 0.143), between 14.808/1 (direct 14.808), z 3.848, total 23.062
  material vs magnetic between: mine 14.808, lens 14.81
PASS 0.001964081484950420 < 0.00600000000000000: symbolic, constant
  material vs magnetic between direct = decomposition: mine 14.808, lens 14.80803591851505
PASS 7.300826609935029E-13 < 1.00000000000000E-9: symbolic, constant
  beam-bottle z: mine 4.04337, lens 4.04
PASS 0.003374261406213996 < 0.00600000000000000: symbolic, constant
  beam-bottle within p: mine 0.000382404, lens 0.00038
PASS 0.0000024042295382295290 < 0.00000600000000000000: symbolic, constant
  proton-rest z: mine 4.65394, lens 4.65
PASS 0.003935370757944590 < 0.00600000000000000: symbolic, constant
  proton-rest within p: mine 0.00308649, lens 0.003
PASS 0.00008648706718896696 < 0.000600000000000000: symbolic, constant
  BL1-rest z: mine 4.09663, lens 4.1
PASS 0.0033746323748031423 < 0.00600000000000000: symbolic, constant
  four-class z: mine 5.4272, lens 5.43
PASS 0.002801813355802762 < 0.00600000000000000: symbolic, constant
  four-class within p: mine 0.214708, lens 0.22
PASS 0.0052924767345858311 < 0.00600000000000000: symbolic, constant
  material-magnetic z: mine 3.84812, lens 3.85
PASS 0.0018789106220977875 < 0.00600000000000000: symbolic, constant
Gravitrap - UCNtau 3.680 s; sigma sym 0.969, facing 0.969; z 3.799 / 3.799
  Grav-UCNtau diff: mine 3.68, lens 3.68
PASS 5.01820807130571E-14 < 0.00600000000000000: symbolic, constant
  Grav-UCNtau sigma (facing): mine 0.96871, lens 0.97
PASS 0.001289516935013280 < 0.00600000000000000: symbolic, constant
  Grav-UCNtau z (facing): mine 3.79886, lens 3.8
PASS 0.0011353605295152218 < 0.00600000000000000: symbolic, constant
Sensitivity: UCNtau sys symmetrized as mean of sides (0.185 s) instead of the larger side (0.20 s)
  beam vs bottle: between 16.488/1, z 4.060; within 28.800
  proton vs rest: between 21.802/1, z 4.669; within 23.485
  BL1 vs rest: between 16.899/1, z 4.111; within 28.389
  four classes: between 36.954/3, z 5.462; within 8.333
  material vs magnetic: between 15.072/1, z 3.882; within 8.254
  storage mean 878.384 s
SUMMARY: 25 pass, 0 fail, 0 undecided

--- stderr ---

