# math_run log
command:  python3 runs/2026-09-30-neutron-lifetime-beam-bottle/math/empiricist/M-EMPIRICIST-05.py
started:  2026-09-30T18:10:55Z
duration: 0.6 s
exit:     0
versions: python 3.11.15, sympy 1.14.0, mpmath 1.3.0, numpy 2.4.6, scipy 1.17.1
counts:   9 PASS, 0 FAIL, 0 UNDECIDED

--- stdout ---
PASS 1/ts - 1/tp == (tp - ts)/(tp*ts): symbolic
PASS series of -1/(d + t) + 1/t about d = 0 to order 2 == d/t**2: symbolic: d/t**2
PASS 1 - ts/tp == (tp - ts)/tp: symbolic
PASS 1/(878.41 s) - 1/(887.97 s) has the dimension of Hz: dimensional analysis
tau_p 887.9659 s, tau_s 878.4120 s, gap 9.5539 s, fraction 0.01076, rate 1.2249e-05 s^-1
  gap: mine 9.55388, lens 9.55
PASS 0.003879557236768250 < 0.0150000000000000: symbolic, constant
  fraction: mine 0.0107593, lens 0.0108
PASS 0.000040713249615156576 < 0.0000600000000000000: symbolic, constant
PASS 1.2248565264458581e-05 Hz == 1.23e-5 Hz: within 0.005; 1.22486e-05 vs 1.23e-05 (SI)
gap / BL1 total budget 2.3 s = 4.154; BL1 total q(1.2,1.9) = 2.247 s
  about 4x BL1 budget: mine 4.15386, lens 4.0
PASS 0.1538606770594650 < 0.250000000000000: symbolic, constant
0.3% of 888 s = 2.664 s
  0.3% of 888 s: mine 2.664, lens 2.7
PASS 0.0360000000000000 < 0.0600000000000000: symbolic, constant
SUMMARY: 9 pass, 0 fail, 0 undecided

--- stderr ---

