# math_run log
command:  python3 runs\2026-10-03-traversable-wormhole-shortcuts\calc\crux-C8_timing_window.py
started:  2026-10-08T13:24:12Z
duration: 0.0 s
exit:     0
versions: python 3.14.6, sympy 1.14.0, mpmath 1.3.0, numpy 2.5.2, scipy 1.18.0
counts:   no PASS/FAIL lines

--- stdout ---
== 1. GJW insertion window (h = 1) ==
R/l_P = 1e2  : lead dt =     4.6 R; eikonal limit 1.5 dt =     6.9 R; window width =    2.3 R
R/l_P = 1e10 : lead dt =    23.0 R; eikonal limit 1.5 dt =    34.5 R; window width =   11.5 R
R/l_P = 1e30 : lead dt =    69.1 R; eikonal limit 1.5 dt =   103.6 R; window width =   34.5 R
R/l_P = 1e60 : lead dt =   138.2 R; eikonal limit 1.5 dt =   207.2 R; window width =   69.1 R
== 2. MQ exponent and speed-up ==
exponent (1-2D)/(2(1-D)) at D = 1/4: 0.3333
mu/J = 1e-01: t_wh/t_bare ~ 0.4642; speed-up ~    2.2x
mu/J = 1e-02: t_wh/t_bare ~ 0.2154; speed-up ~    4.6x
mu/J = 1e-03: t_wh/t_bare ~ 0.1000; speed-up ~   10.0x
mu/J = 1e-04: t_wh/t_bare ~ 0.0464; speed-up ~   21.5x
mu/J = 1e-06: t_wh/t_bare ~ 0.0100; speed-up ~  100.0x

--- stderr ---

