# math_run log
command:  python3 runs\2026-10-03-traversable-wormhole-shortcuts\calc\crux-C2_thresholds.py
started:  2026-10-08T13:21:59Z
duration: 0.7 s
exit:     0
versions: python 3.14.6, sympy 1.14.0, mpmath 1.3.0, numpy 2.5.2, scipy 1.18.0
counts:   no PASS/FAIL lines

--- stdout ---
l* = 2*A/B ; E_min = -B**2/(4*A) ; |E_min|*l* = B/2
  with B = N q / 8  ->  |E_min| l* = N q / 16 (hbar = c = 1)

d_max = hbar c / TeV = 1.9733e-19 m
engineer g=0.06 N=1: ell = 1.139 m, T_thru = pi ell/c = 1.194e-08 s, T_ext <= 6.582e-28 s, T_thru/T_ext >= 1.81e+19
   Delta_s = 1.1936e-08 s, Delta_CTC = 1.1936e-08 s, window 2d/c <= 1.316e-27 s, window/Delta_s = 1.10e-19
constraints g=e N=1: ell = 0.2226 m, T_thru = pi ell/c = 2.333e-09 s, T_ext <= 6.582e-28 s, T_thru/T_ext >= 3.54e+18
   Delta_s = 2.3327e-09 s, Delta_CTC = 2.3327e-09 s, window 2d/c <= 1.316e-27 s, window/Delta_s = 5.64e-19
engineer g=0.06 N=54: ell = 0.0211 m, T_thru = pi ell/c = 2.211e-10 s, T_ext <= 6.582e-28 s, T_thru/T_ext >= 3.36e+17
   Delta_s = 2.2111e-10 s, Delta_CTC = 2.2111e-10 s, window 2d/c <= 1.316e-27 s, window/Delta_s = 5.95e-18
MM d = 3000 ly: T_thru = 9.4248e+03 yr, Delta_s = 6.4248e+03 yr, Delta_CTC = 1.2425e+04 yr, window = 6.000e+03 yr
MM d = 1000 ly: T_thru = 9.4248e+03 yr, Delta_s = 8.4248e+03 yr, Delta_CTC = 1.0425e+04 yr, window = 2.000e+03 yr
MM d = 1 ly: T_thru = 9.4248e+03 yr, Delta_s = 9.4238e+03 yr, Delta_CTC = 9.4258e+03 yr, window = 2.000e+00 yr

MM rate ~ c2 per ell/c = 7.39e+61 qubits/s (order of magnitude)

--- stderr ---

