# math_run log
command:  python3 runs\2026-10-03-traversable-wormhole-shortcuts\calc\falsifier-C1-2_scale.py
started:  2026-10-08T12:34:31Z
duration: 0.0 s
exit:     0
versions: python 3.14.6, sympy 1.14.0, mpmath 1.3.0, numpy 2.5.2, scipy 1.18.0
counts:   no PASS/FAIL lines

--- stdout ---
=== 1. C1 practice leg: SM-MMP row, 1 kg payload vs binding ===
g=0.06,N=1   |E_min| = 7.170e-13 J = 4.475e-03 GeV; 1 kg c^2/|E_min| = 10^29.10
g=0.06,N=54  |E_min| = 2.090e-09 J = 1.304e+01 GeV; 1 kg c^2/|E_min| = 10^25.63
g=0.3,N=54   |E_min| = 5.230e-08 J = 3.264e+02 GeV; 1 kg c^2/|E_min| = 10^24.24
r_e = 1.973e-19 m, B_h = 1.763e+37 T; B_h/1200 T = 10^34.17
mouth mass 2.657e+08 kg; pair rest energy 4.776e+25 J = 8.068e+04 yr of world primary energy (10^4.91)
SM-MMP widening: |E_min| >= 1 kg c^2 needs r_e <= 3.936e-47 m (Planck length 1.616e-35 m): below Planck length by 10^11.6

=== 2. In principle: labelled-phantom stable Ellis throat (Bronnikov et al. 2013 metric) ===
1 kg, b0=0.1 m                                 d=1 AU : T_thru/T_ext ~ 1.55e-11
1 kg, b0=0.1 m                                 d=1 ly : T_thru/T_ext ~ 2.45e-16
1 kg, b0=0.1 m                                 |rho_throat| = 4.815e+44 J/m^3 (10^45.2 x Casimir at 0.2 um); |exotic mass| = 2.693e+26 kg; 1 kg / |exotic mass| = 3.71e-27
1 kg, b0=1 m                                   d=1 AU : T_thru/T_ext ~ 1.55e-10
1 kg, b0=1 m                                   d=1 ly : T_thru/T_ext ~ 2.45e-15
1 kg, b0=1 m                                   |rho_throat| = 4.815e+42 J/m^3 (10^43.2 x Casimir at 0.2 um); |exotic mass| = 2.693e+27 kg; 1 kg / |exotic mass| = 3.71e-28
human, b0=4.5 km (1 g over 2 m slow crossing)  d=1 AU : T_thru/T_ext ~ 6.96e-07
human, b0=4.5 km (1 g over 2 m slow crossing)  d=1 ly : T_thru/T_ext ~ 1.10e-11
human, b0=4.5 km (1 g over 2 m slow crossing)  |rho_throat| = 2.378e+35 J/m^3 (10^35.9 x Casimir at 0.2 um); |exotic mass| = 1.212e+31 kg; 1 kg / |exotic mass| = 8.25e-32

=== 3. Payload back-reaction check for labelled-phantom row ===
b0 = 0.1 m: G m / (c^2 b0) = 7.43e-27 (dimensionless perturbation)
b0 = 1.0 m: G m / (c^2 b0) = 7.43e-28 (dimensionless perturbation)

--- stderr ---

