# math_run log
command:  python3 runs\2026-10-03-traversable-wormhole-shortcuts\calc\falsifier-C7-1_misaligned_window.py
started:  2026-10-08T12:48:46Z
duration: 0.0 s
exit:     0
versions: python 3.14.6, sympy 1.14.0, mpmath 1.3.0, numpy 2.5.2, scipy 1.18.0
counts:   no PASS/FAIL lines

--- stdout ---
d = 1000 ly: T_thru = 9425 yr, Delta_s = 8425 yr, Delta_CTC = 1.042e+04 yr, window 2d = 2000 yr
   axis angle   0 deg: barrier onset Delta_a = 8425 yr; unprotected one-way-shortcut span = 0 yr (0.000 of window); margin before CTC = 2000 yr
   axis angle  30 deg: barrier onset Delta_a = 8559 yr; unprotected one-way-shortcut span = 134 yr (0.067 of window); margin before CTC = 1866 yr
   axis angle  60 deg: barrier onset Delta_a = 8925 yr; unprotected one-way-shortcut span = 500 yr (0.250 of window); margin before CTC = 1500 yr
   axis angle  80 deg: barrier onset Delta_a = 9251 yr; unprotected one-way-shortcut span = 826.4 yr (0.413 of window); margin before CTC = 1174 yr
   axis angle  90 deg: barrier onset Delta_a = 9425 yr; unprotected one-way-shortcut span = 1000 yr (0.500 of window); margin before CTC = 1000 yr
d = 3000 ly: T_thru = 9425 yr, Delta_s = 6425 yr, Delta_CTC = 1.242e+04 yr, window 2d = 6000 yr
   axis angle   0 deg: barrier onset Delta_a = 6425 yr; unprotected one-way-shortcut span = 0 yr (0.000 of window); margin before CTC = 6000 yr
   axis angle  30 deg: barrier onset Delta_a = 6827 yr; unprotected one-way-shortcut span = 401.9 yr (0.067 of window); margin before CTC = 5598 yr
   axis angle  60 deg: barrier onset Delta_a = 7925 yr; unprotected one-way-shortcut span = 1500 yr (0.250 of window); margin before CTC = 4500 yr
   axis angle  80 deg: barrier onset Delta_a = 8904 yr; unprotected one-way-shortcut span = 2479 yr (0.413 of window); margin before CTC = 3521 yr
   axis angle  90 deg: barrier onset Delta_a = 9425 yr; unprotected one-way-shortcut span = 3000 yr (0.500 of window); margin before CTC = 3000 yr
check: Delta_a <= T_thru < Delta_CTC for every axis angle (barrier precedes CTC): PASS
MM gap 1/ell = 1.06e-11 s^-1 (ell = 3000 ly)
Sgr A* ISCO: r = 3.81e+10 m, Omega = 0.00321 s^-1, Omega*ell/c = 3.04e+08
0.9c circuit, R = 500 ly: Omega = 5.7e-11 s^-1, Omega*ell/c = 5.4
slow circuit obeying Omega*ell/c = 0.01 at R = 1000 ly: v = 0.00333 c, time to Delta_s = 1.52e+09 yr

--- stderr ---

