# math_run log
command:  python3 runs\2026-10-03-traversable-wormhole-shortcuts\calc\falsifier-C4-0_ghost_lifetime.py
started:  2026-10-08T12:40:11Z
duration: 0.0 s
exit:     0
versions: python 3.14.6, sympy 1.14.0, mpmath 1.3.0, numpy 2.5.2, scipy 1.18.0
counts:   no PASS/FAIL lines

--- stdout ---
Planck length l_P = 1.6163e-35 m

--- 1. Signal (light) crossing vs instability, Ellis b0 = 1 m ---
tau_unstable = 2.822e-09 s
signal |l|<3b0: 2.001e-08 s = 7.09 e-folds
signal r=10 m to r=10 m: 6.638e-08 s = 23.52 e-folds
  seed quantum l_P/b0  delta = 1.616e-35 -> 80.1 e-folds to O(1) -> lifetime 2.261e-07 s = 67.8 b0/c
  seed 1 eV photon     delta = 1.324e-63 -> 144.8 e-folds to O(1) -> lifetime 4.086e-07 s = 122.5 b0/c
  seed 1 kg payload    delta = 7.426e-28 -> 62.5 e-folds to O(1) -> lifetime 1.763e-07 s = 52.8 b0/c
  seed 70 kg payload   delta = 5.198e-26 -> 58.2 e-folds to O(1) -> lifetime 1.643e-07 s = 49.3 b0/c

--- 2. C4 sub-hypothesis (a): slow crossing at v = 10 km/s ---
b0 = 504.9 m: tau_u = 1.425e-06 s; crossing pi b0/v = 1.586e-01 s = 1.113e+05 e-folds; quantum-seeded lifetime 1.230e-04 s (86 e-folds); 70 kg-seeded 9.182e-05 s (64 e-folds); crossing/lifetime = 1.29e+03
b0 = 4516.0 m: tau_u = 1.274e-05 s; crossing pi b0/v = 1.419e+00 s = 1.113e+05 e-folds; quantum-seeded lifetime 1.128e-03 s (89 e-folds); 70 kg-seeded 8.492e-04 s (67 e-folds); crossing/lifetime = 1.26e+03

--- 3. Minimum crossing speed for a ghost-scalar Ellis throat ---
b0 = 1.00e+00 m, T = 0.846: ln(b0/l_P) = 80.1 -> v_min = 0.0464 c
b0 = 1.00e+00 m, T = 0.590: ln(b0/l_P) = 80.1 -> v_min = 0.0665 c
b0 = 1.00e+03 m, T = 0.846: ln(b0/l_P) = 87.0 -> v_min = 0.0427 c
b0 = 1.00e+03 m, T = 0.590: ln(b0/l_P) = 87.0 -> v_min = 0.0612 c
b0 = 1.50e+11 m, T = 0.846: ln(b0/l_P) = 105.8 -> v_min = 0.0351 c
b0 = 1.50e+11 m, T = 0.590: ln(b0/l_P) = 105.8 -> v_min = 0.0503 c
b0 = 9.46e+15 m, T = 0.846: ln(b0/l_P) = 116.9 -> v_min = 0.0318 c
b0 = 9.46e+15 m, T = 0.590: ln(b0/l_P) = 116.9 -> v_min = 0.0456 c

--- 4. Human (1 g over 2 m) at v_min: tidal bound b0 >= gamma v sqrt(xi/a) ---
self-consistent: v_min = 0.0502 c, b0_min = 6.807e+06 m, |M| ~ b0 c^2/G = 9.166e+33 kg = 4.608e+03 M_sun
crossing time pi b0/v = 1.421e+00 s vs lifetime 1.421e+00 s

--- 5. Shortcut ratio is unaffected: T_thru set by b0, T_ext by d ---
d = 1.000e+03 m: T_thru/T_ext = 2.031e-02 (T_ext = (d - 20 m)/c)
d = 1.496e+11 m: T_thru/T_ext = 1.330e-10 (T_ext = (d - 20 m)/c)
d = 9.461e+15 m: T_thru/T_ext = 2.103e-15 (T_ext = (d - 20 m)/c)

--- stderr ---

