# math_run log
command:  python3 runs\2026-10-03-traversable-wormhole-shortcuts\calc\falsifier-C7-2_offset_scale.py
started:  2026-10-08T12:50:12Z
duration: 0.1 s
exit:     0
versions: python 3.14.6, sympy 1.14.0, mpmath 1.3.0, numpy 2.5.2, scipy 1.18.0
counts:   no PASS/FAIL lines

--- stdout ---
T_thru = 9425 yr; Delta_s = 8425 yr; Delta_CTC = 1.042e+04 yr (d = 1000 ly)
energy gap c/ell = 1.06e-11 s^-1; Unruh-equality acceleration 2 pi c^2/ell = 0.0199 m/s^2
[candidate 0.1c circling] beta=0.1, R=1000 ly: Omega*ell/c = 0.3; a/(2pi c^2/ell) = 0.00482; eps = 0.005013; t(Delta_s) = 1.68e+06 yr; t(Delta_CTC) = 2.08e+06 yr
    force = 1.91e+30 N; central mass for a gravitational orbit = 1.27e+44 kg = 6.41e+13 Msun; photon-rocket energy to supply it to Delta_s = 3.04e+52 J = 16.9 mouth rest energies
    dark-U(1) power = 6.08e+24 W; radiated to Delta_s = 3.23e+38 J = 1.79e-13 Mc^2
[0.9c circling within d] beta=0.9, R=1000 ly: Omega*ell/c = 2.7; a/(2pi c^2/ell) = 2.04; eps = 0.5641; t(Delta_s) = 1.49e+04 yr; t(Delta_CTC) = 1.85e+04 yr
    force = 3.53e+32 N; central mass for a gravitational orbit = 1.03e+46 kg = 5.19e+15 Msun; photon-rocket energy to supply it to Delta_s = 4.99e+52 J = 27.8 mouth rest energies
    dark-U(1) power = 3.99e+28 W; radiated to Delta_s = 1.88e+40 J = 1.05e-11 Mc^2
[gentle circling] beta=0.01, R=1000 ly: Omega*ell/c = 0.03; a/(2pi c^2/ell) = 4.78e-05; eps = 5e-05; t(Delta_s) = 1.68e+08 yr; t(Delta_CTC) = 2.08e+08 yr
    force = 1.9e+28 N; central mass for a gravitational orbit = 1.27e+42 kg = 6.41e+11 Msun; photon-rocket energy to supply it to Delta_s = 3.03e+52 J = 16.8 mouth rest energies
    dark-U(1) power = 6.08e+20 W; radiated to Delta_s = 3.23e+36 J = 1.8e-15 Mc^2
[gentle circling] beta=0.03, R=1000 ly: Omega*ell/c = 0.09; a/(2pi c^2/ell) = 0.00043; eps = 0.0004501; t(Delta_s) = 1.87e+07 yr; t(Delta_CTC) = 2.32e+07 yr
    force = 1.71e+29 N; central mass for a gravitational orbit = 1.15e+43 kg = 5.76e+12 Msun; photon-rocket energy to supply it to Delta_s = 3.03e+52 J = 16.9 mouth rest energies
    dark-U(1) power = 4.93e+22 W; radiated to Delta_s = 2.91e+37 J = 1.62e-14 Mc^2
MM Keplerian lifetime at d = 0.5 ly: 3.73e+16 yr
MM Keplerian lifetime at d = 1e+03 ly: 2.98e+26 yr
0.9c reversal at a = 0.00199 m/s^2: proper time 1.41e+04 yr, coordinate time 1.97e+04 yr, overshoot distance 6.18e+03 ly (vs cruise time 1.5e4 yr)
Sgr A* ISCO: period 1956 s; Omega*ell/c = 3.04e+08; quadrupole inspiral time from r=6M 2.28e+05 s = 2.64 d; GW power 1.64e+44 W; GW energy over 2.88e+04 yr parking = 1.49e+56 J = 8.27e+04 mouth rest energies
E_bin = 4.49e+26 J for reference

--- stderr ---

