# math_run log
command:  python3 runs\2026-10-03-traversable-wormhole-shortcuts\calc\falsifier-C2-1_capacity.py
started:  2026-10-08T12:36:03Z
duration: 0.0 s
exit:     0
versions: python 3.14.6, sympy 1.14.0, mpmath 1.3.0, numpy 2.5.2, scipy 1.18.0
counts:   no PASS/FAIL lines

--- stdout ---
Check |E_min| * l / (hbar c) against N_eff*q/16 (MMP eq. 5.31):
  constraints N_f=1, g=e      : |E_min| l/(hbar c) = 1.317e+14;  N q/16 = 1.312e+14;  ratio = 1.00
  engineer N_eff=1, g=0.06    : |E_min| l/(hbar c) = 2.509e+13;  N q/16 = 2.562e+13;  ratio = 0.98
  engineer N_eff=54, g=0.06   : |E_min| l/(hbar c) = 1.383e+15;  N q/16 = 1.384e+15;  ratio = 1.00

Gap-scale quanta per window (E_gap ~ hbar c / l, MMP/MM gap of order 1/l):
  constraints N_f=1, g=e      : E_gap = 8.58e-07 eV; N_quanta = |E_min|/E_gap = 1.32e+14; transit pi*l/c = 2.41e-09 s; rate = 5.46e+22 quanta/s
  engineer N_eff=1, g=0.06    : E_gap = 1.79e-07 eV; N_quanta = |E_min|/E_gap = 2.51e+13; transit pi*l/c = 1.15e-08 s; rate = 2.18e+21 quanta/s
  engineer N_eff=54, g=0.06   : E_gap = 9.40e-06 eV; N_quanta = |E_min|/E_gap = 1.38e+15; transit pi*l/c = 2.20e-10 s; rate = 6.29e+24 quanta/s

SM exterior: lightest charged fermion is the electron (m_e c^2 = 0.511 MeV).
Electron-mediated quanta per window N_e = |E_min| / (m_e c^2), and rate N_e/(pi l / c):
  constraints N_f=1, g=e      : N_e = 2.21e+02; rate = 9.17e+10 electrons/s; label capacity log2(q) = 50.9 bits/electron; bits/s <= 4.67e+12
  engineer N_eff=1, g=0.06    : N_e = 8.81e+00; rate = 7.64e+08 electrons/s; label capacity log2(q) = 48.5 bits/electron; bits/s <= 3.71e+10
  engineer N_eff=54, g=0.06   : N_e = 2.54e+04; rate = 1.16e+14 electrons/s; label capacity log2(q) = 48.5 bits/electron; bits/s <= 5.61e+15

MM 2020 capacity statement: ~c2 qubits per l (a RATE). For the MM human-scale row,
c2 ~ N_f > 1e52 (MM quote), l = 9.42e3 yr * c / pi:
  l_MM = 2.837e+19 m; c2 = 1e52 qubits per l/c = 9.462e+10 s -> 1.06e+41 qubits/s

--- stderr ---

