# math_run log
command:  python3 runs\2026-10-03-traversable-wormhole-shortcuts\calc\falsifier-C4-2_stability_scale.py
started:  2026-10-08T12:40:36Z
duration: 0.1 s
exit:     0
versions: python 3.14.6, sympy 1.14.0, mpmath 1.3.0, numpy 2.5.2, scipy 1.18.0
counts:   no PASS/FAIL lines

--- stdout ---
== 1. Slow crossings proposed in C4 sub-hypothesis (a), v = 10 km/s ==
b0 = 1 m: tau_unstable = 2.822e-09 s, crossing time = 3.142e-04 s, e-folds during crossing N = 1.113e+05, log10 growth = 4.835e+04
b0 = 505 m (20 g over 0.5 m): tau_unstable = 1.425e-06 s, crossing time = 1.586e-01 s, e-folds during crossing N = 1.113e+05, log10 growth = 4.835e+04
b0 = 4.5 km (1 g over 2 m): tau_unstable = 1.274e-05 s, crossing time = 1.419e+00 s, e-folds during crossing N = 1.113e+05, log10 growth = 4.835e+04
N is independent of b0: N = pi c /(0.846 v) = 1.1133e+05

== 2. Seed from the payload itself and the minimum crossing speed ==
1 kg, 0.5 m, 20 g: delta = 9.726e-34, N_max = 73.7, v_min = 1.510e+07 m/s = 0.0504 c, b0_min (tide) = 7.635e+05 m, |M| ~ 1.028e+33 kg = 5.170e+02 Msun, crossing time = 1.588e-01 s, tau = 2.155e-03 s
70 kg human, 2 m, 1 g: delta = 7.402e-33, N_max = 71.7, v_min = 1.553e+07 m/s = 0.0518 c, b0_min (tide) = 7.023e+06 m, |M| ~ 9.457e+33 kg = 4.755e+03 Msun, crossing time = 1.421e+00 s, tau = 1.982e-02 s
70 kg, 0.5 m, 20 g: delta = 6.420e-32, N_max = 69.5, v_min = 1.601e+07 m/s = 0.0534 c, b0_min (tide) = 8.097e+05 m, |M| ~ 1.090e+33 kg = 5.482e+02 Msun, crossing time = 1.588e-01 s, tau = 2.285e-03 s

== 3. Unattended lifetime of a static throat bathed in the CMB ==
b0 = 1.000e+00 m: CMB infall per e-fold = 4.933e-30 kg, delta = 3.663e-57, lifetime ~ 3.602e-07 s (127.6 e-folds)
b0 = 4.516e+03 m: CMB infall per e-fold = 4.543e-19 kg, delta = 7.470e-50, lifetime ~ 1.412e-03 s (110.8 e-folds)
b0 = 6.900e+06 m: CMB infall per e-fold = 1.620e-09 kg, delta = 1.744e-43, lifetime ~ 1.872e+00 s (96.2 e-folds)

== 4. Control bandwidth needed for active stabilisation ==
b0 = 1.000e+00 m: growth rate 1/tau = 3.544e+08 s^-1; light-crossing of throat circumference 2 pi b0 / c = 2.096e-08 s = 7.43 tau
b0 = 4.516e+03 m: growth rate 1/tau = 7.847e+04 s^-1; light-crossing of throat circumference 2 pi b0 / c = 9.465e-05 s = 7.43 tau
b0 = 6.900e+06 m: growth rate 1/tau = 5.136e+01 s^-1; light-crossing of throat circumference 2 pi b0 / c = 1.446e-01 s = 7.43 tau

== 5. Clock drift that erodes a designed T_thru/T_ext (one-sided, mouths 1 ly apart) ==
relative speed 30 km/s: offset rate 5.007e-09 s/s; offset reaches T_ext = 3.156e+07 s after 6.303e+15 s = 1.997e+08 yr
relative speed 220 km/s: offset rate 2.693e-07 s/s; offset reaches T_ext = 3.156e+07 s after 1.172e+14 s = 3.714e+06 yr

--- stderr ---

