# math_run log
command:  python3 runs\2026-10-03-traversable-wormhole-shortcuts\calc\falsifier-C1-0_ellis_lifetime.py
started:  2026-10-08T12:34:39Z
duration: 1.1 s
exit:     0
versions: python 3.14.6, sympy 1.14.0, mpmath 1.3.0, numpy 2.5.2, scipy 1.18.0
counts:   no PASS/FAIL lines

--- stdout ---
Gonzalez et al. bound: tau_e in [0.5774, 0.8528] b0/c; worst case used = 0.5774 b0/c

b0 =     1.0 m, R_obs =  3.0 b0, v = 1.000e+00 c: T_cross = 1.8869e-08 s, tau_e = 1.9258e-09 s, e-folds needed = 9.7980e+00
b0 =     1.0 m, R_obs =  3.0 b0, v = 1.000e-01 c: T_cross = 1.8869e-07 s, tau_e = 1.9258e-09 s, e-folds needed = 9.7980e+01
b0 =     1.0 m, R_obs =  3.0 b0, v = 3.336e-05 c: T_cross = 5.6569e-04 s, tau_e = 1.9258e-09 s, e-folds needed = 2.9374e+05
b0 =     1.0 m, R_obs = 10.0 b0, v = 1.000e+00 c: T_cross = 6.6378e-08 s, tau_e = 1.9258e-09 s, e-folds needed = 3.4467e+01
b0 =     1.0 m, R_obs = 10.0 b0, v = 1.000e-01 c: T_cross = 6.6378e-07 s, tau_e = 1.9258e-09 s, e-folds needed = 3.4467e+02
b0 =     1.0 m, R_obs = 10.0 b0, v = 3.336e-05 c: T_cross = 1.9900e-03 s, tau_e = 1.9258e-09 s, e-folds needed = 1.0333e+06
   shortcut: b0 = 1.0 m, d = 1 AU: T_thru = 6.6378e-08 s, T_ext = 4.9900e+02 s, ratio = 1.330e-10
   shortcut: b0 = 1.0 m, d = 1 ly: T_thru = 6.6378e-08 s, T_ext = 3.1557e+07 s, ratio = 2.103e-15
   payload m =   1.0 kg: throat mass scale b0c^2/G = 1.347e+27 kg, eps = 7.426e-28, e-folds available = 62.47
   payload m =  70.0 kg: throat mass scale b0c^2/G = 1.347e+27 kg, eps = 5.198e-26, e-folds available = 58.22
   ambient seeds: CMB in b0^3: eps = 3.446e-58 (N = 132.3); one vacuum quantum hbar c/b0: eps = 2.612e-70 (N = 160.2)
   open time if seeded only by one vacuum quantum: 3.086e-07 s = 92.5 b0/c

b0 =   505.0 m, R_obs =  3.0 b0, v = 1.000e+00 c: T_cross = 9.5290e-06 s, tau_e = 9.7255e-07 s, e-folds needed = 9.7980e+00
b0 =   505.0 m, R_obs =  3.0 b0, v = 1.000e-01 c: T_cross = 9.5290e-05 s, tau_e = 9.7255e-07 s, e-folds needed = 9.7980e+01
b0 =   505.0 m, R_obs =  3.0 b0, v = 3.336e-05 c: T_cross = 2.8567e-01 s, tau_e = 9.7255e-07 s, e-folds needed = 2.9374e+05
b0 =   505.0 m, R_obs = 10.0 b0, v = 1.000e+00 c: T_cross = 3.3521e-05 s, tau_e = 9.7255e-07 s, e-folds needed = 3.4467e+01
b0 =   505.0 m, R_obs = 10.0 b0, v = 1.000e-01 c: T_cross = 3.3521e-04 s, tau_e = 9.7255e-07 s, e-folds needed = 3.4467e+02
b0 =   505.0 m, R_obs = 10.0 b0, v = 3.336e-05 c: T_cross = 1.0049e+00 s, tau_e = 9.7255e-07 s, e-folds needed = 1.0333e+06
   shortcut: b0 = 505.0 m, d = 1 AU: T_thru = 3.3521e-05 s, T_ext = 4.9900e+02 s, ratio = 6.718e-08
   shortcut: b0 = 505.0 m, d = 1 ly: T_thru = 3.3521e-05 s, T_ext = 3.1557e+07 s, ratio = 1.062e-12
   payload m =   1.0 kg: throat mass scale b0c^2/G = 6.800e+29 kg, eps = 1.471e-30, e-folds available = 68.69
   payload m =  70.0 kg: throat mass scale b0c^2/G = 6.800e+29 kg, eps = 1.029e-28, e-folds available = 64.44
   ambient seeds: CMB in b0^3: eps = 8.787e-53 (N = 119.9); one vacuum quantum hbar c/b0: eps = 1.024e-75 (N = 172.7)
   open time if seeded only by one vacuum quantum: 1.679e-04 s = 99.7 b0/c

b0 =  1000.0 m, R_obs =  3.0 b0, v = 1.000e+00 c: T_cross = 1.8869e-05 s, tau_e = 1.9258e-06 s, e-folds needed = 9.7980e+00
b0 =  1000.0 m, R_obs =  3.0 b0, v = 1.000e-01 c: T_cross = 1.8869e-04 s, tau_e = 1.9258e-06 s, e-folds needed = 9.7980e+01
b0 =  1000.0 m, R_obs =  3.0 b0, v = 3.336e-05 c: T_cross = 5.6569e-01 s, tau_e = 1.9258e-06 s, e-folds needed = 2.9374e+05
b0 =  1000.0 m, R_obs = 10.0 b0, v = 1.000e+00 c: T_cross = 6.6378e-05 s, tau_e = 1.9258e-06 s, e-folds needed = 3.4467e+01
b0 =  1000.0 m, R_obs = 10.0 b0, v = 1.000e-01 c: T_cross = 6.6378e-04 s, tau_e = 1.9258e-06 s, e-folds needed = 3.4467e+02
b0 =  1000.0 m, R_obs = 10.0 b0, v = 3.336e-05 c: T_cross = 1.9900e+00 s, tau_e = 1.9258e-06 s, e-folds needed = 1.0333e+06
   shortcut: b0 = 1000.0 m, d = 1 AU: T_thru = 6.6378e-05 s, T_ext = 4.9900e+02 s, ratio = 1.330e-07
   shortcut: b0 = 1000.0 m, d = 1 ly: T_thru = 6.6378e-05 s, T_ext = 3.1557e+07 s, ratio = 2.103e-12
   payload m =   1.0 kg: throat mass scale b0c^2/G = 1.347e+30 kg, eps = 7.426e-31, e-folds available = 69.38
   payload m =  70.0 kg: throat mass scale b0c^2/G = 1.347e+30 kg, eps = 5.198e-29, e-folds available = 65.13
   ambient seeds: CMB in b0^3: eps = 3.446e-52 (N = 118.5); one vacuum quantum hbar c/b0: eps = 2.612e-76 (N = 174.0)
   open time if seeded only by one vacuum quantum: 3.352e-04 s = 100.5 b0/c

Robustness at b0 = 1 m, 1 kg, v = c, R_obs = 10 b0: N_avail - N_needed = 28.00 e-folds, i.e. the seed could be 1.45e+12 times larger and the payload still crosses first

--- stderr ---

