# math_run log
command:  python3 runs\2026-10-03-traversable-wormhole-shortcuts\calc\falsifier-C8-0_channel_and_regime.py
started:  2026-10-08T12:52:22Z
duration: 0.1 s
exit:     0
versions: python 3.14.6, sympy 1.14.0, mpmath 1.3.0, numpy 2.5.2, scipy 1.18.0
counts:   no PASS/FAIL lines

--- stdout ---
=== (A) Maldacena-Qi: wormhole transfer rate vs coupling-channel capacity ===
units: hbar = 1, J = 1 (rates in units of J/hbar)
N=   100 mu=1e-02: omega_wh/omega_naive =    4.64; R_wh =  7.387e-01 qubit/(1/J); c= 2.0 capacity bound =  5.000e+01; bound/R_wh =  6.768e+01
N=   100 mu=1e-02: omega_wh/omega_naive =    4.64; R_wh =  7.387e-01 qubit/(1/J); c=18.0 capacity bound =  4.500e+02; bound/R_wh =  6.092e+02
N=   100 mu=1e-03: omega_wh/omega_naive =   10.00; R_wh =  1.592e-01 qubit/(1/J); c= 2.0 capacity bound =  5.000e+00; bound/R_wh =  3.142e+01
N=   100 mu=1e-03: omega_wh/omega_naive =   10.00; R_wh =  1.592e-01 qubit/(1/J); c=18.0 capacity bound =  4.500e+01; bound/R_wh =  2.827e+02
N=   100 mu=1e-04: omega_wh/omega_naive =   21.54; R_wh =  3.429e-02 qubit/(1/J); c= 2.0 capacity bound =  5.000e-01; bound/R_wh =  1.458e+01
N=   100 mu=1e-04: omega_wh/omega_naive =   21.54; R_wh =  3.429e-02 qubit/(1/J); c=18.0 capacity bound =  4.500e+00; bound/R_wh =  1.312e+02
N=  1000 mu=1e-02: omega_wh/omega_naive =    4.64; R_wh =  7.387e+00 qubit/(1/J); c= 2.0 capacity bound =  5.000e+03; bound/R_wh =  6.768e+02
N=  1000 mu=1e-02: omega_wh/omega_naive =    4.64; R_wh =  7.387e+00 qubit/(1/J); c=18.0 capacity bound =  4.500e+04; bound/R_wh =  6.092e+03
N=  1000 mu=1e-03: omega_wh/omega_naive =   10.00; R_wh =  1.592e+00 qubit/(1/J); c= 2.0 capacity bound =  5.000e+02; bound/R_wh =  3.142e+02
N=  1000 mu=1e-03: omega_wh/omega_naive =   10.00; R_wh =  1.592e+00 qubit/(1/J); c=18.0 capacity bound =  4.500e+03; bound/R_wh =  2.827e+03
N=  1000 mu=1e-04: omega_wh/omega_naive =   21.54; R_wh =  3.429e-01 qubit/(1/J); c= 2.0 capacity bound =  5.000e+01; bound/R_wh =  1.458e+02
N=  1000 mu=1e-04: omega_wh/omega_naive =   21.54; R_wh =  3.429e-01 qubit/(1/J); c=18.0 capacity bound =  4.500e+02; bound/R_wh =  1.312e+03
N= 10000 mu=1e-02: omega_wh/omega_naive =    4.64; R_wh =  7.387e+01 qubit/(1/J); c= 2.0 capacity bound =  5.000e+05; bound/R_wh =  6.768e+03
N= 10000 mu=1e-02: omega_wh/omega_naive =    4.64; R_wh =  7.387e+01 qubit/(1/J); c=18.0 capacity bound =  4.500e+06; bound/R_wh =  6.092e+04
N= 10000 mu=1e-03: omega_wh/omega_naive =   10.00; R_wh =  1.592e+01 qubit/(1/J); c= 2.0 capacity bound =  5.000e+04; bound/R_wh =  3.142e+03
N= 10000 mu=1e-03: omega_wh/omega_naive =   10.00; R_wh =  1.592e+01 qubit/(1/J); c=18.0 capacity bound =  4.500e+05; bound/R_wh =  2.827e+04
N= 10000 mu=1e-04: omega_wh/omega_naive =   21.54; R_wh =  3.429e+00 qubit/(1/J); c= 2.0 capacity bound =  5.000e+03; bound/R_wh =  1.458e+03
N= 10000 mu=1e-04: omega_wh/omega_naive =   21.54; R_wh =  3.429e+00 qubit/(1/J); c=18.0 capacity bound =  4.500e+04; bound/R_wh =  1.312e+04
bound/R_wh = c * pi * N * mu^(1/3) / 2  (analytic)
c= 2.0, N=100: bound would bite only for mu < 3.23e-08 J
c= 2.0, N=1000: bound would bite only for mu < 3.23e-11 J
c=18.0, N=100: bound would bite only for mu < 4.42e-11 J
c=18.0, N=1000: bound would bite only for mu < 4.42e-14 J
Also: at mu = 0 the L-R transmission amplitude vanishes identically (decoupled TFD, no signal through the bulk) -- nothing is delivered without the channel.

=== (B) Semiclassical-gravity window for Sycamore-type SYK sizes ===
alpha_S = 0.0070
  Sycamore learned (N=7; beta J illustrative)  : N alpha_S =    0.049; beta J =  4.20; Schwarzian coupling N alpha_S/(beta J) =    0.012 -> NOT semiclassical
  Byun et al. N=8, beta=3, J=sqrt2             : N alpha_S =    0.056; beta J =  4.24; Schwarzian coupling N alpha_S/(beta J) =    0.013 -> NOT semiclassical
  N=20 proposed                                : N alpha_S =    0.140; beta J =  5.00; Schwarzian coupling N alpha_S/(beta J) =    0.028 -> NOT semiclassical
  N=100 proposed                               : N alpha_S =    0.700; beta J =  5.00; Schwarzian coupling N alpha_S/(beta J) =    0.140 -> NOT semiclassical
  N=1e4 for comparison                         : N alpha_S =   70.000; beta J = 10.00; Schwarzian coupling N alpha_S/(beta J) =    7.000 -> NOT semiclassical
  N needed for beta J >= 3 and N alpha_S/(beta J) >= 10: N >= 4286
alpha_S = 0.0156
  Sycamore learned (N=7; beta J illustrative)  : N alpha_S =    0.109; beta J =  4.20; Schwarzian coupling N alpha_S/(beta J) =    0.026 -> NOT semiclassical
  Byun et al. N=8, beta=3, J=sqrt2             : N alpha_S =    0.125; beta J =  4.24; Schwarzian coupling N alpha_S/(beta J) =    0.029 -> NOT semiclassical
  N=20 proposed                                : N alpha_S =    0.312; beta J =  5.00; Schwarzian coupling N alpha_S/(beta J) =    0.062 -> NOT semiclassical
  N=100 proposed                               : N alpha_S =    1.562; beta J =  5.00; Schwarzian coupling N alpha_S/(beta J) =    0.312 -> NOT semiclassical
  N=1e4 for comparison                         : N alpha_S =  156.250; beta J = 10.00; Schwarzian coupling N alpha_S/(beta J) =   15.625 -> weakly coupled gravity
  N needed for beta J >= 3 and N alpha_S/(beta J) >= 10: N >= 1920

--- stderr ---

