# math_run log
command:  python3 runs\2026-10-03-traversable-wormhole-shortcuts\calc\lens-idealizer_handle.py
started:  2026-10-08T11:56:16Z
duration: 3.9 s
exit:     0
versions: python 3.14.6, sympy 1.14.0, mpmath 1.3.0, numpy 2.5.2, scipy 1.18.0
counts:   no PASS/FAIL lines

--- stdout ---
=== (1)+(2) Aligned gluing O = I, ray along +D (n_in = D_hat) ===
 L/d   shortcut(T_thru<T_ext)   gamma chronal?   worst margin (m, units of d=1 m)
  0.00   True                     False            -1.0000
  0.50   True                     False            -0.5000
  0.90   True                     False            -0.1000
  0.99   True                     False            -0.0100
  1.01   False                    True             +0.0100
  1.50   False                    True             +0.5000
  3.00   False                    True             +2.0000
 10.00   False                    True             +9.0000

=== Aligned gluing, ray direction at angle psi to D: achronal iff L <= d cos(psi) ===
 psi=  0 deg  L/d=0.3  d cos(psi)=+1.000  chronal=False  predicted chronal=False  margin=-0.7000
 psi=  0 deg  L/d=0.7  d cos(psi)=+1.000  chronal=False  predicted chronal=False  margin=-0.3000
 psi= 30 deg  L/d=0.3  d cos(psi)=+0.866  chronal=False  predicted chronal=False  margin=-0.5662
 psi= 30 deg  L/d=0.7  d cos(psi)=+0.866  chronal=False  predicted chronal=False  margin=-0.1661
 psi= 60 deg  L/d=0.3  d cos(psi)=+0.500  chronal=False  predicted chronal=False  margin=-0.2004
 psi= 60 deg  L/d=0.7  d cos(psi)=+0.500  chronal=True  predicted chronal=True  margin=+0.1997
 psi= 89 deg  L/d=0.3  d cos(psi)=+0.017  chronal=True  predicted chronal=True  margin=+0.2820
 psi= 89 deg  L/d=0.7  d cos(psi)=+0.017  chronal=True  predicted chronal=True  margin=+0.6821
 psi=120 deg  L/d=0.3  d cos(psi)=-0.500  chronal=True  predicted chronal=True  margin=+0.9984
 psi=120 deg  L/d=0.7  d cos(psi)=-0.500  chronal=True  predicted chronal=True  margin=+1.1997

=== Mirror gluing O = -I (standard Visser cut-and-paste orientation), L = 0 (thin shell, maximal shortcut) ===
 ray angle   0 deg: chronal=True, margin=+799.000 m
 ray angle  45 deg: chronal=True, margin=+799.000 m
 ray angle  90 deg: chronal=True, margin=+799.000 m
 ray angle 180 deg: chronal=True, margin=+799.000 m

=== Rotated gluing O = R(axis, angle): only rays along the rotation axis can be achronal ===
 axis=[0, 0, 1], angle=40 deg, L/d=0.2: random rays achronal: 0/200; along +axis chronal=True (D.n=+0.00); along -axis chronal=True (D.n=+0.00)
 axis=[1, 0, 0], angle=40 deg, L/d=0.2: random rays achronal: 2/200; along +axis chronal=False (D.n=+1.00); along -axis chronal=True (D.n=-1.00)
 axis=[0, 1, 0], angle=170 deg, L/d=0.2: random rays achronal: 0/200; along +axis chronal=True (D.n=+0.00); along -axis chronal=True (D.n=+0.00)

=== Finite mouth radius a: exterior route must avoid mouths; straight line is a lower bound.
 With a > 0 the facing-observer exterior time is d - 2a while gamma's far-field threshold stays ~ D.n;
 e.g. a/d = 0.1: shortcut for facing observers iff L < 0.8 d; achronal aligned ray iff L <~ d (+O(a)).

=== (4) Time-machine threshold: closed loop time = d + L - Delta ===
 thin-shell shortcut: d = 10.0 ly, L = 0.0 ly -> CTC iff Delta >= 10 yr
 short throat: d = 10.0 ly, L = 1.0 ly -> CTC iff Delta >= 11 yr
 MM-like long throat (Q-06: pi*ell ~ 9.4e3 ly): d = 1000.0 ly, L = 9400.0 ly -> CTC iff Delta >= 1.04e+04 yr
  mouth trip at v = 0.1c: Delta/T = 0.0050; T needed for MM-like Delta = 1.04e4 yr: 2.07e+06 yr
  mouth trip at v = 0.5c: Delta/T = 0.1340; T needed for MM-like Delta = 1.04e4 yr: 7.76e+04 yr
  mouth trip at v = 0.9c: Delta/T = 0.5641; T needed for MM-like Delta = 1.04e4 yr: 1.84e+04 yr
  mouth trip at v = 0.99c: Delta/T = 0.8589; T needed for MM-like Delta = 1.04e4 yr: 1.21e+04 yr

--- stderr ---

