# math_run log
command:  python3 runs\2026-10-03-traversable-wormhole-shortcuts\calc\lens-decomposer_timeshift.py
started:  2026-10-08T11:54:26Z
duration: 0.0 s
exit:     0
versions: python 3.14.6, sympy 1.14.0, mpmath 1.3.0, numpy 2.5.2, scipy 1.18.0
counts:   no PASS/FAIL lines

--- stdout ---
=== 1. Generic thresholds (units of d/c) ===
L/d =    0.001: shift for shortcut -s >   -0.999 d/c ; for CTC -s >=    1.001 d/c ; ratio CTC/shortcut = inf (already shortcut)
L/d =    0.500: shift for shortcut -s >   -0.500 d/c ; for CTC -s >=    1.500 d/c ; ratio CTC/shortcut = inf (already shortcut)
L/d =    1.000: shift for shortcut -s >   +0.000 d/c ; for CTC -s >=    2.000 d/c ; ratio CTC/shortcut = inf (already shortcut)
L/d =    3.142: shift for shortcut -s >   +2.142 d/c ; for CTC -s >=    4.142 d/c ; ratio CTC/shortcut = 1.934
L/d =   10.000: shift for shortcut -s >   +9.000 d/c ; for CTC -s >=   11.000 d/c ; ratio CTC/shortcut = 1.222

=== 2. MM numbers (Q-02, Q-04, Q-06): ell ~ 3e3 ly, L = pi*ell, M_e ~ 2.0e34 kg per mouth ===
L = pi*ell = 9425 ly ; L/c = 9425 yr
d =       1 ly: T_thru/T_ext (no shift) =      9425; shift for shortcut =      9424 yr; for CTC =      9426 yr
d =     100 ly: T_thru/T_ext (no shift) =     94.25; shift for shortcut =      9325 yr; for CTC =      9525 yr
d =    1000 ly: T_thru/T_ext (no shift) =     9.425; shift for shortcut =      8425 yr; for CTC = 1.042e+04 yr
d =    3000 ly: T_thru/T_ext (no shift) =     3.142; shift for shortcut =      6425 yr; for CTC = 1.242e+04 yr

=== 3. Producing the shift by MTY-style mouth motion (out-and-back at speed v, exterior duration T) ===
shift = T (1 - 1/gamma). Kinetic energy of one mouth at speed v: (gamma-1) M_e c^2.
v = 0.01 c: gamma = 1.00005; exterior trip duration for shortcut shift (d=1000 ly) = 1.685e+08 yr; one-way excursion ~ 8.425e+05 ly; KE = 8.99e+46 J = 0.503 Msun c^2
v = 0.10 c: gamma = 1.00504; exterior trip duration for shortcut shift (d=1000 ly) = 1.681e+06 yr; one-way excursion ~ 8.404e+04 ly; KE = 9.06e+48 J = 50.7 Msun c^2
v = 0.50 c: gamma = 1.15470; exterior trip duration for shortcut shift (d=1000 ly) = 6.288e+04 yr; one-way excursion ~ 1.572e+04 ly; KE = 2.78e+50 J = 1.56e+03 Msun c^2
v = 0.90 c: gamma = 2.29416; exterior trip duration for shortcut shift (d=1000 ly) = 1.493e+04 yr; one-way excursion ~ 6721 ly; KE = 2.33e+51 J = 1.3e+04 Msun c^2

=== 4. Producing the shift by gravitational time dilation (mouth B parked at lapse alpha) ===
alpha = 0.9: parking time for shortcut shift (d = 1000 ly) = 8.425e+04 yr (exterior)
alpha = 0.5: parking time for shortcut shift (d = 1000 ly) = 1.685e+04 yr (exterior)
alpha = 0.1: parking time for shortcut shift (d = 1000 ly) = 9361 yr (exterior)

=== 5. Short throat for contrast: Ellis b0 = 1 m, observers at R = 10 m from each mouth, Phi = 0 ===
d = 1000 m: T_thru = 6.638e-08 s, T_ext = 3.269e-06 s, ratio = 0.0203; CTC shift needed = (L+d)/c = 3.402e-06 s
d = 1.496e+11 m: T_thru = 6.638e-08 s, T_ext = 499 s, ratio = 1.33e-10; CTC shift needed = (L+d)/c = 499 s
d = 9.461e+15 m: T_thru = 6.638e-08 s, T_ext = 3.156e+07 s, ratio = 2.1e-15; CTC shift needed = (L+d)/c = 3.156e+07 s

=== 6. Payload vs binding energy, MM (Q-02: |E_bin| ~ 5e9 kg) ===
payload     1.0 kg: m/|E_bin| = 2e-10
payload    70.0 kg: m/|E_bin| = 1.4e-08
payload  1000.0 kg: m/|E_bin| = 2e-07

--- stderr ---

