# math_run log
command:  python3 runs\2026-10-03-traversable-wormhole-shortcuts\calc\lens-idealizer_qi_twosided.py
started:  2026-10-08T11:59:06Z
duration: 0.0 s
exit:     0
versions: python 3.14.6, sympy 1.14.0, mpmath 1.3.0, numpy 2.5.2, scipy 1.18.0
counts:   no PASS/FAIL lines

--- stdout ---
=== (a) Quantum-inequality idealization ===
 Required throat energy density |rho| ~ c^4/(8 pi G r0^2) (Ellis/MT order of magnitude, [Q-24])
 Ford-Roman flat-space QI: |rho| <= 3 hbar c/(32 pi^2 (c tau)^4), sampling length c tau = f * (smallest length)
  uniform throat, f = 1.0: r0 <= sqrt(3/(4 pi)) l_P/f^2 = 0.489 l_P = 7.897e-36 m   (dossier Q-20: l_P/f^2 or l_P/(2 f^2))
  uniform throat, f = 0.1: r0 <= sqrt(3/(4 pi)) l_P/f^2 = 48.9 l_P = 7.897e-34 m   (dossier Q-20: l_P/f^2 or l_P/(2 f^2))
  uniform throat, f = 0.01: r0 <= sqrt(3/(4 pi)) l_P/f^2 = 4.89e+03 l_P = 7.897e-32 m   (dossier Q-20: l_P/f^2 or l_P/(2 f^2))
 Thin band of width w carrying the flare-out: |rho| ~ c^4/(8 pi G r0 w); sampling length f w:
  => w <= (3 r0 /(4 pi f^4 l_P))^(1/3) l_P   (Q-21 quotes (r0/(8 f^4 l_P))^(1/3) l_P)
  r0 = 1 m, f = 0.01: w <= 1.84e-21 m (Q-21 form: 1.48e-21 m); band density ~ 2.62e+63 J/m^3 vs ideal Casimir at 10 nm 4.3e4 J/m^3 [Q-31]: ratio 6.1e+58
  r0 = 9.46e+15 m, f = 0.01: w <= 3.89e-16 m (Q-21 form: 3.14e-16 m); band density ~ 1.31e+42 J/m^3 vs ideal Casimir at 10 nm 4.3e4 J/m^3 [Q-31]: ratio 3.0e+37
  r0 = 1.5e+07 m, f = 0.01: w <= 4.54e-19 m (Q-21 form: 3.66e-19 m); band density ~ 7.07e+53 J/m^3 vs ideal Casimir at 10 nm 4.3e4 J/m^3 [Q-31]: ratio 1.6e+49

=== (b) Two-sided wormhole as a channel (GJW/MQ idealization) ===
 Model: message enters left at t_L = -t_s; the double-trace coupling acts at boundary time t0 and is itself
 a non-gravitational L->R operation (in a lab: classical communication of the measured L outcomes).
 The message cannot exit right before the right-side operation at t0 that it needs; so
 t_arrival >= t0 + (time for the coupling's information to reach R).  Wormhole lead over channel: <= 0.
 Teleportation bookkeeping: 1 qubit needs 1 ebit + 2 classical bits; MSY: quanta through <~ const x bits exchanged [Q-17].
  throat/AdS scale R = 1e-15 m, payload 1 kg: quanta of wavelength ~R needed N ~ m c R/hbar = 2.8e+27 -> coupling must carry >~ 2.8e+27 bits through the classical channel anyway
  throat/AdS scale R = 1e-15 m, payload 70 kg: quanta of wavelength ~R needed N ~ m c R/hbar = 2.0e+29 -> coupling must carry >~ 2.0e+29 bits through the classical channel anyway
  throat/AdS scale R = 1e-06 m, payload 1 kg: quanta of wavelength ~R needed N ~ m c R/hbar = 2.8e+36 -> coupling must carry >~ 2.8e+36 bits through the classical channel anyway
  throat/AdS scale R = 1e-06 m, payload 70 kg: quanta of wavelength ~R needed N ~ m c R/hbar = 2.0e+38 -> coupling must carry >~ 2.0e+38 bits through the classical channel anyway
  throat/AdS scale R = 1 m, payload 1 kg: quanta of wavelength ~R needed N ~ m c R/hbar = 2.8e+42 -> coupling must carry >~ 2.8e+42 bits through the classical channel anyway
  throat/AdS scale R = 1 m, payload 70 kg: quanta of wavelength ~R needed N ~ m c R/hbar = 2.0e+44 -> coupling must carry >~ 2.0e+44 bits through the classical channel anyway
 FGM 2018 transit, BTZ: t* = -(l^2/r+) ln(|dV|/(2 l)) [Q-14]: logarithmic in the (small) negative shift |dV|.
  |dV|/(2l) = 0.01: t* r+/l^2 = 4.6
  |dV|/(2l) = 1e-10: t* r+/l^2 = 23.0
  |dV|/(2l) = 1e-30: t* r+/l^2 = 69.1

--- stderr ---

