# math_run log
command:  python3 runs\2026-10-03-traversable-wormhole-shortcuts\calc\lens-constraints_ec_table.py
started:  2026-10-08T12:03:18Z
duration: 7.7 s
exit:     0
versions: python 3.14.6, sympy 1.14.0, mpmath 1.3.0, numpy 2.5.2, scipy 1.18.0
counts:   no PASS/FAIL lines

--- stdout ---
=== A. Ellis throat, b0 = 1 m ===
rho = -3.978874e-02 1/m^2, p_l = -3.978874e-02, p_t = 3.978874e-02
expected rho = p_l = -1/(8 pi b0^2) = -3.978874e-02; p_t = +3.978874e-02
rho + p_l = -7.957747e-02 1/m^2 (expected -1/(4 pi) = -7.957747e-02) = -9.6309e+42 J/m^3
rho + p_l + 2 p_t = 0.000e+00 (SEC trace part)
ECs at throat: {'nec': False, 'wec': False, 'sec': False, 'dec': False, 'rho_plus_pl': -0.07957747154594767, 'rho_plus_pt': 0.0}
ANEC full line: direct -0.12500000 1/m, by parts -0.12500000, closed form -1/8 = -0.125; agree=True
  SI: -1.5128e+43 J/m^2 per unit E
  finite range |l| < 100 m: direct -0.125000, by parts -0.125000, boundary term -1.591e-03
  finite range |l| < 150 m: direct -0.125000, by parts -0.125000, boundary term -1.061e-03
  finite range |l| < 1000 m: direct -0.125000, by parts -0.125000, boundary term -1.592e-04
  finite range |l| < 1500 m: direct -0.125000, by parts -0.125000, boundary term -1.061e-04
rho + p_l over l in [-50, 50] m (2001 pts): max -1.272e-08, min -7.958e-02; all negative: True

=== B. gr_tensors scan across the throat region (proper-distance chart) ===
Phi = 0 (Ellis), n=41 points on l in [-10,10] m: violations {'nec': 41, 'wec': 41, 'sec': 41, 'dec': 41} of 41 (skipped 0); worst NEC -7.8553e-02 at l=0.00
Phi = 0 (Ellis), n=61 points on l in [-10,10] m: violations {'nec': 61, 'wec': 61, 'sec': 61, 'dec': 61} of 61 (skipped 0); worst NEC -7.8553e-02 at l=0.00
  at throat: type I, nec False, wec False, sec False, dec False, rho_observer -3.97887e-02
  curvature radius at throat 1.0000 m, Kretschmann 12.0000 1/m^4
  precision_check T_kk (radial null) at l=0 and l=3 m: {'max_rel_error': 0.0, 'worst_point': None, 'sign_flips': 0, 'values': [((0.0, 0.0, 1.1, 0.0), -0.07957747154594767, -0.07957747154594767), ((0.0, 3.0, 1.1, 0.0), -0.0007957747154594767, -0.0007957747154594767)]}
Phi = -b0/r (bounded redshift), n=41 points on l in [-10,10] m: violations {'nec': 41, 'wec': 41, 'sec': 41, 'dec': 41} of 41 (skipped 0); worst NEC -7.8040e-02 at l=0.00
Phi = -b0/r (bounded redshift), n=61 points on l in [-10,10] m: violations {'nec': 59, 'wec': 61, 'sec': 59, 'dec': 61} of 61 (skipped 0); worst NEC -7.8040e-02 at l=0.00
  at throat: type I, nec False, wec False, sec False, dec False, rho_observer -3.97887e-02
  curvature radius at throat 1.0000 m, Kretschmann 16.0000 1/m^4
  precision_check T_kk (radial null) at l=0 and l=3 m: {'max_rel_error': 1.4760691315559635e-16, 'worst_point': (0.0, 3.0, 1.1, 0.0), 'sign_flips': 0, 'values': [((0.0, 0.0, 1.1, 0.0), -0.07957747154594767, -0.07957747154594767), ((0.0, 3.0, 1.1, 0.0), 0.00146903982924244, 0.0014690398292424398)]}
Phi = -b0/r: radial ANEC direct -0.197981 1/m, by parts -0.197981, agree=True

=== C. Morris-Thorne b = r0 (1 + alpha (1 - r0/r)), alpha = 0.5, Phi = 0, r0 = 1 m: positive static density, finite ADM mass M = r0 (1+alpha)/2, NEC still fails ===
r=  1.0 m: rho=1.9894e-02 p_l=-3.9789e-02 p_t=9.9472e-03 rho+p_l=-1.9894e-02  NEC False WEC False
r=  1.5 m: rho=3.9298e-03 p_l=-1.3754e-02 p_t=4.9122e-03 rho+p_l=-9.8244e-03  NEC False WEC False
r=  3.0 m: rho=2.4561e-04 p_l=-1.9649e-03 p_t=8.5963e-04 rho+p_l=-1.7193e-03  NEC False WEC False
r= 10.0 m: rho=1.9894e-06 p_l=-5.7694e-05 p_t=2.7852e-05 rho+p_l=-5.5704e-05  NEC False WEC False
radially boosted observer at throat sees gamma^2 (rho + v^2 p_l) < 0 for v > sqrt(-rho/p_l) = 0.7071 c (expected sqrt(alpha) = 0.7071)
radial ANEC (both sheets): {'anec_geom_per_m': -0.0945688629119337, 'anec_by_parts': -0.0945688629119337, 'boundary_term': 0.0, 'anec_J_per_m2': -1.1445249255230479e+43, 'E': 1.0, 'agree': True}

=== D. Slow-flare family r = b0 + sqrt(l^2+L^2) - L, Phi = 0, b0 = 1 m ===
L/b0=       1: ANEC -1.2500e-01 1/m (by parts -1.2500e-01, agree True); rho+p_l(throat) -7.9577e-02 (expected -1/(4 pi b0 L) = -7.9577e-02); rho(throat) -3.9789e-02
L/b0=      10: ANEC -7.2735e-02 1/m (by parts -7.2735e-02, agree True); rho+p_l(throat) -7.9577e-03 (expected -1/(4 pi b0 L) = -7.9577e-03); rho(throat) 3.1831e-02
L/b0=     100: ANEC -3.0376e-02 1/m (by parts -3.0376e-02, agree True); rho+p_l(throat) -7.9577e-04 (expected -1/(4 pi b0 L) = -7.9577e-04); rho(throat) 3.8993e-02
L/b0=    1000: ANEC -1.0636e-02 1/m (by parts -1.0636e-02, agree True); rho+p_l(throat) -7.9577e-05 (expected -1/(4 pi b0 L) = -7.9577e-05); rho(throat) 3.9709e-02
L/b0=   10000: ANEC -3.4795e-03 1/m (by parts -3.4795e-03, agree True); rho+p_l(throat) -7.9577e-06 (expected -1/(4 pi b0 L) = -7.9577e-06); rho(throat) 3.9781e-02

=== E. Thin-shell wormholes ===
1 Msun = 1476.63 m (geometric)
flat (M = 1e-9 m), a = 1 m: sigma -1.5915e-01 1/m = -1.9262e+43 J/m^2; P 9.6309e+42 N/m; m_s -2.6932e+27 kg
   4D: nec False wec False sec False dec False; surface: nec False (sigma+P=-7.958e-02); shell ANEC -1.5915e-01 1/m = -1.9262e+43 J/m^2
   stability: V''(beta2=0) -2.0000e+00, critical beta2 -0.5000, stable if beta2 < critical
flat, a = 1 km: sigma -1.5915e-04 1/m = -1.9262e+40 J/m^2; P 9.6309e+39 N/m; m_s -2.6932e+30 kg
   4D: nec False wec False sec False dec False; surface: nec False (sigma+P=-7.958e-05); shell ANEC -1.5915e-04 1/m = -1.9262e+40 J/m^2
   stability: V''(beta2=0) -2.0000e-06, critical beta2 -0.5000, stable if beta2 < critical
Schw 1 Msun, a = 2.5M: sigma -1.9281e-05 1/m = -2.3335e+39 J/m^2; P 3.5002e+39 N/m; m_s -4.4462e+30 kg
   4D: nec False wec False sec False dec False; surface: nec True (sigma+P=9.640e-06); shell ANEC -4.3113e-05 1/m = -5.2178e+39 J/m^2
   stability: V''(beta2=0) -2.0546e-07, critical beta2 3.5000, stable if beta2 > critical
Schw 1 Msun, a = 3M: sigma -2.0743e-05 1/m = -2.5104e+39 J/m^2; P 2.5104e+39 N/m; m_s -6.8881e+30 kg
   4D: nec False wec False sec False dec False; surface: nec True (sigma+P=3.388e-21); shell ANEC -3.5928e-05 1/m = -4.3482e+39 J/m^2
   stability: V''(beta2=0) -1.0192e-07, critical beta2 3850318931560092.0000, stable if beta2 > critical
Schw 1 Msun, a = 4M: sigma -1.9054e-05 1/m = -2.3060e+39 J/m^2; P 1.7295e+39 N/m; m_s -1.1248e+31 kg
   4D: nec False wec False sec False dec False; surface: nec False (sigma+P=-4.763e-06); shell ANEC -2.6946e-05 1/m = -3.2611e+39 J/m^2
   stability: V''(beta2=0) -5.0162e-08, critical beta2 -1.7500, stable if beta2 < critical
Schw 1 Msun, a = 10 km: sigma -1.3360e-05 1/m = -1.6169e+39 J/m^2; P 9.7788e+38 N/m; m_s -2.2608e+31 kg
   4D: nec False wec False sec False dec False; surface: nec False (sigma+P=-5.280e-06); shell ANEC -1.5915e-05 1/m = -1.9262e+39 J/m^2
   stability: V''(beta2=0) -1.7666e-08, critical beta2 -0.7929, stable if beta2 < critical

--- stderr ---

