# math_run log
command:  python3 runs/2026-09-30-neutron-lifetime-beam-bottle/math/statistician/M-STATISTICIAN-04.py
started:  2026-09-30T18:03:52Z
duration: 0.7 s
exit:     1
versions: python 3.11.15, sympy 1.14.0, mpmath 1.3.0, numpy 2.4.6, scipy 1.17.1
counts:   28 PASS, 1 FAIL, 0 UNDECIDED

--- stdout ---
PASS 4.16000000000000 == 4.16000000000000: symbolic
proton vs storage: within 24.13/8, between 22.11/1 (z 4.70), total 46.24  lens 24.1/8, 22.1/1, 4.70
PASS 46.2411140000000 == 46.2411140000000: symbolic
PASS 24.1000000000000 == 24.1000000000000: symbolic
PASS 22.1000000000000 == 22.1000000000000: symbolic
PASS 4.70000000000000 == 4.70000000000000: symbolic
proton vs rest: within 24.21/9, between 22.12/1 (z 4.70), total 46.33  lens 24.2/9, 22.1/1, 4.70
PASS 46.3301920000000 == 46.3301920000000: symbolic
PASS 24.2000000000000 == 24.2000000000000: symbolic
PASS 22.1000000000000 == 22.1000000000000: symbolic
PASS 4.70000000000000 == 4.70000000000000: symbolic
beam vs storage: within 29.53/9, between 16.80/1 (z 4.10), total 46.33  lens 29.5/9, 16.8/1, 4.10
PASS 46.3301920000000 == 46.3301920000000: symbolic
PASS 29.5000000000000 == 29.5000000000000: symbolic
PASS 16.8000000000000 == 16.8000000000000: symbolic
PASS 4.10000000000000 == 4.10000000000000: symbolic
three classes: within 24.13/8, between 22.20/2 (z 4.33), total 46.33  lens 24.1/8, 22.2/2, 4.33
PASS 46.3301920000000 == 46.3301920000000: symbolic
PASS 24.1000000000000 == 24.1000000000000: symbolic
PASS 22.2000000000000 == 22.2000000000000: symbolic
PASS 4.33000000000000 == 4.33000000000000: symbolic
four classes: within 8.36/7, between 37.97/3 (z 5.55), total 46.33  lens 8.4/7 p=0.30, 38.0/3, 5.55
PASS 46.3301920000000 == 46.3301920000000: symbolic
PASS 8.40000000000000 == 8.40000000000000: symbolic
PASS 38.0000000000000 == 38.0000000000000: symbolic
PASS 5.55000000000000 == 5.55000000000000: symbolic
PASS 0.300000000000000 == 0.300000000000000: symbolic
all 11: chi2 46.33019170540751 S 2.152444928573261 p 1.2495799623641789e-06
PASS 46.3000000000000 == 46.3000000000000: symbolic
PASS 2.15000000000000 == 2.15000000000000: symbolic
FAIL 0.00000120000000000000 == 0.00000130000000000000: numeric, constants; counterexample (no symbols) = -; lhs = 1.2e-6, rhs = 1.3e-6
dchi2 beam/bottle minus proton/rest 5.32099860327337 LR 14.303429041567346
PASS 5.30000000000000 == 5.30000000000000: symbolic
PASS 14 == 14: symbolic
BL1 vs rest: within 29.17/9, between 17.16/1 (z 4.14), total 46.33  lens within 29.2
PASS 46.3301920000000 == 46.3301920000000: symbolic
PASS 29.2000000000000 == 29.2000000000000: symbolic
BL1-alone minus proton/rest dchi2 4.963453246983811 z-equivalent sqrt 2.2278808870726934
SUMMARY: 28 pass, 1 fail, 0 undecided

--- stderr ---

