# math_run log
command:  python3 runs/2026-09-30-neutron-lifetime-beam-bottle/math/statistician/M-STATISTICIAN-05.py
started:  2026-09-30T18:03:53Z
duration: 1.0 s
exit:     0
versions: python 3.11.15, sympy 1.14.0, mpmath 1.3.0, numpy 2.4.6, scipy 1.17.1
counts:   12 PASS, 0 FAIL, 0 UNDECIDED

--- stdout ---
vs proton: -10.77 +- 4.80, 2.24   (lens: -10.77 +- 4.80, 2.24)
PASS -10.7700000000000 == -10.7700000000000: symbolic
PASS 4.80000000000000 == 4.80000000000000: symbolic
PASS 2.24000000000000 == 2.24000000000000: symbolic
vs BL1: 2.15   (lens: 2.15)
PASS 2.15000000000000 == 2.15000000000000: symbolic
vs storage: -1.12 +- 4.37, 0.26   (lens: -1.12 +- 4.37, 0.26)
PASS -1.12000000000000 == -1.12000000000000: symbolic
PASS 4.37000000000000 == 4.37000000000000: symbolic
PASS 0.260000000000000 == 0.260000000000000: symbolic
S_J: 2.295   (lens: 2.29)
PASS 2.29000000000000 == 2.29000000000000: symbolic
inflated: 1.81 / 0.20   (lens: 1.81 / 0.20)
PASS 1.81000000000000 == 1.81000000000000: symbolic
PASS 0.200000000000000 == 0.200000000000000: symbolic
stat-only chi2: 19.56/3   (lens: 19.6/3)
PASS 19.6000000000000 == 19.6000000000000: symbolic
PASS lim s->oo of x/sqrt(s**2 + 1) == 0: symbolic limit 0
SUMMARY: 12 pass, 0 fail, 0 undecided

--- stderr ---

