# math_run log
command:  python3 runs/2026-09-30-neutron-lifetime-beam-bottle/math/statistician/M-STATISTICIAN-08.py
started:  2026-09-30T18:05:12Z
duration: 0.6 s
exit:     0
versions: python 3.11.15, sympy 1.14.0, mpmath 1.3.0, numpy 2.4.6, scipy 1.17.1
counts:   6 PASS, 0 FAIL, 0 UNDECIDED

--- stdout ---
e3, e2 2.448856244632407 4.349924736292874
PASS 2.45000000000000 == 2.45000000000000: symbolic
PASS 4.35000000000000 == 4.35000000000000: symbolic
k3, k2 1.5672477263962286 2.350871589594343
PASS 1.57000000000000 == 1.57000000000000: symbolic
PASS 2.35000000000000 == 2.35000000000000: symbolic
e2/1.9 = 2.289434071733092 ; quadrature-grown BL1 sys sqrt(1.9^2+e2^2)/1.9 = 2.4983010965078574
Delta/1.9 = 5.077232538231532
PASS 5 == 5: symbolic
PASS lim n->Dl/s of sqrt(Dl**2/n**2 - s**2) == 0: symbolic limit 0
SUMMARY: 6 pass, 0 fail, 0 undecided

--- stderr ---

