# math_run log
command:  python3 runs/2026-09-30-neutron-lifetime-beam-bottle/math/statistician/M-STATISTICIAN-02.py
started:  2026-09-30T18:03:51Z
duration: 0.5 s
exit:     0
versions: python 3.11.15, sympy 1.14.0, mpmath 1.3.0, numpy 2.4.6, scipy 1.17.1
counts:   14 PASS, 0 FAIL, 0 UNDECIDED

--- stdout ---
Delta (s): 9.647 +- 2.084   (lens: 9.65 +- 2.08)
z scaled / unscaled: 4.629 / 4.702   (lens: 4.63 / 4.70)
p2: 3.68e-06   (lens: 3.7e-6)
PASS 9.65000000000000 == 9.65000000000000: symbolic
PASS 2.08000000000000 == 2.08000000000000: symbolic
PASS 4.63000000000000 == 4.63000000000000: symbolic
PASS 4.70000000000000 == 4.70000000000000: symbolic
PASS 0.00000370000000000000 == 0.00000370000000000000: symbolic
fraction: 0.01086386539153028   (lens: 0.0109)
rate s^-1: 1.2368927062051055e-05   (lens: 1.24e-5)
PASS 0.0109000000000000 == 0.0109000000000000: symbolic
PASS 0.0000124000000000000 == 0.0000124000000000000: symbolic
PASS -1/b + 1/a == (-a + b)/(a*b): symbolic
PASS series of -1/(Dl + a) + 1/a about Dl = 0 to order 2 == Dl/a**2: symbolic: Dl/a**2
PASS 1/(878.32 s) - 1/(887.97 s) has the dimension of Hz: dimensional analysis
PASS 1/(878.32 s) - 1/(887.97 s) == 1.2373e-5 Hz: within 0.001; 1.2373e-05 vs 1.2373e-05 (SI)
BL1 Yue13 vs storage z: 4.099   (lens: 4.10)
PASS 4.10000000000000 == 4.10000000000000: symbolic
Sussex-ILL Byrne96 vs storage z: 2.238   (lens: 2.24)
PASS 2.24000000000000 == 2.24000000000000: symbolic
2018 gap z: 4.119   (lens: 4.12)
PASS 4.12000000000000 == 4.12000000000000: symbolic
SUMMARY: 14 pass, 0 fail, 0 undecided

--- stderr ---

