# math_run log
command:  python3 runs/2026-09-30-neutron-lifetime-beam-bottle/math/statistician/M-STATISTICIAN-14.py
started:  2026-09-30T18:06:48Z
duration: 0.6 s
exit:     1
versions: python 3.11.15, sympy 1.14.0, mpmath 1.3.0, numpy 2.4.6, scipy 1.17.1
counts:   20 PASS, 2 FAIL, 0 UNDECIDED

--- stdout ---
PASS 3.22000000000000 == 3.22000000000000: symbolic
PASS 1.93000000000000 == 1.93000000000000: symbolic
PASS 3.19000000000000 == 3.19000000000000: symbolic
PASS 1.88000000000000 == 1.88000000000000: symbolic
PASS 2.49000000000000 == 2.49000000000000: symbolic
PASS 1.9300000000000002 < 2.04000000000000: symbolic, constant
BL2/LiNA 1.0 s: 8.87 / 4.25 (lens 8.8 / 4.2)
FAIL 8.90000000000000 == 8.80000000000000: numeric, constants; counterexample (no symbols) = -; lhs = 8.9, rhs = 8.8
PASS 4.20000000000000 == 4.20000000000000: symbolic
BL3 0.3 s: 18.41 / 4.68 (lens 18 / 4.7)
PASS 18 == 18: symbolic
PASS 4.70000000000000 == 4.70000000000000: symbolic
UCNProBe 1.5 s: 6.18 / 3.81 (lens 6.2 / 3.8)
PASS 6.20000000000000 == 6.20000000000000: symbolic
PASS 3.80000000000000 == 3.80000000000000: symbolic
UCNProBe 2.0 s: 4.72 / 3.38 (lens 4.7 / 3.4)
PASS 4.70000000000000 == 4.70000000000000: symbolic
PASS 3.40000000000000 == 3.40000000000000: symbolic
LiNA vs proton pole at 0.9 s 7.172788511285154
PASS 7 == 7: symbolic
BL1-type floor (sys 1.9 s, stat -> 0, gap held at 9.65 s) 4.953670838760086
PASS 4.95000000000000 == 4.95000000000000: symbolic
5 sigma: sigma_lambda <= 0.00156 (lens 0.00156); rel 0.1221%; naive D/n/dtdl = 0.00169
PASS 0.00156000000000000 == 0.00156000000000000: symbolic
3 sigma: sigma_lambda <= 0.00274 (lens 0.00274); rel 0.2145%; naive D/n/dtdl = 0.00281
PASS 0.00274000000000000 == 0.00274000000000000: symbolic
Nab 5 sigma threshold 0.0018392074380015136 0.0014518530454700929
PASS 0.00180000000000000 == 0.00180000000000000: symbolic
FAIL 0.150000000000000 == 0.140000000000000: numeric, constants; counterexample (no symbols) = -; lhs = 0.15, rhs = 0.14
Nab at 0.0005: 12.825880331191431
PASS 13 == 13: symbolic
PASS lim s->0 of 9.65/sqrt(s**2 + 1849/10000) == 22.4418604651163: symbolic limit 965/43
SUMMARY: 20 pass, 2 fail, 0 undecided

--- stderr ---

