# math_run log
command:  python3 runs/2026-09-30-neutron-lifetime-beam-bottle/math/statistician/M-STATISTICIAN-09.py
started:  2026-09-30T18:05:12Z
duration: 0.6 s
exit:     0
versions: python 3.11.15, sympy 1.14.0, mpmath 1.3.0, numpy 2.4.6, scipy 1.17.1
counts:   8 PASS, 0 FAIL, 0 UNDECIDED

--- stdout ---
material-magnetic 2.217586927579191 0.7510408627640406 2.9526847839115575
PASS 2.22000000000000 == 2.22000000000000: symbolic
PASS 0.750000000000000 == 0.750000000000000: symbolic
PASS 2.95000000000000 == 2.95000000000000: symbolic
Serebrov18 vs Musedinovic25: symmetrized 3.8106081517250554 facing side 3.7988646394704846
PASS 3.80000000000000 == 3.80000000000000: symbolic
per-year (877.8217898125118, 0.2178105836967236, 6.6652495434659045, 4, 1.2908572290793727) p 0.1546715828091879
PASS 6.67000000000000 == 6.67000000000000: symbolic
PASS 0.155000000000000 == 0.155000000000000: symbolic
PASS 1.29000000000000 == 1.29000000000000: symbolic
2020-2022 2.3276009219634193
PASS 2.30000000000000 == 2.30000000000000: symbolic
SUMMARY: 8 pass, 0 fail, 0 undecided

--- stderr ---

