# math_run log
command:  python3 runs/2026-09-29-problem-of-time-quantum-gravity/math/dialectician/M-DIALECTICIAN-01.py
started:  2026-09-29T23:59:57Z
duration: 1.1 s
exit:     0
versions: python 3.11.15, sympy 1.14.0, mpmath 1.3.0, numpy 2.4.6, scipy 1.17.1
counts:   11 PASS, 0 FAIL, 0 UNDECIDED

--- stdout ---
dim ker J = 2
PASS naive joint N = 0 at all distinct lattice pairs (d=8): numeric (numpy); max N = 2.97e-32; lattice step 0.785398 s
PASS sum_b naive conditional = Fejer kernel at t1=0.0, tau=0.2: numeric (numpy); 0.8067477 vs 0.8067477
PASS naive conditional P(1|0) = 0 at tau=0.2: numeric (numpy); 0.00e+00
PASS sum_b naive conditional = Fejer kernel at t1=0.3, tau=1.3: numeric (numpy); 0.0332974 vs 0.0332974
PASS naive conditional P(1|0) = 0 at tau=1.3: numeric (numpy); 0.00e+00
PASS sum_b naive conditional = Fejer kernel at t1=1.1, tau=0.5: numeric (numpy); 0.2110662 vs 0.2110662
PASS naive conditional P(1|0) = 0 at tau=0.5: numeric (numpy); 0.00e+00
PASS Fejer kernel at tau=0.2 s equals quoted 0.8067477: numeric (numpy); 0.80674770
PASS 7*cos(x)/32 + 3*cos(2*x)/16 + 5*cos(3*x)/32 + cos(4*x)/8 + 3*cos(5*x)/32 + cos(6*x)/16 + cos(7*x)/32 + 1/8 == sin(4*x)**2/(64*sin(x/2)**2): numeric at 50 points, x in [0.05, 3]
PASS lim x->0 of sin(4*x)**2/(64*sin(x/2)**2) == 1: symbolic limit 1
PASS (1 rad/s) * (0.2 s) has the dimension of dimensionless: dimensional analysis
SUMMARY: 11 pass, 0 fail, 0 undecided

--- stderr ---

