# math_run log
command:  python3 runs\2026-10-03-traversable-wormhole-shortcuts\math\dialectician\M-DIALECTICIAN-04.py
started:  2026-10-08T12:07:18Z
duration: 1.3 s
exit:     0
versions: python 3.14.6, sympy 1.14.0, mpmath 1.3.0, numpy 2.5.2, scipy 1.18.0
counts:   9 PASS, 0 FAIL, 0 UNDECIDED

--- stdout ---
PASS Delta == Delta: symbolic
PASS L == L: symbolic
T_uu = -pi*c_cft/(12*Delta**2 - 24*Delta*L + 12*L**2)    T_vv = -pi*c_cft/(12*Delta**2 + 24*Delta*L + 12*L**2)    T_uv = 0
PASS -pi*c_cft/(12*Delta**2 - 24*Delta*L + 12*L**2) == -pi*c_cft/(12*(-Delta + L)**2): symbolic
PASS -pi*c_cft/(12*Delta**2 + 24*Delta*L + 12*L**2) == -pi*c_cft/(12*(Delta + L)**2): symbolic
PASS 0 == 0: symbolic
PASS lim Delta->0 of -pi*c_cft/(12*Delta**2 - 24*Delta*L + 12*L**2) == -pi*c_cft/(12*L**2): symbolic limit -pi*c_cft/(12*L**2)
spot T_-- at L=1, Delta=0.9: -26.1799387799150
PASS -26.1800000000000 == -26.1800000000000: symbolic
PASS 12*L**2/(12*Delta**2 - 24*Delta*L + 12*L**2) == L**2/(-Delta + L)**2: symbolic
PASS -pi*c_cft/(12*Delta**2 - 24*Delta*L + 12*L**2) is negative: numeric at 50 points, Delta in [0, 0.99], L in [1, 10], c_cft in [0.1, 10]
SUMMARY: 9 pass, 0 fail, 0 undecided

--- stderr ---

