# math_run log
command:  python3 runs\2026-10-03-traversable-wormhole-shortcuts\math\dialectician\M-DIALECTICIAN-01.py
started:  2026-10-08T12:05:23Z
duration: 1.1 s
exit:     0
versions: python 3.14.6, sympy 1.14.0, mpmath 1.3.0, numpy 2.5.2, scipy 1.18.0
counts:   10 PASS, 0 FAIL, 0 UNDECIDED

--- stdout ---
PASS -Delta + T == -Delta + T: symbolic
PASS Delta + T == Delta + T: symbolic
PASS T - d == T - d: symbolic
PASS T + d == T + d: symbolic
PASS 2*d == 2*d: symbolic
PASS 2*d is positive: symbolic, d in [0.1, 10]
PASS eps is positive: symbolic, eps in [0.1, 10]
PASS lim Delta->0 of -Delta + T == T: symbolic limit T
PASS Lg == Lg: symbolic
PASS 9424.78 yr - 1000 ly / c == 8424.78 yr: within 0.001; 2.65866e+11 vs 2.65866e+11 (SI)
SUMMARY: 10 pass, 0 fail, 0 undecided

--- stderr ---

