# math_run log
command:  python3 runs\2026-10-03-traversable-wormhole-shortcuts\math\dialectician\M-DIALECTICIAN-03.py
started:  2026-10-08T12:06:06Z
duration: 5.7 s
exit:     0
versions: python 3.14.6, sympy 1.14.0, mpmath 1.3.0, numpy 2.5.2, scipy 1.18.0
counts:   6 PASS, 0 FAIL, 0 UNDECIDED

--- stdout ---
T=3.0, d=1.0: Delta_s=2.0, Delta_ctc=4.0
Delta= 0.00: throat segment chronal   | complete, on axis chronal   | complete, straight at 60 deg chronal   | complete, bent 90 deg chronal
Delta= 1.00: throat segment chronal   | complete, on axis chronal   | complete, straight at 60 deg chronal   | complete, bent 90 deg chronal
Delta= 1.90: throat segment chronal   | complete, on axis chronal   | complete, straight at 60 deg chronal   | complete, bent 90 deg chronal
Delta= 2.05: throat segment achronal  | complete, on axis achronal  | complete, straight at 60 deg chronal   | complete, bent 90 deg chronal
Delta= 2.50: throat segment achronal  | complete, on axis achronal  | complete, straight at 60 deg achronal  | complete, bent 90 deg chronal
Delta= 3.00: throat segment achronal  | complete, on axis achronal  | complete, straight at 60 deg achronal  | complete, bent 90 deg chronal
Delta= 3.50: throat segment achronal  | complete, on axis achronal  | complete, straight at 60 deg achronal  | complete, bent 90 deg chronal
Delta= 3.95: throat segment achronal  | complete, on axis achronal  | complete, straight at 60 deg achronal  | complete, bent 90 deg chronal
Delta= 4.10: throat segment CTC       | complete, on axis CTC       | complete, straight at 60 deg CTC       | complete, bent 90 deg CTC
PASS 1 == 1: symbolic
PASS 1 == 1: symbolic
off-axis straight geodesic at 60 deg is chronal for Delta - Delta_s < d(1-cos th) = 0.4999999999999999
PASS 1 == 1: symbolic
PASS 1 == 1: symbolic
PASS 1 == 1: symbolic
PASS e is positive: symbolic, e in [0.1, 10]
SUMMARY: 6 pass, 0 fail, 0 undecided

--- stderr ---

