# math_run log
command:  python3 runs\2026-10-03-traversable-wormhole-shortcuts\math\dialectician\M-DIALECTICIAN-07.py
started:  2026-10-08T12:08:11Z
duration: 9.4 s
exit:     0
versions: python 3.14.6, sympy 1.14.0, mpmath 1.3.0, numpy 2.5.2, scipy 1.18.0
counts:   7 PASS, 0 FAIL, 1 UNDECIDED

--- stdout ---
PASS -x/(delta + x)**2 - x/(delta - x)**2 + x**(-2) == -x*((delta + x)**(-2) + (-delta + x)**(-2)) + x**(-2): symbolic
PASS lim delta->0 of -x*((delta + x)**(-2) + (-delta + x)**(-2)) + x**(-2) == -2/x + x**(-2): symbolic limit (1 - 2*x)/x**2
PASS -G*q**2/(256*r_e**3) == -G*q**2/(256*r_e**3): symbolic
delta = 0.05: local min at x = 0.9768 (claim 0.977), f'' = 2.09
PASS 0.977000000000000 == 0.977000000000000: symbolic
delta = 0.1: local min at x = 0.8960 (claim 0.896), f'' = 2.44
PASS 0.896000000000000 == 0.896000000000000: symbolic
critical: delta_c = 0.14948, x_c = 0.5825, f'(x_c) = -2.18e-06 (claim delta_c = 0.1495)
PASS 0.149500000000000 == 0.149500000000000: symbolic
delta = 0.16: min f'(x) on (delta, 3] = 0.154 (> 0 means no stationary point, monotone)
PASS 1 == 1: symbolic
UNDECIDED lim x->4/25 of -x*((x + 4/25)**(-2) + (x - 4/25)**(-2)) + x**(-2) == -oo: symbolic limit -oo
SUMMARY: 7 pass, 0 fail, 1 undecided

--- stderr ---

