# math_run log
command:  python3 runs/2026-09-30-neutron-lifetime-beam-bottle/math/mechanist/M-MECHANIST-01.py
started:  2026-09-30T18:16:46Z
duration: 0.6 s
exit:     0
versions: python 3.11.15, sympy 1.14.0, mpmath 1.3.0, numpy 2.4.6, scipy 1.17.1
counts:   14 PASS, 0 FAIL, 0 UNDECIDED

--- stdout ---
proton-beam mean = 887.966 +- 2.038 s
gap = 10.146 s, fraction of beam = 1.1426 %, fraction of UCNtau = 1.1558 %
rate = 1.3016e-05 s^-1, time constant = 7.6827e+04 s = 0.889 d
BL1 alone gap = 9.88 s (1.113 %)
vs Gravitrap gap = 6.47 s (0.728 %)
PASS 887.965882765883 s == 887.97 s: within 2e-05; 887.966 vs 887.97 (SI)
PASS 2.0383477021502867 s == 2.04 s: within 0.005; 2.03835 vs 2.04 (SI)
PASS 10.145882765882902 s == 10.15 s: within 0.001; 10.1459 vs 10.15 (SI)
PASS 0.011425982645053852 == 0.01143: within 0.001; 0.011426 vs 0.01143 (SI)
PASS 1.3016316152575499e-05 Hz == 1.30e-5 Hz: within 0.005; 1.30163e-05 vs 1.3e-05 (SI)
PASS 76826.65266256098 s == 7.7e4 s: within 0.005; 76826.7 vs 77000 (SI)
PASS 0.8891973687796411 == 0.89: within 0.006; 0.889197 vs 0.89 (SI)
PASS 9.879999999999995 s == 9.88 s: within 0.001; 9.88 vs 9.88 (SI)
PASS 0.01112988622282302 == 0.0111: within 0.005; 0.0111299 vs 0.0111 (SI)
PASS 6.465882765882952 s == 6.5 s: within 0.01; 6.46588 vs 6.5 (SI)
PASS 0.007281679275494999 == 0.0073: within 0.01; 0.00728168 vs 0.0073 (SI)
PASS -1/b + 1/a == (-a + b)/(a*b): symbolic
PASS series of -1/(a + d) + 1/a about d = 0 to order 2 == d/a**2: symbolic: d/a**2
PASS 10.15 s / (877.82 s * 887.97 s) has the dimension of Hz: dimensional analysis
SUMMARY: 14 pass, 0 fail, 0 undecided

--- stderr ---

