# math_run log
command:  python3 runs/2026-09-30-neutron-lifetime-beam-bottle/math/mechanist/M-MECHANIST-11.py
started:  2026-09-30T18:20:01Z
duration: 0.6 s
exit:     0
versions: python 3.11.15, sympy 1.14.0, mpmath 1.3.0, numpy 2.4.6, scipy 1.17.1
counts:   10 PASS, 0 FAIL, 0 UNDECIDED

--- stdout ---
P^2 = 1.277e-04; excess = 5.108e+03
PASS 0.00012769 == 1.3e-4: within 0.03; 0.00012769 vs 0.00013 (SI)
PASS 5107.6 == 5.1e3: within 0.01; 5107.6 vs 5100 (SI)
P cap = 1.581e-04; beam shift cap = 0.1388 s = 1.37 % of gap
PASS 0.00015811388300841897 == 1.6e-4: within 0.02; 0.000158114 vs 0.00016 (SI)
PASS 0.13881747775301242 s == 0.14 s: within 0.02; 0.138817 vs 0.14 (SI)
PASS 0.013676598793400238 == 0.014: within 0.03; 0.0136766 vs 0.014 (SI)
per-bounce <P> = 5.511e-06; Dm*t_f/hbar at t_f = 0.02 s: 8.51e+06 (>> 1: averaging valid)
PASS 5.511139254018686e-06 == 5.5e-6: within 0.01; 5.51114e-06 vs 5.5e-06 (SI)
rate at 5/s = 2.756e-05 s^-1
PASS 2.755569627009343e-05 Hz == 2.8e-5 Hz: within 0.02; 2.75557e-05 vs 2.8e-05 (SI)
rate at 50/s = 2.756e-04 s^-1
PASS 0.0002755569627009343 Hz == 2.8e-4 Hz: within 0.02; 0.000275557 vs 0.00028 (SI)
PASS A/B == A/B: symbolic
PASS 0.004837788259962683 < 0.0100000000000000: symbolic, constant
SUMMARY: 10 pass, 0 fail, 0 undecided

--- stderr ---

